src/components/forms/SubmissionDetail.tsx(43,11): error TS17008: JSX element 'AuthorAssetProvider' has no corresponding closing tag.
src/components/forms/SubmissionDetail.tsx(46,1): error TS1381: Unexpected token. Did you mean `{'}'}` or `&rbrace;`?
src/components/forms/SubmissionDetail.tsx(47,52): error TS1005: '}' expected.
src/components/forms/SubmissionDetail.tsx(47,74): error TS1382: Unexpected token. Did you mean `{'>'}` or `&gt;`?
src/components/forms/SubmissionDetail.tsx(47,95): error TS1382: Unexpected token. Did you mean `{'>'}` or `&gt;`?
src/components/forms/SubmissionDetail.tsx(47,102): error TS1381: Unexpected token. Did you mean `{'}'}` or `&rbrace;`?
src/components/forms/SubmissionDetail.tsx(48,3): error TS1109: Expression expected.
src/components/forms/SubmissionDetail.tsx(50,36): error TS1003: Identifier expected.
src/components/forms/SubmissionDetail.tsx(50,102): error TS1382: Unexpected token. Did you mean `{'>'}` or `&gt;`?
src/components/forms/SubmissionDetail.tsx(51,50): error TS1382: Unexpected token. Did you mean `{'>'}` or `&gt;`?
src/components/forms/SubmissionDetail.tsx(51,54): error TS1109: Expression expected.
src/components/forms/SubmissionDetail.tsx(51,183): error TS1381: Unexpected token. Did you mean `{'}'}` or `&rbrace;`?
src/components/forms/SubmissionDetail.tsx(54,96): error TS1003: Identifier expected.
src/components/forms/SubmissionDetail.tsx(54,113): error TS1382: Unexpected token. Did you mean `{'>'}` or `&gt;`?
src/components/forms/SubmissionDetail.tsx(55,30): error TS1003: Identifier expected.
src/components/forms/SubmissionDetail.tsx(55,32): error TS1005: '...' expected.
src/components/forms/SubmissionDetail.tsx(55,39): error TS1005: '}' expected.
src/components/forms/SubmissionDetail.tsx(55,61): error TS1381: Unexpected token. Did you mean `{'}'}` or `&rbrace;`?
src/components/forms/SubmissionDetail.tsx(55,69): error TS1382: Unexpected token. Did you mean `{'>'}` or `&gt;`?
src/components/forms/SubmissionDetail.tsx(56,26): error TS17008: JSX element 'UploadCache' has no corresponding closing tag.
src/components/forms/SubmissionDetail.tsx(56,80): error TS17008: JSX element 'Record' has no corresponding closing tag.
src/components/forms/SubmissionDetail.tsx(60,70): error TS1382: Unexpected token. Did you mean `{'>'}` or `&gt;`?
src/components/forms/SubmissionDetail.tsx(65,5): error TS1109: Expression expected.
src/components/forms/SubmissionDetail.tsx(65,39): error TS1005: '}' expected.
src/components/forms/SubmissionDetail.tsx(65,142): error TS1381: Unexpected token. Did you mean `{'}'}` or `&rbrace;`?
src/components/forms/SubmissionDetail.tsx(66,3): error TS1381: Unexpected token. Did you mean `{'}'}` or `&rbrace;`?
src/components/forms/SubmissionDetail.tsx(67,63): error TS1005: '}' expected.
src/components/forms/SubmissionDetail.tsx(67,139): error TS1381: Unexpected token. Did you mean `{'}'}` or `&rbrace;`?
src/components/forms/SubmissionDetail.tsx(69,5): error TS1109: Expression expected.
src/components/forms/SubmissionDetail.tsx(71,3): error TS1381: Unexpected token. Did you mean `{'}'}` or `&rbrace;`?
src/components/forms/SubmissionDetail.tsx(74,5): error TS1109: Expression expected.
src/components/forms/SubmissionDetail.tsx(75,35): error TS1005: '}' expected.
src/components/forms/SubmissionDetail.tsx(75,43): error TS1381: Unexpected token. Did you mean `{'}'}` or `&rbrace;`?
src/components/forms/SubmissionDetail.tsx(78,53): error TS1005: '}' expected.
src/components/forms/SubmissionDetail.tsx(79,5): error TS1381: Unexpected token. Did you mean `{'}'}` or `&rbrace;`?
src/components/forms/SubmissionDetail.tsx(81,3): error TS1381: Unexpected token. Did you mean `{'}'}` or `&rbrace;`?
src/components/forms/SubmissionDetail.tsx(83,5): error TS1109: Expression expected.
src/components/forms/SubmissionDetail.tsx(86,51): error TS1382: Unexpected token. Did you mean `{'>'}` or `&gt;`?
src/components/forms/SubmissionDetail.tsx(88,45): error TS1382: Unexpected token. Did you mean `{'>'}` or `&gt;`?
src/components/forms/SubmissionDetail.tsx(90,3): error TS1381: Unexpected token. Did you mean `{'}'}` or `&rbrace;`?
src/components/forms/SubmissionDetail.tsx(92,27): error TS1005: '}' expected.
src/components/forms/SubmissionDetail.tsx(94,7): error TS1109: Expression expected.
src/components/forms/SubmissionDetail.tsx(95,9): error TS1109: Expression expected.
src/components/forms/SubmissionDetail.tsx(100,11): error TS1109: Expression expected.
src/components/forms/SubmissionDetail.tsx(100,65): error TS1005: '}' expected.
src/components/forms/SubmissionDetail.tsx(100,86): error TS1381: Unexpected token. Did you mean `{'}'}` or `&rbrace;`?
src/components/forms/SubmissionDetail.tsx(101,62): error TS1382: Unexpected token. Did you mean `{'>'}` or `&gt;`?
src/components/forms/SubmissionDetail.tsx(102,9): error TS1381: Unexpected token. Did you mean `{'}'}` or `&rbrace;`?
src/components/forms/SubmissionDetail.tsx(103,53): error TS1005: '}' expected.
src/components/forms/SubmissionDetail.tsx(103,94): error TS1005: '}' expected.
src/components/forms/SubmissionDetail.tsx(103,125): error TS1381: Unexpected token. Did you mean `{'}'}` or `&rbrace;`?
src/components/forms/SubmissionDetail.tsx(103,128): error TS1381: Unexpected token. Did you mean `{'}'}` or `&rbrace;`?
src/components/forms/SubmissionDetail.tsx(104,7): error TS1381: Unexpected token. Did you mean `{'}'}` or `&rbrace;`?
src/components/forms/SubmissionDetail.tsx(105,97): error TS1005: '}' expected.
src/components/forms/SubmissionDetail.tsx(106,16): error TS1005: '}' expected.
src/components/forms/SubmissionDetail.tsx(107,7): error TS1381: Unexpected token. Did you mean `{'}'}` or `&rbrace;`?
src/components/forms/SubmissionDetail.tsx(107,10): error TS1381: Unexpected token. Did you mean `{'}'}` or `&rbrace;`?
src/components/forms/SubmissionDetail.tsx(108,69): error TS1005: '}' expected.
src/components/forms/SubmissionDetail.tsx(109,16): error TS1005: '}' expected.
src/components/forms/SubmissionDetail.tsx(109,67): error TS1005: '}' expected.
src/components/forms/SubmissionDetail.tsx(109,84): error TS1381: Unexpected token. Did you mean `{'}'}` or `&rbrace;`?
src/components/forms/SubmissionDetail.tsx(110,7): error TS1381: Unexpected token. Did you mean `{'}'}` or `&rbrace;`?
src/components/forms/SubmissionDetail.tsx(110,10): error TS1381: Unexpected token. Did you mean `{'}'}` or `&rbrace;`?
src/components/forms/SubmissionDetail.tsx(112,5): error TS1381: Unexpected token. Did you mean `{'}'}` or `&rbrace;`?
src/components/forms/SubmissionDetail.tsx(112,36): error TS1005: '}' expected.
src/components/forms/SubmissionDetail.tsx(112,38): error TS1381: Unexpected token. Did you mean `{'}'}` or `&rbrace;`?
src/components/forms/SubmissionDetail.tsx(112,64): error TS1005: '}' expected.
src/components/forms/SubmissionDetail.tsx(112,87): error TS1381: Unexpected token. Did you mean `{'}'}` or `&rbrace;`?
src/components/forms/SubmissionDetail.tsx(113,3): error TS1381: Unexpected token. Did you mean `{'}'}` or `&rbrace;`?
src/components/forms/SubmissionDetail.tsx(115,27): error TS1005: '}' expected.
src/components/forms/SubmissionDetail.tsx(117,7): error TS1109: Expression expected.
src/components/forms/SubmissionDetail.tsx(117,44): error TS1005: '}' expected.
src/components/forms/SubmissionDetail.tsx(117,83): error TS1005: '}' expected.
src/components/forms/SubmissionDetail.tsx(117,105): error TS1381: Unexpected token. Did you mean `{'}'}` or `&rbrace;`?
src/components/forms/SubmissionDetail.tsx(117,113): error TS1381: Unexpected token. Did you mean `{'}'}` or `&rbrace;`?
src/components/forms/SubmissionDetail.tsx(118,89): error TS1005: '}' expected.
src/components/forms/SubmissionDetail.tsx(118,111): error TS1381: Unexpected token. Did you mean `{'}'}` or `&rbrace;`?
src/components/forms/SubmissionDetail.tsx(120,15): error TS1005: '}' expected.
src/components/forms/SubmissionDetail.tsx(120,92): error TS1005: '}' expected.
src/components/forms/SubmissionDetail.tsx(120,119): error TS1381: Unexpected token. Did you mean `{'}'}` or `&rbrace;`?
src/components/forms/SubmissionDetail.tsx(121,7): error TS1381: Unexpected token. Did you mean `{'}'}` or `&rbrace;`?
src/components/forms/SubmissionDetail.tsx(122,5): error TS1381: Unexpected token. Did you mean `{'}'}` or `&rbrace;`?
src/components/forms/SubmissionDetail.tsx(122,36): error TS1005: '}' expected.
src/components/forms/SubmissionDetail.tsx(122,38): error TS1381: Unexpected token. Did you mean `{'}'}` or `&rbrace;`?
src/components/forms/SubmissionDetail.tsx(122,64): error TS1005: '}' expected.
src/components/forms/SubmissionDetail.tsx(122,66): error TS1381: Unexpected token. Did you mean `{'}'}` or `&rbrace;`?
src/components/forms/SubmissionDetail.tsx(123,3): error TS1381: Unexpected token. Did you mean `{'}'}` or `&rbrace;`?
src/components/forms/SubmissionDetail.tsx(201,1): error TS1381: Unexpected token. Did you mean `{'}'}` or `&rbrace;`?
src/components/forms/SubmissionDetail.tsx(202,1): error TS1005: '</' expected.
