src/components/forms/QuestionMaterialsEditor.tsx(43,22): error TS2345: Argument of type '({ materialType: "LINK"; orderNumber: number; fileKey: null; linkLabel: string; linkUrl: string; } | { materialType: "FILE"; orderNumber: number; fileKey: string; linkLabel: null; linkUrl: null; })[]' is not assignable to parameter of type '{ materialType: "LINK"; orderNumber: number; fileKey: null; linkLabel: string; linkUrl: string; }[]'.
  Type '{ materialType: "LINK"; orderNumber: number; fileKey: null; linkLabel: string; linkUrl: string; } | { materialType: "FILE"; orderNumber: number; fileKey: string; linkLabel: null; linkUrl: null; }' is not assignable to type '{ materialType: "LINK"; orderNumber: number; fileKey: null; linkLabel: string; linkUrl: string; }'.
    Type '{ materialType: "FILE"; orderNumber: number; fileKey: string; linkLabel: null; linkUrl: null; }' is not assignable to type '{ materialType: "LINK"; orderNumber: number; fileKey: null; linkLabel: string; linkUrl: string; }'.
      Types of property 'materialType' are incompatible.
        Type '"FILE"' is not assignable to type '"LINK"'.
src/components/forms/QuestionMaterialsEditor.tsx(50,75): error TS2345: Argument of type '({ materialType: "LINK"; orderNumber: number; fileKey: null; linkLabel: string; linkUrl: string; } | { materialType: "FILE"; orderNumber: number; fileKey: string; linkLabel: null; linkUrl: null; })[]' is not assignable to parameter of type '{ materialType: "LINK"; orderNumber: number; fileKey: null; linkLabel: string; linkUrl: string; }[]'.
  Type '{ materialType: "LINK"; orderNumber: number; fileKey: null; linkLabel: string; linkUrl: string; } | { materialType: "FILE"; orderNumber: number; fileKey: string; linkLabel: null; linkUrl: null; }' is not assignable to type '{ materialType: "LINK"; orderNumber: number; fileKey: null; linkLabel: string; linkUrl: string; }'.
    Type '{ materialType: "FILE"; orderNumber: number; fileKey: string; linkLabel: null; linkUrl: null; }' is not assignable to type '{ materialType: "LINK"; orderNumber: number; fileKey: null; linkLabel: string; linkUrl: string; }'.
      Types of property 'materialType' are incompatible.
        Type '"FILE"' is not assignable to type '"LINK"'.
src/components/forms/QuestionMaterialsEditor.tsx(59,16): error TS2345: Argument of type '({ materialType: "LINK"; orderNumber: number; fileKey: null; linkLabel: string; linkUrl: string; } | { materialType: "FILE"; orderNumber: number; fileKey: string; linkLabel: null; linkUrl: null; })[]' is not assignable to parameter of type '{ materialType: "LINK"; orderNumber: number; fileKey: null; linkLabel: string; linkUrl: string; }[]'.
  Type '{ materialType: "LINK"; orderNumber: number; fileKey: null; linkLabel: string; linkUrl: string; } | { materialType: "FILE"; orderNumber: number; fileKey: string; linkLabel: null; linkUrl: null; }' is not assignable to type '{ materialType: "LINK"; orderNumber: number; fileKey: null; linkLabel: string; linkUrl: string; }'.
    Type '{ materialType: "FILE"; orderNumber: number; fileKey: string; linkLabel: null; linkUrl: null; }' is not assignable to type '{ materialType: "LINK"; orderNumber: number; fileKey: null; linkLabel: string; linkUrl: string; }'.
      Types of property 'materialType' are incompatible.
        Type '"FILE"' is not assignable to type '"LINK"'.
src/server/author-asset-validation.ts(199,26): error TS2345: Argument of type 'Buffer<ArrayBufferLike> | undefined' is not assignable to parameter of type 'Buffer<ArrayBufferLike>'.
  Type 'undefined' is not assignable to type 'Buffer<ArrayBufferLike>'.
src/server/author-asset-validation.ts(218,18): error TS18048: 'typeBytes' is possibly 'undefined'.
src/server/author-asset-validation.ts(225,69): error TS2345: Argument of type 'string | undefined' is not assignable to parameter of type 'string'.
  Type 'undefined' is not assignable to type 'string'.
src/server/author-asset-validation.ts(233,36): error TS18048: 'relationships' is possibly 'undefined'.
src/server/author-asset-validation.ts(240,19): error TS18048: 'document' is possibly 'undefined'.
src/server/author-asset-validation.ts(241,43): error TS18048: 'document' is possibly 'undefined'.
src/server/author-asset-validation.ts(277,24): error TS2454: Variable 'expanded' is used before being assigned.
src/server/author-asset-validation.ts(278,11): error TS2454: Variable 'expanded' is used before being assigned.
tests/server/author-asset-contract.test.ts(43,62): error TS2339: Property 'materialList' does not exist on type '{ id: string; type: "단문형 답변" | "이메일" | "이메일 직접 입력" | "장문형 답변" | "연락처" | "객관식 답변" | "체크박스" | "행렬형 단일 선택" | "행렬형 복수 선택" | "직접 그리기" | "파일 업로드" | "드롭다운" | "날짜" | "생년월일" | "주소" | "해외 주소"; ... 10 more ...; selectionLimits?: { ...; } | undefined; }'.
