▲ Next.js 16.3.8 (Turbopack)
- Environments: .env.local
✓ Running next.config.ts took 17ms

  Creating an optimized production build ...
✓ Compiled successfully in 12.3s
  Running TypeScript ...
  Finished TypeScript in 16.4s ...
  Collecting page data using 7 workers ...
  Generating static pages using 7 workers (0/79) ...
  Generating static pages using 7 workers (19/79) 
  Generating static pages using 7 workers (39/79) 
  Generating static pages using 7 workers (59/79) 
✓ Generating static pages using 7 workers (79/79) in 232ms
  Finalizing page optimization ...

Route (app)
┌ ○ /_not-found
├ ƒ /[[...slug]]
├ ƒ /api/v1/access-requests
├ ƒ /api/v1/access-requests/[id]
├ ƒ /api/v1/activity-reviews
├ ƒ /api/v1/activity-reviews/[id]
├ ƒ /api/v1/activity-reviews/[id]/actions
├ ƒ /api/v1/activity-reviews/[id]/destruction
├ ƒ /api/v1/activity-reviews/[id]/notifications
├ ƒ /api/v1/admin/guides
├ ƒ /api/v1/admin/guides/[id]
├ ƒ /api/v1/admin/notices
├ ƒ /api/v1/admin/notices/[id]
├ ƒ /api/v1/admin/plans
├ ƒ /api/v1/admin/plans/[id]
├ ƒ /api/v1/analytics/closes
├ ƒ /api/v1/analytics/closes/[id]/export
├ ƒ /api/v1/analytics/collect-destruction
├ ƒ /api/v1/analytics/collect-destruction/export
├ ƒ /api/v1/analytics/dashboard
├ ƒ /api/v1/analytics/exports
├ ƒ /api/v1/analytics/exports/[...segments]
├ ƒ /api/v1/analytics/marketing
├ ƒ /api/v1/analytics/privacy
├ ƒ /api/v1/approvals
├ ƒ /api/v1/approvals/[...segments]
├ ƒ /api/v1/assets
├ ƒ /api/v1/audit-events
├ ƒ /api/v1/audit-events/export
├ ƒ /api/v1/auth/[...all]
├ ƒ /api/v1/auth/org/email-register
├ ƒ /api/v1/auth/org/login
├ ƒ /api/v1/auth/sso/[providerId]
├ ƒ /api/v1/auth/sso/callback
├ ƒ /api/v1/auth/sso/saml
├ ƒ /api/v1/billing-history
├ ƒ /api/v1/billing/closing
├ ƒ /api/v1/billing/methods
├ ƒ /api/v1/billing/methods/[id]
├ ƒ /api/v1/billing/orders
├ ƒ /api/v1/billing/orders/[id]
├ ƒ /api/v1/billing/orders/[id]/invoice
├ ƒ /api/v1/billing/orders/[id]/refunds
├ ƒ /api/v1/billing/orders/[id]/return
├ ƒ /api/v1/billing/orders/[id]/virtual-checkout
├ ƒ /api/v1/billing/provider-events
├ ƒ /api/v1/billing/refunds/[id]/virtual-settle
├ ƒ /api/v1/campaigns/[[...segments]]
├ ƒ /api/v1/clause-templates
├ ƒ /api/v1/clause-templates/[...segments]
├ ƒ /api/v1/companies
├ ƒ /api/v1/companies/[id]
├ ƒ /api/v1/companies/[id]/business-file
├ ƒ /api/v1/companies/[id]/closure
├ ƒ /api/v1/compliance
├ ƒ /api/v1/context
├ ƒ /api/v1/destruction-certificates
├ ƒ /api/v1/destruction-certificates/[...segments]
├ ƒ /api/v1/destruction-requests
├ ƒ /api/v1/destruction-requests/[...segments]
├ ƒ /api/v1/documents
├ ƒ /api/v1/documents/[...segments]
├ ƒ /api/v1/documents/[id]/versions/[number]/pdf
├ ƒ /api/v1/documents/options
├ ƒ /api/v1/email-feedback
├ ƒ /api/v1/email-suppressions
├ ƒ /api/v1/email-unsubscribe/[token]
├ ƒ /api/v1/entitlements
├ ƒ /api/v1/expert-assignments
├ ƒ /api/v1/expert-assignments/[id]
├ ƒ /api/v1/expert-assignments/options
├ ƒ /api/v1/exports
├ ƒ /api/v1/exports/[...segments]
├ ƒ /api/v1/feedback
├ ƒ /api/v1/feedback/[id]
├ ƒ /api/v1/files
├ ƒ /api/v1/files/[...segments]
├ ƒ /api/v1/fixed-urls
├ ƒ /api/v1/fixed-urls/[id]
├ ƒ /api/v1/forms
├ ƒ /api/v1/forms/[...segments]
├ ƒ /api/v1/forms/[id]/submissions/export
├ ƒ /api/v1/forms/document-options
├ ƒ /api/v1/guides/[[...segments]]
├ ƒ /api/v1/health
├ ƒ /api/v1/imports
├ ƒ /api/v1/imports/[...segments]
├ ƒ /api/v1/integrations/[[...segments]]
├ ƒ /api/v1/invitations
├ ƒ /api/v1/invitations/[...segments]
├ ƒ /api/v1/invitations/sso/options
├ ƒ /api/v1/invitations/sso/start
├ ƒ /api/v1/invoices
├ ƒ /api/v1/kakao/[...segments]
├ ƒ /api/v1/kakao/reviews
├ ƒ /api/v1/ledger
├ ƒ /api/v1/marketing/[...segments]
├ ƒ /api/v1/me
├ ƒ /api/v1/me/audit-events
├ ƒ /api/v1/me/audit-events/export
├ ƒ /api/v1/me/closure
├ ƒ /api/v1/me/password-policy
├ ƒ /api/v1/me/sessions
├ ƒ /api/v1/me/sessions/[id]
├ ƒ /api/v1/me/sso-accounts
├ ƒ /api/v1/me/sso-accounts/[id]
├ ƒ /api/v1/members
├ ƒ /api/v1/members/[...segments]
├ ƒ /api/v1/message-content/preview
├ ƒ /api/v1/message-templates/[[...segments]]
├ ƒ /api/v1/migration/legacy
├ ƒ /api/v1/notices/[[...segments]]
├ ƒ /api/v1/plans
├ ƒ /api/v1/processing-purposes
├ ƒ /api/v1/processing-purposes/[...segments]
├ ƒ /api/v1/public/documents/[token]
├ ƒ /api/v1/public/documents/[token]/pdf
├ ƒ /api/v1/public/forms/[...segments]
├ ƒ /api/v1/public/services/[serviceId]/documents
├ ƒ /api/v1/public/urls/[slug]
├ ƒ /api/v1/public/verify/local
├ ƒ /api/v1/ready
├ ƒ /api/v1/recipients
├ ƒ /api/v1/recipients/[...segments]
├ ƒ /api/v1/retention-rules
├ ƒ /api/v1/retention-rules/[id]
├ ƒ /api/v1/security/ip-rules/[[...segments]]
├ ƒ /api/v1/security/mfa-policy/[[...segments]]
├ ƒ /api/v1/security/policy
├ ƒ /api/v1/security/sso
├ ƒ /api/v1/security/sso/[id]
├ ƒ /api/v1/security/sso/[id]/directory
├ ƒ /api/v1/security/sso/[id]/directory/[memberId]
├ ƒ /api/v1/security/sso/[id]/preflight
├ ƒ /api/v1/security/status
├ ƒ /api/v1/senders/[[...segments]]
├ ƒ /api/v1/services
├ ƒ /api/v1/services/[id]
├ ƒ /api/v1/services/[id]/consent-display/[kind]
├ ƒ /api/v1/services/[id]/subprocessor-notices
├ ƒ /api/v1/services/[id]/subprocessors
├ ƒ /api/v1/services/[id]/subprocessors/[subId]
├ ƒ /api/v1/services/[id]/verification
├ ƒ /api/v1/share-grants
├ ƒ /api/v1/share-grants/[...segments]
├ ƒ /api/v1/sms/receipts
├ ƒ /api/v1/subjects/[...segments]
├ ƒ /api/v1/submissions/[...segments]
├ ƒ /api/v1/submissions/[id]/receipts/[receiptId]/pdf
├ ƒ /api/v1/subscriptions/[[...segments]]
├ ƒ /api/v1/support-tickets/[[...segments]]
├ ƒ /api/v1/templates
├ ƒ /api/v1/templates/[...segments]
├ ƒ /api/v1/uploads/[...segments]
├ ƒ /api/v1/usage-events
├ ƒ /api/v1/viewer/[...segments]
└ ƒ /email/unsubscribe/[token]


ƒ Proxy (Middleware)

○  (Static)   prerendered as static content
ƒ  (Dynamic)  server-rendered on demand

