
 RUN  v5.0.3 /Users/user01/Desktop/캐쳐시큐/catchsecu-clone

(node:68341) DeprecationWarning: Calling client.query() when the client is already executing a query is deprecated and will be removed in pg@9.0. Use async/await or an external async flow control mechanism instead.
(Use `node --trace-deprecation ...` to show where the warning was created)
stderr | tests/server/org-auth.test.ts > 로그인 감사가 실패하면 디렉터리·티켓·JIT 계정·세션까지 모두 롤백한다
{"requestId":"b55feee4-5526-4ee9-a6e1-b565e3a666dd","code":"INTERNAL_ERROR","kind":"Error","stack":"    at /Users/user01/Desktop/캐쳐시큐/catchsecu-clone/tests/server/org-auth.test.ts:212:40 |     at audit (file:///Users/user01/Desktop/%E1%84%8F%E1%85%A2%E1%84%8E%E1%85%A7%E1%84%89%E1%85%B5%E1%84%8F%E1%85%B2/catchsecu-clone/node_modules/vitest/dist/chunks/spy.DgMTfhrK.js:323:40) |     at __vite_ssr_import_6__.db.$transaction.timeout (/Users/user01/Desktop/캐쳐시큐/catchsecu-clone/src/server/sso.ts:462:13) |     at Proxy._transactionWithCallback (/Users/user01/Desktop/캐쳐시큐/catchsecu-clone/node_modules/@prisma/client/runtime/client.js:99:4868) |     at finishOrgLogin (/Users/user01/Desktop/캐쳐시큐/catchsecu-clone/src/server/org-auth.ts:77:18) |     at /Users/user01/Desktop/캐쳐시큐/catchsecu-clone/src/app/api/v1/auth/org/email-register/route.ts:7:18 |     at /Users/user01/Desktop/캐쳐시큐/catchsecu-clone/src/server/http.ts:54:24"}

 ❯ tests/server/org-auth.test.ts (13 tests | 6 failed) 6859ms
   × 티켓 발급 후 공급자를 정지하면 이메일·버전·등록 감사가 남지 않는다 495ms
   × 기존 계정 이메일 충돌은 등록을 롤백하고 같은 티켓으로 올바른 이메일을 재시도할 수 있다 429ms
   × 로그인 감사가 실패하면 디렉터리·티켓·JIT 계정·세션까지 모두 롤백한다 548ms
   × 로그인 완료 직전 티켓이 만료되면 등록 변경도 함께 롤백한다 490ms
   × 회사 접근을 회수한 뒤 closed 등록 요청은 디렉터리를 변경하지 않는다 445ms
   × 회사 접근을 회수한 뒤 ip-blocked 등록 요청은 디렉터리를 변경하지 않는다 548ms

⎯⎯⎯⎯⎯⎯⎯ Failed Tests 6 ⎯⎯⎯⎯⎯⎯⎯

 FAIL  tests/server/org-auth.test.ts > 티켓 발급 후 공급자를 정지하면 이메일·버전·등록 감사가 남지 않는다
AssertionError: expected { …(11) } to match object { emailCipher: null, version: 1 }
(9 matching properties omitted from actual)

- Expected
+ Received

  {
-   "emailCipher": null,
-   "version": 1,
+   "emailCipher": "v1._ivhhs-oe0X8zsDK.az-YaSep8SBIfMGGxmC1ww.8l71iRdEeOEh6hsNYOohns5ywiS2D15u",
+   "version": 2,
  }

 ❯ assertRegistrationRolledBack tests/server/org-auth.test.ts:184:6
    182| async function assertRegistrationRolledBack(memberId: string, stateId:…
    183|   expect(await db.virtualOrgMember.findUniqueOrThrow({ where: { id: me…
    184|     .toMatchObject({ emailCipher: null, version: 1 });
       |      ^
    185|   expect(await db.ssoState.findUnique({ where: { id: stateId } })).not…
    186|   expect(await db.auditEvent.count({ where: { action: "org_auth.email_…
 ❯ tests/server/org-auth.test.ts:196:3

⎯⎯⎯⎯⎯⎯⎯⎯⎯⎯⎯⎯⎯⎯⎯⎯⎯⎯⎯⎯⎯⎯⎯⎯[1/6]⎯

 FAIL  tests/server/org-auth.test.ts > 기존 계정 이메일 충돌은 등록을 롤백하고 같은 티켓으로 올바른 이메일을 재시도할 수 있다
AssertionError: expected { …(11) } to match object { emailCipher: null, version: 1 }
(9 matching properties omitted from actual)

- Expected
+ Received

  {
-   "emailCipher": null,
-   "version": 1,
+   "emailCipher": "v1.XDqjdB3414qhfw9J.2sXWcxnmobEwFm9zOedd4Q.uY2YBF1RctPXsw27rPRo5ByFdHFGsspTbqwuuqJHonOs0bsrT9IK9PC0hoNdZcV8tG37m6oUyMAW",
+   "version": 2,
  }

 ❯ assertRegistrationRolledBack tests/server/org-auth.test.ts:184:6
    182| async function assertRegistrationRolledBack(memberId: string, stateId:…
    183|   expect(await db.virtualOrgMember.findUniqueOrThrow({ where: { id: me…
    184|     .toMatchObject({ emailCipher: null, version: 1 });
       |      ^
    185|   expect(await db.ssoState.findUnique({ where: { id: stateId } })).not…
    186|   expect(await db.auditEvent.count({ where: { action: "org_auth.email_…
 ❯ tests/server/org-auth.test.ts:204:3

⎯⎯⎯⎯⎯⎯⎯⎯⎯⎯⎯⎯⎯⎯⎯⎯⎯⎯⎯⎯⎯⎯⎯⎯[2/6]⎯

 FAIL  tests/server/org-auth.test.ts > 로그인 감사가 실패하면 디렉터리·티켓·JIT 계정·세션까지 모두 롤백한다
AssertionError: expected { …(11) } to match object { emailCipher: null, version: 1 }
(9 matching properties omitted from actual)

- Expected
+ Received

  {
-   "emailCipher": null,
-   "version": 1,
+   "emailCipher": "v1.zBHMnc4zjybcQNIx.ISoIewmTvq0tHR3rpjGGJw.Ej_EwMhaomyM386VTm3MebCELx5MsMGsr1Y_etbU9Q",
+   "version": 2,
  }

 ❯ assertRegistrationRolledBack tests/server/org-auth.test.ts:184:6
    182| async function assertRegistrationRolledBack(memberId: string, stateId:…
    183|   expect(await db.virtualOrgMember.findUniqueOrThrow({ where: { id: me…
    184|     .toMatchObject({ emailCipher: null, version: 1 });
       |      ^
    185|   expect(await db.ssoState.findUnique({ where: { id: stateId } })).not…
    186|   expect(await db.auditEvent.count({ where: { action: "org_auth.email_…
 ❯ tests/server/org-auth.test.ts:220:5

⎯⎯⎯⎯⎯⎯⎯⎯⎯⎯⎯⎯⎯⎯⎯⎯⎯⎯⎯⎯⎯⎯⎯⎯[3/6]⎯

 FAIL  tests/server/org-auth.test.ts > 로그인 완료 직전 티켓이 만료되면 등록 변경도 함께 롤백한다
AssertionError: expected { …(11) } to match object { emailCipher: null, version: 1 }
(9 matching properties omitted from actual)

- Expected
+ Received

  {
-   "emailCipher": null,
-   "version": 1,
+   "emailCipher": "v1._5UZ6nup3hETJ092.i6swYdJ4KknJtiOwoBxXng.GTITRrFnmS4VTTkmOzha1eiVBcnDmoPw8ukC4Z8A14hx",
+   "version": 2,
  }

 ❯ assertRegistrationRolledBack tests/server/org-auth.test.ts:184:6
    182| async function assertRegistrationRolledBack(memberId: string, stateId:…
    183|   expect(await db.virtualOrgMember.findUniqueOrThrow({ where: { id: me…
    184|     .toMatchObject({ emailCipher: null, version: 1 });
       |      ^
    185|   expect(await db.ssoState.findUnique({ where: { id: stateId } })).not…
    186|   expect(await db.auditEvent.count({ where: { action: "org_auth.email_…
 ❯ tests/server/org-auth.test.ts:238:5

⎯⎯⎯⎯⎯⎯⎯⎯⎯⎯⎯⎯⎯⎯⎯⎯⎯⎯⎯⎯⎯⎯⎯⎯[4/6]⎯

 FAIL  tests/server/org-auth.test.ts > 회사 접근을 회수한 뒤 closed 등록 요청은 디렉터리를 변경하지 않는다
AssertionError: expected { …(11) } to match object { emailCipher: null, version: 1 }
(9 matching properties omitted from actual)

- Expected
+ Received

  {
-   "emailCipher": null,
-   "version": 1,
+   "emailCipher": "v1.mcYNzMsZiRwNnwgG.uGULsmjGurAZ4V8LBxqSxg.E-LygVRHhWsGvz9xLOX74DlYmyuOqY6jVWe2nIiuxQ",
+   "version": 2,
  }

 ❯ assertRegistrationRolledBack tests/server/org-auth.test.ts:184:6
    182| async function assertRegistrationRolledBack(memberId: string, stateId:…
    183|   expect(await db.virtualOrgMember.findUniqueOrThrow({ where: { id: me…
    184|     .toMatchObject({ emailCipher: null, version: 1 });
       |      ^
    185|   expect(await db.ssoState.findUnique({ where: { id: stateId } })).not…
    186|   expect(await db.auditEvent.count({ where: { action: "org_auth.email_…
 ❯ tests/server/org-auth.test.ts:261:3

⎯⎯⎯⎯⎯⎯⎯⎯⎯⎯⎯⎯⎯⎯⎯⎯⎯⎯⎯⎯⎯⎯⎯⎯[5/6]⎯

 FAIL  tests/server/org-auth.test.ts > 회사 접근을 회수한 뒤 ip-blocked 등록 요청은 디렉터리를 변경하지 않는다
PrismaClientKnownRequestError: 
Invalid `db.ipAccessPolicy.create()` invocation in
/Users/user01/Desktop/캐쳐시큐/catchsecu-clone/tests/server/org-auth.test.ts:257:32

  254 test.each(["closed", "ip-blocked"])("회사 접근을 회수한 뒤 %s 등록 요청은 디렉터리를 변경하지 않는다", async kind => {
  255   const fixture = await pendingEmailRegistration();
  256   if (kind === "closed") await db.company.update({ where: { id: fixture.company.id }, data: { status: "closed" } });
→ 257   else await db.ipAccessPolicy.create(
Database error. Code: `23514`. Message: `Enabled IP restriction needs an enabled rule`
 ❯ vn.handleRequestError node_modules/@prisma/client/src/runtime/RequestHandler.ts:238:13
 ❯ vn.handleAndLogRequestError node_modules/@prisma/client/src/runtime/RequestHandler.ts:184:12
 ❯ vn.request node_modules/@prisma/client/src/runtime/RequestHandler.ts:153:12
 ❯ a node_modules/@prisma/client/src/runtime/getPrismaClient.ts:1014:24
 ❯ tests/server/org-auth.test.ts:257:8
    255|   const fixture = await pendingEmailRegistration();
    256|   if (kind === "closed") await db.company.update({ where: { id: fixtur…
    257|   else await db.ipAccessPolicy.create({ data: { tenantId: fixture.comp…
       |        ^
    258|   const response = await fixture.emailRegister(req("/auth/org/email-re…
    259|     { ticket: fixture.ticket, email: "access-revoked@catchsecu.test" }…

⎯⎯⎯⎯⎯⎯⎯⎯⎯⎯⎯⎯⎯⎯⎯⎯⎯⎯⎯⎯⎯⎯⎯⎯[6/6]⎯


 Test Files  1 failed (1)
      Tests  6 failed | 7 passed (13)
   Start at  08:51:30
   Duration  7.58s (tests 92%, import 5%, transform 3%)

