▲ Next.js 16.3.8 (Turbopack)
- Environments: .env.local
✓ Running next.config.ts took 72ms

  Creating an optimized production build ...
✓ Compiled successfully in 20.7s
  Running TypeScript ...
  Finished TypeScript in 22.5s ...
  Collecting page data using 7 workers ...
Error: Failed to collect configuration for /api/v1/activity-reviews/[id]/destruction
    at ignore-listed frames {
  [cause]: Error: 운영 환경은 SMTP 설정이 필요합니다. 로컬 미리보기만 ALLOW_LOCAL_MAIL=1을 사용하세요.
      at module evaluation (src/server/env.ts:59:9)
      at <unknown> (src/server/db.ts:3:1)
      at module evaluation (src/server/credential-scope.ts:3:53)
    57 | export const env = result.data;
    58 | if (process.env.NODE_ENV === "production" && env.MAIL_TRANSPORT === "local" && !process.env.ALLOW_LOCAL_MAIL) {
  > 59 |   throw new Error("운영 환경은 SMTP 설정이 필요합니다. 로컬 미리보기만 ALLOW_LOCAL_MAIL=1을 사용하세요.");
       |         ^
    60 | }
    61 | if (process.env.NODE_ENV === "production" && env.KAKAO_PROVIDER === "local" && !process.env.ALLOW_LOCAL_KAKAO) {
    62 |   throw new Error("운영 환경은 카카오 공급자 연결이 필요합니다. 로컬 발송은 ALLOW_LOCAL_KAKAO=1을 사용하세요.");
}

> Build error occurred
Error: Failed to collect page data for /api/v1/activity-reviews/[id]/destruction
    at ignore-listed frames {
  type: 'Error'
}
