Loaded Prisma config from prisma.config.ts.

Prisma schema loaded from prisma/schema.prisma.
Datasource "db": PostgreSQL database "catchsecu_test", schema "qa_page_branches_upgrade_5103fb0c989b4d4eadf6885f99ffc163" at "localhost:5432"

137 migrations found in prisma/migrations

Applying migration `20261025020000_form_page_branches`
Applying migration `20261025020100_form_page_branch_trigger_scope`
Applying migration `20261025020200_form_page_branch_lookup`
Applying migration `20261025020300_author_asset_trigger_scope`
Applying migration `20261025020400_submission_page_path_validator_fix`
Applying migration `20261025020500_submission_page_path_edges`
Applying migration `20261025020600_option_trigger_metadata_scope`
Applying migration `20261025020700_submission_ineligible_guard`

The following migration(s) have been applied:

migrations/
  └─ 20261025020000_form_page_branches/
    └─ migration.sql
  └─ 20261025020100_form_page_branch_trigger_scope/
    └─ migration.sql
  └─ 20261025020200_form_page_branch_lookup/
    └─ migration.sql
  └─ 20261025020300_author_asset_trigger_scope/
    └─ migration.sql
  └─ 20261025020400_submission_page_path_validator_fix/
    └─ migration.sql
  └─ 20261025020500_submission_page_path_edges/
    └─ migration.sql
  └─ 20261025020600_option_trigger_metadata_scope/
    └─ migration.sql
  └─ 20261025020700_submission_ineligible_guard/
    └─ migration.sql

All migrations have been successfully applied.
