
> catchsecu-clone@0.1.0 build
> next build

▲ Next.js 16.3.8 (Turbopack)
- Environments: .env.local
✓ Running next.config.ts took 25ms

  Creating an optimized production build ...
✓ Compiled successfully in 2.4s
  Running TypeScript ...
  Finished TypeScript in 4.8s ...
  Collecting page data using 7 workers ...
  Generating static pages using 7 workers (0/28) ...
  Generating static pages using 7 workers (7/28) 
  Generating static pages using 7 workers (14/28) 
  Generating static pages using 7 workers (21/28) 
✓ Generating static pages using 7 workers (28/28) in 240ms
  Finalizing page optimization ...

Route (app)
┌ ○ /_not-found
├ ƒ /[[...slug]]
├ ƒ /api/v1/approvals
├ ƒ /api/v1/approvals/[...segments]
├ ƒ /api/v1/auth/[...all]
├ ƒ /api/v1/campaigns/[[...segments]]
├ ƒ /api/v1/clause-templates
├ ƒ /api/v1/clause-templates/[...segments]
├ ƒ /api/v1/companies
├ ƒ /api/v1/companies/[id]
├ ƒ /api/v1/context
├ ƒ /api/v1/destruction-certificates
├ ƒ /api/v1/destruction-certificates/[...segments]
├ ƒ /api/v1/destruction-requests
├ ƒ /api/v1/destruction-requests/[...segments]
├ ƒ /api/v1/documents
├ ƒ /api/v1/documents/[...segments]
├ ƒ /api/v1/documents/[id]/versions/[number]/pdf
├ ƒ /api/v1/documents/options
├ ƒ /api/v1/files
├ ƒ /api/v1/files/[...segments]
├ ƒ /api/v1/fixed-urls
├ ƒ /api/v1/fixed-urls/[id]
├ ƒ /api/v1/forms
├ ƒ /api/v1/forms/[...segments]
├ ƒ /api/v1/forms/document-options
├ ƒ /api/v1/health
├ ƒ /api/v1/imports
├ ƒ /api/v1/imports/[...segments]
├ ƒ /api/v1/invitations
├ ƒ /api/v1/invitations/[...segments]
├ ƒ /api/v1/marketing/[...segments]
├ ƒ /api/v1/me
├ ƒ /api/v1/me/password-policy
├ ƒ /api/v1/me/sessions
├ ƒ /api/v1/me/sessions/[id]
├ ƒ /api/v1/members
├ ƒ /api/v1/members/[...segments]
├ ƒ /api/v1/processing-purposes
├ ƒ /api/v1/processing-purposes/[...segments]
├ ƒ /api/v1/public/documents/[token]
├ ƒ /api/v1/public/documents/[token]/pdf
├ ƒ /api/v1/public/forms/[...segments]
├ ƒ /api/v1/public/urls/[slug]
├ ƒ /api/v1/recipients
├ ƒ /api/v1/recipients/[...segments]
├ ƒ /api/v1/security/policy
├ ƒ /api/v1/senders/[[...segments]]
├ ƒ /api/v1/services
├ ƒ /api/v1/services/[id]
├ ƒ /api/v1/services/[id]/consent-display/[kind]
├ ƒ /api/v1/share-grants
├ ƒ /api/v1/share-grants/[...segments]
├ ƒ /api/v1/subjects/[...segments]
├ ƒ /api/v1/submissions/[...segments]
├ ƒ /api/v1/submissions/[id]/receipts/[receiptId]/pdf
├ ƒ /api/v1/templates
├ ƒ /api/v1/templates/[...segments]
├ ƒ /api/v1/uploads/[...segments]
└ ƒ /api/v1/viewer/[...segments]


○  (Static)   prerendered as static content
ƒ  (Dynamic)  server-rendered on demand

