
> catchsecu-clone@0.1.0 test
> node --env-file=.env.test.local node_modules/vitest/vitest.mjs run tests/server/campaigns.test.ts


 RUN  v5.0.3 /Users/user01/Desktop/캐쳐시큐/catchsecu-clone

(node:86644) DeprecationWarning: Calling client.query() when the client is already executing a query is deprecated and will be removed in pg@9.0. Use async/await or an external async flow control mechanism instead.
(Use `node --trace-deprecation ...` to show where the warning was created)
 ❯ tests/server/campaigns.test.ts (18 tests | 1 failed) 7316ms
   ❯ persistent campaign CRUD, privacy and delivery (18)
     × uncertain SMTP responses are never automatically resent or user-retried 9ms

⎯⎯⎯⎯⎯⎯⎯ Failed Tests 1 ⎯⎯⎯⎯⎯⎯⎯

 FAIL  tests/server/campaigns.test.ts > persistent campaign CRUD, privacy and delivery > uncertain SMTP responses are never automatically resent or user-retried
AssertionError: {"error":{"code":"SENDER_DOMAIN","message":"외부 발송에는 실제 도메인이 필요합니다.","requestId":"e1e8b863-a7c4-4b9b-9f0e-89acda2e7013"}}: expected 422 to be 201 // Object.is equality

- Expected
+ Received

- 201
+ 422

 ❯ ok tests/server/campaigns.test.ts:36:169

 ❯ verifiedSender tests/server/campaigns.test.ts:49:19
 ❯ tests/server/campaigns.test.ts:236:22

⎯⎯⎯⎯⎯⎯⎯⎯⎯⎯⎯⎯⎯⎯⎯⎯⎯⎯⎯⎯⎯⎯⎯⎯[1/1]⎯


 Test Files  1 failed (1)
      Tests  1 failed | 17 passed (18)
   Start at  04:28:26
   Duration  8.69s (tests 85%, import 10%, transform 5%)

