[1/370] Building C object libclammspack/CMakeFiles/clammspack.dir/mspack/cabc.c.o
[2/370] Building C object libclammspack/CMakeFiles/clammspack.dir/mspack/chmc.c.o
[3/370] Building C object libclammspack/CMakeFiles/clammspack.dir/mspack/crc32.c.o
[4/370] Building C object libclammspack/CMakeFiles/clammspack.dir/mspack/hlpc.c.o
[5/370] Building C object libclammspack/CMakeFiles/clammspack.dir/mspack/kwajc.c.o
[6/370] Building C object libclammspack/CMakeFiles/clammspack.dir/mspack/hlpd.c.o
[7/370] Building C object libclammspack/CMakeFiles/clammspack.dir/mspack/chmd.c.o
[8/370] Building C object libclammspack/CMakeFiles/clammspack.dir/mspack/cabd.c.o
[9/370] Building C object libclammspack/CMakeFiles/clammspack.dir/mspack/litc.c.o
[10/370] Building C object libclammspack/CMakeFiles/clammspack.dir/mspack/litd.c.o
[11/370] Building C object libclammspack/CMakeFiles/clammspack.dir/mspack/lzxc.c.o
[12/370] Building C object libclammspack/CMakeFiles/clammspack.dir/mspack/lzssd.c.o
[13/370] Building C object libclammspack/CMakeFiles/clammspack.dir/mspack/kwajd.c.o
[14/370] Building C object libclammspack/CMakeFiles/clammspack.dir/mspack/mszipc.c.o
[15/370] Building C object libclammspack/CMakeFiles/clammspack.dir/mspack/oabc.c.o
[16/370] Building C object libclammspack/CMakeFiles/clammspack.dir/mspack/oabd.c.o
[17/370] Building C object libclammspack/CMakeFiles/clammspack.dir/mspack/system.c.o
[18/370] Building C object libclammspack/CMakeFiles/clammspack.dir/mspack/mszipd.c.o
[19/370] Building C object libclammspack/CMakeFiles/clammspack.dir/mspack/szddc.c.o
[20/370] Building C object libclammspack/CMakeFiles/clammspack.dir/mspack/szddd.c.o
[21/370] Building C object libclammspack/CMakeFiles/clammspack.dir/mspack/qtmd.c.o
[22/370] Building C object libclammspack/CMakeFiles/clammspack.dir/mspack/lzxd.c.o
[23/370] Building C object libclamav/CMakeFiles/regex.dir/regex/strlcpy.c.o
[24/370] Linking C shared library libclammspack/libclammspack.0.8.0.dylib
[25/370] Creating library symlink libclammspack/libclammspack.0.dylib libclammspack/libclammspack.dylib
[26/370] Building C object libclamav/CMakeFiles/regex.dir/regex/regerror.c.o
[27/370] Building C object libclamav/CMakeFiles/regex.dir/regex/regfree.c.o
[28/370] Building C object libclamav/CMakeFiles/lzma_sdk.dir/7z/7zAlloc.c.o
[29/370] Building C object libclamav/CMakeFiles/lzma_sdk.dir/7z/7zBuf.c.o
[30/370] Building C object libclamav/CMakeFiles/regex.dir/regex/regexec.c.o
In file included from /Users/user01/Desktop/캐쳐시큐/catchsecu-clone/.local/clamav-source/clamav-1.5.4/libclamav/regex/regexec.c:81:
/Users/user01/Desktop/캐쳐시큐/catchsecu-clone/.local/clamav-source/clamav-1.5.4/libclamav/regex/engine.c:226:16: warning: assigning to 'const char **' from 'char **' discards qualifiers in nested pointer types [-Wincompatible-pointer-types-discards-qualifiers]
  226 |                                 m->lastpos = (char **)cli_max_malloc((g->nplus+1) *
      |                                            ^ ~~~~~~~~~~~~~~~~~~~~~~~~~~~~~~~~~~~~~~
  227 |                                                         sizeof(char *));
      |                                                         ~~~~~~~~~~~~~~~
/Users/user01/Desktop/캐쳐시큐/catchsecu-clone/.local/clamav-source/clamav-1.5.4/libclamav/regex/engine.c:219:17: warning: comparison of integers of different signs: 'int' and 'size_t' (aka 'unsigned long') [-Wsign-compare]
  219 |                 for (i = 1; i <= m->g->nsub; i++)
      |                             ~ ^  ~~~~~~~~~~
/Users/user01/Desktop/캐쳐시큐/catchsecu-clone/.local/clamav-source/clamav-1.5.4/libclamav/regex/engine.c:277:17: warning: comparison of integers of different signs: 'int' and 'size_t' (aka 'unsigned long') [-Wsign-compare]
  277 |                 for (i = 1; i < nmatch; i++)
      |                             ~ ^ ~~~~~~
/Users/user01/Desktop/캐쳐시큐/catchsecu-clone/.local/clamav-source/clamav-1.5.4/libclamav/regex/engine.c:278:10: warning: comparison of integers of different signs: 'int' and 'size_t' (aka 'unsigned long') [-Wsign-compare]
  278 |                         if (i <= m->g->nsub)
      |                             ~ ^  ~~~~~~~~~~
/Users/user01/Desktop/캐쳐시큐/catchsecu-clone/.local/clamav-source/clamav-1.5.4/libclamav/regex/engine.c:311:14: warning: variable 'dp' set but not used [-Wunused-but-set-variable]
  311 |         const char *dp;
      |                     ^
In file included from /Users/user01/Desktop/캐쳐시큐/catchsecu-clone/.local/clamav-source/clamav-1.5.4/libclamav/regex/regexec.c:130:
/Users/user01/Desktop/캐쳐시큐/catchsecu-clone/.local/clamav-source/clamav-1.5.4/libclamav/regex/engine.c:226:16: warning: assigning to 'const char **' from 'char **' discards qualifiers in nested pointer types [-Wincompatible-pointer-types-discards-qualifiers]
  226 |                                 m->lastpos = (char **)cli_max_malloc((g->nplus+1) *
      |                                            ^ ~~~~~~~~~~~~~~~~~~~~~~~~~~~~~~~~~~~~~~
  227 |                                                         sizeof(char *));
      |                                                         ~~~~~~~~~~~~~~~
/Users/user01/Desktop/캐쳐시큐/catchsecu-clone/.local/clamav-source/clamav-1.5.4/libclamav/regex/engine.c:219:17: warning: comparison of integers of different signs: 'int' and 'size_t' (aka 'unsigned long') [-Wsign-compare]
  219 |                 for (i = 1; i <= m->g->nsub; i++)
      |                             ~ ^  ~~~~~~~~~~
/Users/user01/Desktop/캐쳐시큐/catchsecu-clone/.local/clamav-source/clamav-1.5.4/libclamav/regex/engine.c:277:17: warning: comparison of integers of different signs: 'int' and 'size_t' (aka 'unsigned long') [-Wsign-compare]
  277 |                 for (i = 1; i < nmatch; i++)
      |                             ~ ^ ~~~~~~
/Users/user01/Desktop/캐쳐시큐/catchsecu-clone/.local/clamav-source/clamav-1.5.4/libclamav/regex/engine.c:278:10: warning: comparison of integers of different signs: 'int' and 'size_t' (aka 'unsigned long') [-Wsign-compare]
  278 |                         if (i <= m->g->nsub)
      |                             ~ ^  ~~~~~~~~~~
/Users/user01/Desktop/캐쳐시큐/catchsecu-clone/.local/clamav-source/clamav-1.5.4/libclamav/regex/engine.c:311:14: warning: variable 'dp' set but not used [-Wunused-but-set-variable]
  311 |         const char *dp;
      |                     ^
10 warnings generated.
[31/370] Building C object libclamav/CMakeFiles/regex.dir/regex/regcomp.c.o
/Users/user01/Desktop/캐쳐시큐/catchsecu-clone/.local/clamav-source/clamav-1.5.4/libclamav/regex/regcomp.c:188:15: warning: comparison of integers of different signs: 'sopno' (aka 'long') and 'size_t' (aka 'unsigned long') [-Wsign-compare]
  188 |         if (p->ssize < len) {
      |             ~~~~~~~~ ^ ~~~
/Users/user01/Desktop/캐쳐시큐/catchsecu-clone/.local/clamav-source/clamav-1.5.4/libclamav/regex/regcomp.c:1097:16: warning: comparison of integers of different signs: 'int' and 'size_t' (aka 'unsigned long') [-Wsign-compare]
 1097 |         for (i = 0; i < css; i++)
      |                     ~ ^ ~~~
/Users/user01/Desktop/캐쳐시큐/catchsecu-clone/.local/clamav-source/clamav-1.5.4/libclamav/regex/regcomp.c:1125:18: warning: comparison of integers of different signs: 'int' and 'size_t' (aka 'unsigned long') [-Wsign-compare]
 1125 |                         for (i = 0; i < css; i++)
      |                                     ~ ^ ~~~
/Users/user01/Desktop/캐쳐시큐/catchsecu-clone/.local/clamav-source/clamav-1.5.4/libclamav/regex/regcomp.c:1128:10: warning: comparison of integers of different signs: 'int' and 'size_t' (aka 'unsigned long') [-Wsign-compare]
 1128 |                         if (i == css)
      |                             ~ ^  ~~~
/Users/user01/Desktop/캐쳐시큐/catchsecu-clone/.local/clamav-source/clamav-1.5.4/libclamav/regex/regcomp.c:1149:16: warning: comparison of integers of different signs: 'int' and 'size_t' (aka 'unsigned long') [-Wsign-compare]
 1149 |         for (i = 0; i < css; i++)
      |                     ~ ^ ~~~
/Users/user01/Desktop/캐쳐시큐/catchsecu-clone/.local/clamav-source/clamav-1.5.4/libclamav/regex/regcomp.c:1166:16: warning: comparison of integers of different signs: 'int' and 'size_t' (aka 'unsigned long') [-Wsign-compare]
 1166 |         for (i = 0; i < css; i++)
      |                     ~ ^ ~~~
6 warnings generated.
[32/370] Building C object libclamav/CMakeFiles/lzma_sdk.dir/7z/7zBuf2.c.o
[33/370] Building C object libclamav/CMakeFiles/lzma_sdk.dir/7z/7zCrc.c.o
[34/370] Building C object libclamav/CMakeFiles/lzma_sdk.dir/7z/7zCrcOpt.c.o
[35/370] Building C object libclamav/CMakeFiles/lzma_sdk.dir/7z/7zFile.c.o
[36/370] Building C object libclamav/CMakeFiles/lzma_sdk.dir/7z/7zDec.c.o
[37/370] Building C object libclamav/CMakeFiles/lzma_sdk.dir/7z/7zStream.c.o
[38/370] Building C object libclamav/CMakeFiles/lzma_sdk.dir/7z/Bcj2.c.o
[39/370] Building C object libclamav/CMakeFiles/lzma_sdk.dir/7z/Bra.c.o
[40/370] Building C object libclamav/CMakeFiles/lzma_sdk.dir/7z/Bra86.c.o
[41/370] Building C object libclamav/CMakeFiles/lzma_sdk.dir/7z/7zIn.c.o
[42/370] Building C object libclamav/CMakeFiles/lzma_sdk.dir/7z/BraIA64.c.o
[43/370] Building C object libclamav/CMakeFiles/lzma_sdk.dir/7z/CpuArch.c.o
[44/370] Building C object libclamav/CMakeFiles/lzma_sdk.dir/7z/Delta.c.o
[45/370] Building C object libclamav/CMakeFiles/lzma_sdk.dir/7z/Lzma2Dec.c.o
[46/370] Building C object libclamav/CMakeFiles/lzma_sdk.dir/7z/Ppmd7Dec.c.o
[47/370] Building C object libclamav/CMakeFiles/lzma_sdk.dir/7z/Ppmd7.c.o
[48/370] Building C object libclamav/CMakeFiles/lzma_sdk.dir/7z/LzmaDec.c.o
[49/370] Building C object libclamav/CMakeFiles/lzma_sdk.dir/7z/Xz.c.o
[50/370] Building C object libclamav/CMakeFiles/lzma_sdk.dir/7z/XzCrc64.c.o
[51/370] Building C object libclamav/CMakeFiles/lzma_sdk.dir/7z/XzDec.c.o
/Users/user01/Desktop/캐쳐시큐/catchsecu-clone/.local/clamav-source/clamav-1.5.4/libclamav/7z/XzDec.c:309:80: warning: implicit conversion from enumeration type 'ECoderFinishMode' to different enumeration type 'ELzmaFinishMode' [-Wimplicit-enum-enum-cast]
  309 |   SRes res = Lzma2Dec_DecodeToBuf((CLzma2Dec *)pp, dest, destLen, src, srcLen, finishMode, &status);
      |              ~~~~~~~~~~~~~~~~~~~~                                              ^~~~~~~~~~
/Users/user01/Desktop/캐쳐시큐/catchsecu-clone/.local/clamav-source/clamav-1.5.4/libclamav/7z/XzDec.c:501:56: warning: comparison of integers of different signs: 'UInt32' (aka 'unsigned int') and 'const int32_t' (aka 'const int') [-Wsign-compare]
  501 |   if (CrcCalc(buf + XZ_SIG_SIZE, XZ_STREAM_FLAGS_SIZE) !=
      |       ~~~~~~~~~~~~~~~~~~~~~~~~~~~~~~~~~~~~~~~~~~~~~~~~ ^
  502 |       GetUi32(buf + XZ_SIG_SIZE + XZ_STREAM_FLAGS_SIZE))
      |       ~~~~~~~~~~~~~~~~~~~~~~~~~~~~~~~~~~~~~~~~~~~~~~~~~
/Users/user01/Desktop/캐쳐시큐/catchsecu-clone/.local/clamav-source/clamav-1.5.4/libclamav/7z/XzDec.c:511:21: warning: comparison of integers of different signs: 'const int32_t' (aka 'const int') and 'UInt32' (aka 'unsigned int') [-Wsign-compare]
  511 |       (GetUi32(buf) == CrcCalc(buf + 4, 6) &&
      |        ~~~~~~~~~~~~ ^  ~~~~~~~~~~~~~~~~~~~
/Users/user01/Desktop/캐쳐시큐/catchsecu-clone/.local/clamav-source/clamav-1.5.4/libclamav/7z/XzDec.c:527:35: warning: comparison of integers of different signs: 'UInt32' (aka 'unsigned int') and 'const int32_t' (aka 'const int') [-Wsign-compare]
  527 |   if (CrcCalc(header, headerSize) != GetUi32(header + headerSize))
      |       ~~~~~~~~~~~~~~~~~~~~~~~~~~~ ^  ~~~~~~~~~~~~~~~~~~~~~~~~~~~~
/Users/user01/Desktop/캐쳐시큐/catchsecu-clone/.local/clamav-source/clamav-1.5.4/libclamav/7z/XzDec.c:850:38: warning: comparison of integers of different signs: 'unsigned int' and 'const int32_t' (aka 'const int') [-Wsign-compare]
  850 |           if (CRC_GET_DIGEST(p->crc) != GetUi32(p->buf))
      |               ~~~~~~~~~~~~~~~~~~~~~~ ^  ~~~~~~~~~~~~~~~
5 warnings generated.
[52/370] Building C object libclamav/CMakeFiles/yara.dir/yara_compiler.c.o
[53/370] Building C object libclamav/CMakeFiles/lzma_sdk.dir/7z/XzIn.c.o
/Users/user01/Desktop/캐쳐시큐/catchsecu-clone/.local/clamav-source/clamav-1.5.4/libclamav/7z/XzIn.c:79:24: warning: variable 'crcStartPos' set but not used [-Wunused-but-set-variable]
   79 |   size_t i, numBlocks, crcStartPos, pos = 1;
      |                        ^
/Users/user01/Desktop/캐쳐시큐/catchsecu-clone/.local/clamav-source/clamav-1.5.4/libclamav/7z/XzIn.c:87:11: warning: comparison of integers of different signs: 'UInt32' (aka 'unsigned int') and 'const int32_t' (aka 'const int') [-Wsign-compare]
   87 |   if (crc != GetUi32(buf + size))
      |       ~~~ ^  ~~~~~~~~~~~~~~~~~~~
/Users/user01/Desktop/캐쳐시큐/catchsecu-clone/.local/clamav-source/clamav-1.5.4/libclamav/7z/XzIn.c:201:20: warning: comparison of integers of different signs: 'const int32_t' (aka 'const int') and 'UInt32' (aka 'unsigned int') [-Wsign-compare]
  201 |   if (GetUi32(buf) != CrcCalc(buf + 4, 6))
      |       ~~~~~~~~~~~~ ^  ~~~~~~~~~~~~~~~~~~~
3 warnings generated.
[54/370] Building C object libclamav/CMakeFiles/yara.dir/yara_hash.c.o
[55/370] Building C object libclamav/CMakeFiles/yara.dir/yara_exec.c.o
[56/370] Building C object libclamav/CMakeFiles/yara.dir/yara_parser.c.o
/Users/user01/Desktop/캐쳐시큐/catchsecu-clone/.local/clamav-source/clamav-1.5.4/libclamav/yara_parser.c:466:9: warning: variable 're_flags' set but not used [-Wunused-but-set-variable]
  466 |     int re_flags = 0;
      |         ^
1 warning generated.
[57/370] Building C object libclamav/CMakeFiles/yara.dir/yara_arena.c.o
[58/370] Building C object libclamav/CMakeFiles/yara.dir/yara_lexer.c.o
yara_lexer.c:2571:24: warning: unused function 'yy_fatal_error' [-Wunused-function]
 2571 | static void yynoreturn yy_fatal_error (const char* msg , yyscan_t yyscanner)
      |                        ^~~~~~~~~~~~~~
1 warning generated.
[59/370] Building C object libclamav/CMakeFiles/bytecode_runtime.dir/bytecode_nojit.c.o
[60/370] Building C object libclamav/CMakeFiles/yara.dir/yara_grammar.c.o
yara_grammar.c:1466:9: warning: variable 'yara_yynerrs' set but not used [-Wunused-but-set-variable]
 1466 |     int yynerrs;
      |         ^
/Users/user01/Desktop/캐쳐시큐/catchsecu-clone/.local/clamav-source/clamav-1.5.4/libclamav/yara_lexer.h:46:17: note: expanded from macro 'yynerrs'
   46 | #define yynerrs yara_yynerrs
      |                 ^
1 warning generated.
[61/370] Building CXX object libclamunrar/CMakeFiles/clamunrar.dir/blake2s.cpp.o
[62/370] Building CXX object libclamunrar/CMakeFiles/clamunrar.dir/archive.cpp.o
[63/370] Building CXX object libclamunrar/CMakeFiles/clamunrar.dir/arcread.cpp.o
[64/370] Building CXX object libclamunrar/CMakeFiles/clamunrar.dir/consio.cpp.o
[65/370] Building CXX object libclamunrar/CMakeFiles/clamunrar.dir/cmddata.cpp.o
[66/370] Building CXX object libclamunrar/CMakeFiles/clamunrar.dir/crc.cpp.o
[67/370] Building CXX object libclamunrar/CMakeFiles/clamunrar.dir/encname.cpp.o
[68/370] Building CXX object libclamunrar/CMakeFiles/clamunrar.dir/dll.cpp.o
[69/370] Building CXX object libclamunrar/CMakeFiles/clamunrar.dir/crypt.cpp.o
[70/370] Building CXX object libclamunrar/CMakeFiles/clamunrar.dir/errhnd.cpp.o
[71/370] Building CXX object libclamunrar/CMakeFiles/clamunrar.dir/extinfo.cpp.o
[72/370] Building CXX object libclamunrar/CMakeFiles/clamunrar.dir/extract.cpp.o
[73/370] Building CXX object libclamunrar/CMakeFiles/clamunrar.dir/filcreat.cpp.o
[74/370] Building CXX object libclamunrar/CMakeFiles/clamunrar.dir/file.cpp.o
[75/370] Building CXX object libclamunrar/CMakeFiles/clamunrar.dir/filefn.cpp.o
[76/370] Building CXX object libclamunrar/CMakeFiles/clamunrar.dir/filestr.cpp.o
[77/370] Building CXX object libclamunrar/CMakeFiles/clamunrar.dir/find.cpp.o
[78/370] Building CXX object libclamunrar/CMakeFiles/clamunrar.dir/global.cpp.o
[79/370] Building CXX object libclamunrar/CMakeFiles/clamunrar.dir/getbits.cpp.o
[80/370] Building CXX object libclamunrar/CMakeFiles/clamunrar.dir/hash.cpp.o
[81/370] Building CXX object libclamunrar/CMakeFiles/clamunrar.dir/headers.cpp.o
/Users/user01/Desktop/캐쳐시큐/catchsecu-clone/.local/clamav-source/clamav-1.5.4/libclamunrar/headers.cpp:43:10: warning: first argument in call to 'memcpy' is a pointer to non-trivially copyable type 'FileHeader' [-Wnontrivial-memcall]
   43 |   memcpy(this,&hd,sizeof(*this));
      |          ^
/Users/user01/Desktop/캐쳐시큐/catchsecu-clone/.local/clamav-source/clamav-1.5.4/libclamunrar/headers.cpp:43:10: note: explicitly cast the pointer to silence this warning
   43 |   memcpy(this,&hd,sizeof(*this));
      |          ^
      |          (void*)
1 warning generated.
[82/370] Building CXX object libclamunrar/CMakeFiles/clamunrar.dir/list.cpp.o
[83/370] Building CXX object libclamunrar/CMakeFiles/clamunrar.dir/match.cpp.o
[84/370] Building CXX object libclamunrar/CMakeFiles/clamunrar.dir/options.cpp.o
[85/370] Building CXX object libclamunrar/CMakeFiles/clamunrar.dir/pathfn.cpp.o
/Users/user01/Desktop/캐쳐시큐/catchsecu-clone/.local/clamav-source/clamav-1.5.4/libclamunrar/pathfn.cpp:788:3: warning: 'sprintf' is deprecated: This function is provided for compatibility reasons only.  Due to security concerns inherent in the design of sprintf(3), it is highly recommended that you use snprintf(3) instead. [-Wdeprecated-declarations]
  788 |   sprintf(Field[0],"%04u",rlt.Year);
      |   ^
/Library/Developer/CommandLineTools/SDKs/MacOSX.sdk/usr/include/_stdio.h:278:1: note: 'sprintf' has been explicitly marked deprecated here
  278 | __deprecated_msg("This function is provided for compatibility reasons only.  Due to security concerns inherent in the design of sprintf(3), it is highly recommended that you use snprintf(3) instead.")
      | ^
/Library/Developer/CommandLineTools/SDKs/MacOSX.sdk/usr/include/sys/cdefs.h:227:48: note: expanded from macro '__deprecated_msg'
  227 |         #define __deprecated_msg(_msg) __attribute__((__deprecated__(_msg)))
      |                                                       ^
/Users/user01/Desktop/캐쳐시큐/catchsecu-clone/.local/clamav-source/clamav-1.5.4/libclamunrar/pathfn.cpp:789:3: warning: 'sprintf' is deprecated: This function is provided for compatibility reasons only.  Due to security concerns inherent in the design of sprintf(3), it is highly recommended that you use snprintf(3) instead. [-Wdeprecated-declarations]
  789 |   sprintf(Field[1],"%02u",rlt.Month);
      |   ^
/Library/Developer/CommandLineTools/SDKs/MacOSX.sdk/usr/include/_stdio.h:278:1: note: 'sprintf' has been explicitly marked deprecated here
  278 | __deprecated_msg("This function is provided for compatibility reasons only.  Due to security concerns inherent in the design of sprintf(3), it is highly recommended that you use snprintf(3) instead.")
      | ^
/Library/Developer/CommandLineTools/SDKs/MacOSX.sdk/usr/include/sys/cdefs.h:227:48: note: expanded from macro '__deprecated_msg'
  227 |         #define __deprecated_msg(_msg) __attribute__((__deprecated__(_msg)))
      |                                                       ^
/Users/user01/Desktop/캐쳐시큐/catchsecu-clone/.local/clamav-source/clamav-1.5.4/libclamunrar/pathfn.cpp:790:3: warning: 'sprintf' is deprecated: This function is provided for compatibility reasons only.  Due to security concerns inherent in the design of sprintf(3), it is highly recommended that you use snprintf(3) instead. [-Wdeprecated-declarations]
  790 |   sprintf(Field[2],"%02u",rlt.Day);
      |   ^
/Library/Developer/CommandLineTools/SDKs/MacOSX.sdk/usr/include/_stdio.h:278:1: note: 'sprintf' has been explicitly marked deprecated here
  278 | __deprecated_msg("This function is provided for compatibility reasons only.  Due to security concerns inherent in the design of sprintf(3), it is highly recommended that you use snprintf(3) instead.")
      | ^
/Library/Developer/CommandLineTools/SDKs/MacOSX.sdk/usr/include/sys/cdefs.h:227:48: note: expanded from macro '__deprecated_msg'
  227 |         #define __deprecated_msg(_msg) __attribute__((__deprecated__(_msg)))
      |                                                       ^
/Users/user01/Desktop/캐쳐시큐/catchsecu-clone/.local/clamav-source/clamav-1.5.4/libclamunrar/pathfn.cpp:791:3: warning: 'sprintf' is deprecated: This function is provided for compatibility reasons only.  Due to security concerns inherent in the design of sprintf(3), it is highly recommended that you use snprintf(3) instead. [-Wdeprecated-declarations]
  791 |   sprintf(Field[3],"%02u",rlt.Hour);
      |   ^
/Library/Developer/CommandLineTools/SDKs/MacOSX.sdk/usr/include/_stdio.h:278:1: note: 'sprintf' has been explicitly marked deprecated here
  278 | __deprecated_msg("This function is provided for compatibility reasons only.  Due to security concerns inherent in the design of sprintf(3), it is highly recommended that you use snprintf(3) instead.")
      | ^
/Library/Developer/CommandLineTools/SDKs/MacOSX.sdk/usr/include/sys/cdefs.h:227:48: note: expanded from macro '__deprecated_msg'
  227 |         #define __deprecated_msg(_msg) __attribute__((__deprecated__(_msg)))
      |                                                       ^
/Users/user01/Desktop/캐쳐시큐/catchsecu-clone/.local/clamav-source/clamav-1.5.4/libclamunrar/pathfn.cpp:792:3: warning: 'sprintf' is deprecated: This function is provided for compatibility reasons only.  Due to security concerns inherent in the design of sprintf(3), it is highly recommended that you use snprintf(3) instead. [-Wdeprecated-declarations]
  792 |   sprintf(Field[4],"%02u",rlt.Minute);
      |   ^
/Library/Developer/CommandLineTools/SDKs/MacOSX.sdk/usr/include/_stdio.h:278:1: note: 'sprintf' has been explicitly marked deprecated here
  278 | __deprecated_msg("This function is provided for compatibility reasons only.  Due to security concerns inherent in the design of sprintf(3), it is highly recommended that you use snprintf(3) instead.")
      | ^
/Library/Developer/CommandLineTools/SDKs/MacOSX.sdk/usr/include/sys/cdefs.h:227:48: note: expanded from macro '__deprecated_msg'
  227 |         #define __deprecated_msg(_msg) __attribute__((__deprecated__(_msg)))
      |                                                       ^
/Users/user01/Desktop/캐쳐시큐/catchsecu-clone/.local/clamav-source/clamav-1.5.4/libclamunrar/pathfn.cpp:793:3: warning: 'sprintf' is deprecated: This function is provided for compatibility reasons only.  Due to security concerns inherent in the design of sprintf(3), it is highly recommended that you use snprintf(3) instead. [-Wdeprecated-declarations]
  793 |   sprintf(Field[5],"%02u",rlt.Second);
      |   ^
/Library/Developer/CommandLineTools/SDKs/MacOSX.sdk/usr/include/_stdio.h:278:1: note: 'sprintf' has been explicitly marked deprecated here
  278 | __deprecated_msg("This function is provided for compatibility reasons only.  Due to security concerns inherent in the design of sprintf(3), it is highly recommended that you use snprintf(3) instead.")
      | ^
/Library/Developer/CommandLineTools/SDKs/MacOSX.sdk/usr/include/sys/cdefs.h:227:48: note: expanded from macro '__deprecated_msg'
  227 |         #define __deprecated_msg(_msg) __attribute__((__deprecated__(_msg)))
      |                                                       ^
/Users/user01/Desktop/캐쳐시큐/catchsecu-clone/.local/clamav-source/clamav-1.5.4/libclamunrar/pathfn.cpp:794:3: warning: 'sprintf' is deprecated: This function is provided for compatibility reasons only.  Due to security concerns inherent in the design of sprintf(3), it is highly recommended that you use snprintf(3) instead. [-Wdeprecated-declarations]
  794 |   sprintf(Field[6],"%02u",(uint)CurWeek);
      |   ^
/Library/Developer/CommandLineTools/SDKs/MacOSX.sdk/usr/include/_stdio.h:278:1: note: 'sprintf' has been explicitly marked deprecated here
  278 | __deprecated_msg("This function is provided for compatibility reasons only.  Due to security concerns inherent in the design of sprintf(3), it is highly recommended that you use snprintf(3) instead.")
      | ^
/Library/Developer/CommandLineTools/SDKs/MacOSX.sdk/usr/include/sys/cdefs.h:227:48: note: expanded from macro '__deprecated_msg'
  227 |         #define __deprecated_msg(_msg) __attribute__((__deprecated__(_msg)))
      |                                                       ^
/Users/user01/Desktop/캐쳐시큐/catchsecu-clone/.local/clamav-source/clamav-1.5.4/libclamunrar/pathfn.cpp:795:3: warning: 'sprintf' is deprecated: This function is provided for compatibility reasons only.  Due to security concerns inherent in the design of sprintf(3), it is highly recommended that you use snprintf(3) instead. [-Wdeprecated-declarations]
  795 |   sprintf(Field[7],"%u",(uint)WeekDay+1);
      |   ^
/Library/Developer/CommandLineTools/SDKs/MacOSX.sdk/usr/include/_stdio.h:278:1: note: 'sprintf' has been explicitly marked deprecated here
  278 | __deprecated_msg("This function is provided for compatibility reasons only.  Due to security concerns inherent in the design of sprintf(3), it is highly recommended that you use snprintf(3) instead.")
      | ^
/Library/Developer/CommandLineTools/SDKs/MacOSX.sdk/usr/include/sys/cdefs.h:227:48: note: expanded from macro '__deprecated_msg'
  227 |         #define __deprecated_msg(_msg) __attribute__((__deprecated__(_msg)))
      |                                                       ^
/Users/user01/Desktop/캐쳐시큐/catchsecu-clone/.local/clamav-source/clamav-1.5.4/libclamunrar/pathfn.cpp:796:3: warning: 'sprintf' is deprecated: This function is provided for compatibility reasons only.  Due to security concerns inherent in the design of sprintf(3), it is highly recommended that you use snprintf(3) instead. [-Wdeprecated-declarations]
  796 |   sprintf(Field[8],"%03u",rlt.yDay+1);
      |   ^
/Library/Developer/CommandLineTools/SDKs/MacOSX.sdk/usr/include/_stdio.h:278:1: note: 'sprintf' has been explicitly marked deprecated here
  278 | __deprecated_msg("This function is provided for compatibility reasons only.  Due to security concerns inherent in the design of sprintf(3), it is highly recommended that you use snprintf(3) instead.")
      | ^
/Library/Developer/CommandLineTools/SDKs/MacOSX.sdk/usr/include/sys/cdefs.h:227:48: note: expanded from macro '__deprecated_msg'
  227 |         #define __deprecated_msg(_msg) __attribute__((__deprecated__(_msg)))
      |                                                       ^
/Users/user01/Desktop/캐쳐시큐/catchsecu-clone/.local/clamav-source/clamav-1.5.4/libclamunrar/pathfn.cpp:797:3: warning: 'sprintf' is deprecated: This function is provided for compatibility reasons only.  Due to security concerns inherent in the design of sprintf(3), it is highly recommended that you use snprintf(3) instead. [-Wdeprecated-declarations]
  797 |   sprintf(Field[9],"%05u",ArcNumber);
      |   ^
/Library/Developer/CommandLineTools/SDKs/MacOSX.sdk/usr/include/_stdio.h:278:1: note: 'sprintf' has been explicitly marked deprecated here
  278 | __deprecated_msg("This function is provided for compatibility reasons only.  Due to security concerns inherent in the design of sprintf(3), it is highly recommended that you use snprintf(3) instead.")
      | ^
/Library/Developer/CommandLineTools/SDKs/MacOSX.sdk/usr/include/sys/cdefs.h:227:48: note: expanded from macro '__deprecated_msg'
  227 |         #define __deprecated_msg(_msg) __attribute__((__deprecated__(_msg)))
      |                                                       ^
10 warnings generated.
[86/370] Building CXX object libclamunrar/CMakeFiles/clamunrar.dir/rar.cpp.o
[87/370] Building CXX object libclamunrar/CMakeFiles/clamunrar.dir/qopen.cpp.o
[88/370] Building CXX object libclamunrar/CMakeFiles/clamunrar.dir/rarvm.cpp.o
[89/370] Building CXX object libclamunrar/CMakeFiles/clamunrar.dir/rawread.cpp.o
[90/370] Building CXX object libclamunrar/CMakeFiles/clamunrar.dir/rdwrfn.cpp.o
[91/370] Building CXX object libclamunrar/CMakeFiles/clamunrar.dir/resource.cpp.o
[92/370] Building CXX object libclamunrar/CMakeFiles/clamunrar.dir/recvol.cpp.o
[93/370] Building CXX object libclamunrar/CMakeFiles/clamunrar.dir/rijndael.cpp.o
[94/370] Building CXX object libclamunrar/CMakeFiles/clamunrar.dir/rs.cpp.o
[95/370] Building CXX object libclamunrar/CMakeFiles/clamunrar.dir/rs16.cpp.o
[96/370] Building CXX object libclamunrar/CMakeFiles/clamunrar.dir/scantree.cpp.o
[97/370] Building CXX object libclamunrar/CMakeFiles/clamunrar.dir/secpassword.cpp.o
[98/370] Building CXX object libclamunrar/CMakeFiles/clamunrar.dir/sha256.cpp.o
[99/370] Building CXX object libclamunrar/CMakeFiles/clamunrar.dir/sha1.cpp.o
[100/370] Building CXX object libclamunrar/CMakeFiles/clamunrar.dir/smallfn.cpp.o
[101/370] Building CXX object libclamunrar/CMakeFiles/clamunrar.dir/strfn.cpp.o
[102/370] Building CXX object libclamunrar/CMakeFiles/clamunrar.dir/system.cpp.o
[103/370] Building CXX object libclamunrar/CMakeFiles/clamunrar.dir/strlist.cpp.o
[104/370] Building CXX object libclamunrar/CMakeFiles/clamunrar.dir/threadpool.cpp.o
[105/370] Building CXX object libclamunrar/CMakeFiles/clamunrar.dir/timefn.cpp.o
[106/370] Building CXX object libclamunrar/CMakeFiles/clamunrar.dir/ui.cpp.o
[107/370] Building CXX object libclamunrar/CMakeFiles/clamunrar.dir/unicode.cpp.o
[108/370] Building CXX object libclamunrar/CMakeFiles/clamunrar.dir/volume.cpp.o
[109/370] cd /Users/user01/Desktop/캐쳐시큐/catchsecu-clone/.local/clamav-source/build/unit_tests/input && /Users/user01/homebrew/bin/cmake -E make_directory /Users/user01/Desktop/캐쳐시큐/catchsecu-clone/.local/clamav-source/build/unit_tests/input/clamav_hdb_scanfiles && /Users/user01/homebrew/bin/cmake -E make_directory /Users/user01/Desktop/캐쳐시큐/catchsecu-clone/.local/clamav-source/build/unit_tests/input/signing/sign
[110/370] Decrypting test file clamav_hdb_scanfiles/clam.cab...
Created: '/Users/user01/Desktop/캐쳐시큐/catchsecu-clone/.local/clamav-source/build/unit_tests/input/clamav_hdb_scanfiles/clam.cab'
[111/370] Decrypting test file clamav_hdb_scanfiles/clam.exe...
Created: '/Users/user01/Desktop/캐쳐시큐/catchsecu-clone/.local/clamav-source/build/unit_tests/input/clamav_hdb_scanfiles/clam.exe'
[112/370] Decrypting test file clamav_hdb_scanfiles/clam.zip...
Created: '/Users/user01/Desktop/캐쳐시큐/catchsecu-clone/.local/clamav-source/build/unit_tests/input/clamav_hdb_scanfiles/clam.zip'
[113/370] Decrypting test file clamav_hdb_scanfiles/clam.arj...
Created: '/Users/user01/Desktop/캐쳐시큐/catchsecu-clone/.local/clamav-source/build/unit_tests/input/clamav_hdb_scanfiles/clam.arj'
[114/370] Decrypting test file clamav_hdb_scanfiles/clam.exe.rtf...
Created: '/Users/user01/Desktop/캐쳐시큐/catchsecu-clone/.local/clamav-source/build/unit_tests/input/clamav_hdb_scanfiles/clam.exe.rtf'
[115/370] Decrypting test file clamav_hdb_scanfiles/clam.exe.szdd...
Created: '/Users/user01/Desktop/캐쳐시큐/catchsecu-clone/.local/clamav-source/build/unit_tests/input/clamav_hdb_scanfiles/clam.exe.szdd'
[116/370] Decrypting test file clamav_hdb_scanfiles/clam.tar.gz...
Created: '/Users/user01/Desktop/캐쳐시큐/catchsecu-clone/.local/clamav-source/build/unit_tests/input/clamav_hdb_scanfiles/clam.tar.gz'
[117/370] Decrypting test file clamav_hdb_scanfiles/clam.chm...
Created: '/Users/user01/Desktop/캐쳐시큐/catchsecu-clone/.local/clamav-source/build/unit_tests/input/clamav_hdb_scanfiles/clam.chm'
[118/370] Decrypting test file clamav_hdb_scanfiles/clam.sis...
Created: '/Users/user01/Desktop/캐쳐시큐/catchsecu-clone/.local/clamav-source/build/unit_tests/input/clamav_hdb_scanfiles/clam.sis'
[119/370] Decrypting test file clamav_hdb_scanfiles/clam-aspack.exe...
Created: '/Users/user01/Desktop/캐쳐시큐/catchsecu-clone/.local/clamav-source/build/unit_tests/input/clamav_hdb_scanfiles/clam-aspack.exe'
[120/370] Building CXX object libclamunrar_iface/CMakeFiles/clamunrar_iface.dir/unrar_iface.cpp.o
[121/370] Decrypting test file clamav_hdb_scanfiles/clam-pespin.exe...
Created: '/Users/user01/Desktop/캐쳐시큐/catchsecu-clone/.local/clamav-source/build/unit_tests/input/clamav_hdb_scanfiles/clam-pespin.exe'
[122/370] Decrypting test file clamav_hdb_scanfiles/clam-upx.exe...
Created: '/Users/user01/Desktop/캐쳐시큐/catchsecu-clone/.local/clamav-source/build/unit_tests/input/clamav_hdb_scanfiles/clam-upx.exe'
[123/370] Decrypting test file clamav_hdb_scanfiles/clam-fsg.exe...
Created: '/Users/user01/Desktop/캐쳐시큐/catchsecu-clone/.local/clamav-source/build/unit_tests/input/clamav_hdb_scanfiles/clam-fsg.exe'
[124/370] Decrypting test file clamav_hdb_scanfiles/clam-mew.exe...
Created: '/Users/user01/Desktop/캐쳐시큐/catchsecu-clone/.local/clamav-source/build/unit_tests/input/clamav_hdb_scanfiles/clam-mew.exe'
[125/370] Decrypting test file clamav_hdb_scanfiles/clam-nsis.exe...
Created: '/Users/user01/Desktop/캐쳐시큐/catchsecu-clone/.local/clamav-source/build/unit_tests/input/clamav_hdb_scanfiles/clam-nsis.exe'
[126/370] Decrypting test file clamav_hdb_scanfiles/clam-upack.exe...
Created: '/Users/user01/Desktop/캐쳐시큐/catchsecu-clone/.local/clamav-source/build/unit_tests/input/clamav_hdb_scanfiles/clam-upack.exe'
[127/370] Decrypting test file clamav_hdb_scanfiles/clam-petite.exe...
Created: '/Users/user01/Desktop/캐쳐시큐/catchsecu-clone/.local/clamav-source/build/unit_tests/input/clamav_hdb_scanfiles/clam-petite.exe'
[128/370] Decrypting test file clamav_hdb_scanfiles/clam-wwpack.exe...
Created: '/Users/user01/Desktop/캐쳐시큐/catchsecu-clone/.local/clamav-source/build/unit_tests/input/clamav_hdb_scanfiles/clam-wwpack.exe'
[129/370] Decrypting test file clamav_hdb_scanfiles/clam.pdf...
Created: '/Users/user01/Desktop/캐쳐시큐/catchsecu-clone/.local/clamav-source/build/unit_tests/input/clamav_hdb_scanfiles/clam.pdf'
[130/370] Decrypting test file clamav_hdb_scanfiles/clam.mail...
Created: '/Users/user01/Desktop/캐쳐시큐/catchsecu-clone/.local/clamav-source/build/unit_tests/input/clamav_hdb_scanfiles/clam.mail'
[131/370] Decrypting test file clamav_hdb_scanfiles/clam.ppt...
Created: '/Users/user01/Desktop/캐쳐시큐/catchsecu-clone/.local/clamav-source/build/unit_tests/input/clamav_hdb_scanfiles/clam.ppt'
[132/370] Decrypting test file clamav_hdb_scanfiles/clam.tnef...
Created: '/Users/user01/Desktop/캐쳐시큐/catchsecu-clone/.local/clamav-source/build/unit_tests/input/clamav_hdb_scanfiles/clam.tnef'
[133/370] Decrypting test file clamav_hdb_scanfiles/clam.ea05.exe...
Created: '/Users/user01/Desktop/캐쳐시큐/catchsecu-clone/.local/clamav-source/build/unit_tests/input/clamav_hdb_scanfiles/clam.ea05.exe'
[134/370] Decrypting test file clamav_hdb_scanfiles/clam.d64.zip...
Created: '/Users/user01/Desktop/캐쳐시큐/catchsecu-clone/.local/clamav-source/build/unit_tests/input/clamav_hdb_scanfiles/clam.d64.zip'
[135/370] Decrypting test file clamav_hdb_scanfiles/clam.ea06.exe...
Created: '/Users/user01/Desktop/캐쳐시큐/catchsecu-clone/.local/clamav-source/build/unit_tests/input/clamav_hdb_scanfiles/clam.ea06.exe'
[136/370] Decrypting test file clamav_hdb_scanfiles/clam.exe.mbox.base64...
Created: '/Users/user01/Desktop/캐쳐시큐/catchsecu-clone/.local/clamav-source/build/unit_tests/input/clamav_hdb_scanfiles/clam.exe.mbox.base64'
[137/370] Decrypting test file clamav_hdb_scanfiles/clam.exe.binhex...
Created: '/Users/user01/Desktop/캐쳐시큐/catchsecu-clone/.local/clamav-source/build/unit_tests/input/clamav_hdb_scanfiles/clam.exe.binhex'
[138/370] Decrypting test file clamav_hdb_scanfiles/clam.exe.mbox.uu...
Created: '/Users/user01/Desktop/캐쳐시큐/catchsecu-clone/.local/clamav-source/build/unit_tests/input/clamav_hdb_scanfiles/clam.exe.mbox.uu'
[139/370] Decrypting test file clamav_hdb_scanfiles/clam.impl.zip...
Created: '/Users/user01/Desktop/캐쳐시큐/catchsecu-clone/.local/clamav-source/build/unit_tests/input/clamav_hdb_scanfiles/clam.impl.zip'
[140/370] Decrypting test file clamav_hdb_scanfiles/clam.ole.doc...
Created: '/Users/user01/Desktop/캐쳐시큐/catchsecu-clone/.local/clamav-source/build/unit_tests/input/clamav_hdb_scanfiles/clam.ole.doc'
[141/370] Decrypting test file clamav_hdb_scanfiles/clam.exe.html...
Created: '/Users/user01/Desktop/캐쳐시큐/catchsecu-clone/.local/clamav-source/build/unit_tests/input/clamav_hdb_scanfiles/clam.exe.html'
[142/370] Decrypting test file clamav_hdb_scanfiles/clam.bin-be.cpio...
Created: '/Users/user01/Desktop/캐쳐시큐/catchsecu-clone/.local/clamav-source/build/unit_tests/input/clamav_hdb_scanfiles/clam.bin-be.cpio'
[143/370] Decrypting test file clamav_hdb_scanfiles/clam.bin-le.cpio...
Created: '/Users/user01/Desktop/캐쳐시큐/catchsecu-clone/.local/clamav-source/build/unit_tests/input/clamav_hdb_scanfiles/clam.bin-le.cpio'
[144/370] Decrypting test file clamav_hdb_scanfiles/clam.newc.cpio...
Created: '/Users/user01/Desktop/캐쳐시큐/catchsecu-clone/.local/clamav-source/build/unit_tests/input/clamav_hdb_scanfiles/clam.newc.cpio'
[145/370] Decrypting test file clamav_hdb_scanfiles/clam.odc.cpio...
Created: '/Users/user01/Desktop/캐쳐시큐/catchsecu-clone/.local/clamav-source/build/unit_tests/input/clamav_hdb_scanfiles/clam.odc.cpio'
[146/370] Decrypting test file clamav_hdb_scanfiles/clam-yc.exe...
Created: '/Users/user01/Desktop/캐쳐시큐/catchsecu-clone/.local/clamav-source/build/unit_tests/input/clamav_hdb_scanfiles/clam-yc.exe'
[147/370] Building CXX object libclamunrar/CMakeFiles/clamunrar.dir/unpack.cpp.o
[148/370] Linking CXX shared library libclamunrar/libclamunrar.12.1.0.dylib
[149/370] Creating library symlink libclamunrar/libclamunrar.12.dylib libclamunrar/libclamunrar.dylib
[150/370] Linking CXX shared library libclamunrar_iface/libclamunrar_iface.12.1.0.dylib
[151/370] Creating library symlink libclamunrar_iface/libclamunrar_iface.12.dylib libclamunrar_iface/libclamunrar_iface.dylib
[152/370] Decrypting test file clamav_hdb_scanfiles/clam_IScab_int.exe...
Created: '/Users/user01/Desktop/캐쳐시큐/catchsecu-clone/.local/clamav-source/build/unit_tests/input/clamav_hdb_scanfiles/clam_IScab_int.exe'
[153/370] Decrypting test file clamav_hdb_scanfiles/clam_IScab_ext.exe...
Created: '/Users/user01/Desktop/캐쳐시큐/catchsecu-clone/.local/clamav-source/build/unit_tests/input/clamav_hdb_scanfiles/clam_IScab_ext.exe'
[154/370] Decrypting test file clamav_hdb_scanfiles/clam.7z...
Created: '/Users/user01/Desktop/캐쳐시큐/catchsecu-clone/.local/clamav-source/build/unit_tests/input/clamav_hdb_scanfiles/clam.7z'
[155/370] Decrypting test file clamav_hdb_scanfiles/clam_cache_emax.tgz...
Created: '/Users/user01/Desktop/캐쳐시큐/catchsecu-clone/.local/clamav-source/build/unit_tests/input/clamav_hdb_scanfiles/clam_cache_emax.tgz'
[156/370] Decrypting test file clamav_hdb_scanfiles/clam_ISmsi_ext.exe...
Created: '/Users/user01/Desktop/캐쳐시큐/catchsecu-clone/.local/clamav-source/build/unit_tests/input/clamav_hdb_scanfiles/clam_ISmsi_ext.exe'
[157/370] Decrypting test file clamav_hdb_scanfiles/clam.iso...
Created: '/Users/user01/Desktop/캐쳐시큐/catchsecu-clone/.local/clamav-source/build/unit_tests/input/clamav_hdb_scanfiles/clam.iso'
[158/370] Decrypting test file clamav_hdb_scanfiles/clam_ISmsi_int.exe...
Created: '/Users/user01/Desktop/캐쳐시큐/catchsecu-clone/.local/clamav-source/build/unit_tests/input/clamav_hdb_scanfiles/clam_ISmsi_int.exe'
[159/370] Decrypting test file clamav_hdb_scanfiles/clam.bz2.zip...
Created: '/Users/user01/Desktop/캐쳐시큐/catchsecu-clone/.local/clamav-source/build/unit_tests/input/clamav_hdb_scanfiles/clam.bz2.zip'
[160/370] Decrypting test file clamav_hdb_scanfiles/clam.exe.bz2...
Created: '/Users/user01/Desktop/캐쳐시큐/catchsecu-clone/.local/clamav-source/build/unit_tests/input/clamav_hdb_scanfiles/clam.exe.bz2'
[161/370] Decrypting test file clamav_hdb_scanfiles/clam.exe_and_mail.tar.gz...
Created: '/Users/user01/Desktop/캐쳐시큐/catchsecu-clone/.local/clamav-source/build/unit_tests/input/clamav_hdb_scanfiles/clam.exe_and_mail.tar.gz'
[162/370] Decrypting test file clamav_hdb_scanfiles/clamjol.iso...
Created: '/Users/user01/Desktop/캐쳐시큐/catchsecu-clone/.local/clamav-source/build/unit_tests/input/clamav_hdb_scanfiles/clamjol.iso'
[163/370] Decrypting test file clamav_hdb_scanfiles/clam.exe.webapp-export.one...
Created: '/Users/user01/Desktop/캐쳐시큐/catchsecu-clone/.local/clamav-source/build/unit_tests/input/clamav_hdb_scanfiles/clam.exe.webapp-export.one'
[164/370] Decrypting test file clamav_hdb_scanfiles/clam.split.oneseg.zip...
Created: '/Users/user01/Desktop/캐쳐시큐/catchsecu-clone/.local/clamav-source/build/unit_tests/input/clamav_hdb_scanfiles/clam.split.oneseg.zip'
[165/370] Decrypting test file signing/sign/signing-test.key...
Created: '/Users/user01/Desktop/캐쳐시큐/catchsecu-clone/.local/clamav-source/build/unit_tests/input/signing/sign/signing-test.key'
[166/370] Decrypting test file clamav_hdb_scanfiles/clam-v2.rar...
Created: '/Users/user01/Desktop/캐쳐시큐/catchsecu-clone/.local/clamav-source/build/unit_tests/input/clamav_hdb_scanfiles/clam-v2.rar'
[167/370] Decrypting test file clamav_hdb_scanfiles/clam.exe.2007.one...
Created: '/Users/user01/Desktop/캐쳐시큐/catchsecu-clone/.local/clamav-source/build/unit_tests/input/clamav_hdb_scanfiles/clam.exe.2007.one'
[168/370] Decrypting test file clamav_hdb_scanfiles/clam-v3.rar...
Created: '/Users/user01/Desktop/캐쳐시큐/catchsecu-clone/.local/clamav-source/build/unit_tests/input/clamav_hdb_scanfiles/clam-v3.rar'
[169/370] Decrypting test file clamav_hdb_scanfiles/clam.exe.2010.one...
Created: '/Users/user01/Desktop/캐쳐시큐/catchsecu-clone/.local/clamav-source/build/unit_tests/input/clamav_hdb_scanfiles/clam.exe.2010.one'
[170/370] Building clamav_rust in /Users/user01/Desktop/캐쳐시큐/catchsecu-clone/.local/clamav-source/build with:  /Users/user01/.cargo/bin/cargo build --offline --target aarch64-apple-darwin --release --target-dir /Users/user01/Desktop/캐쳐시큐/catchsecu-clone/.local/clamav-source/buildEnvironment:  OPENSSL_DIR=/Users/user01/homebrew/opt/openssl@3;OPENSSL_INCLUDE_DIR=/Users/user01/homebrew/opt/openssl@3/include;OPENSSL_LIBS=crypto:ssl;OPENSSL_LIB_DIR=/Users/user01/homebrew/opt/openssl@3/lib;CARGO_CMD=build;CARGO_TARGET_DIR=/Users/user01/Desktop/캐쳐시큐/catchsecu-clone/.local/clamav-source/build;MAINTAINER_MODE=OFF;CARGO_INCLUDE_DIRECTORIES="/Library/Developer/CommandLineTools/SDKs/MacOSX26.sdk/usr/include/libxml2;/Users/user01/homebrew/opt/openssl@3/include;/Library/Developer/CommandLineTools/SDKs/MacOSX.sdk/usr/include;/Users/user01/Desktop/캐쳐시큐/catchsecu-clone/.local/clamav-source/build/libclamav;/Users/user01/Desktop/캐쳐시큐/catchsecu-clone/.local/clamav-source/clamav-1.5.4/libclamunrar_iface;/Users/user01/Desktop/캐쳐시큐/catchsecu-clone/.local/clamav-source/clamav-1.5.4/libclamav/..;/Users/user01/Desktop/캐쳐시큐/catchsecu-clone/.local/clamav-source/build;/Users/user01/homebrew/include/json-c;/Users/user01/Desktop/캐쳐시큐/catchsecu-clone/.local/clamav-source/clamav-1.5.4/libclamav;/Users/user01/Desktop/캐쳐시큐/catchsecu-clone/.local/clamav-source/clamav-1.5.4/libclamav;/Users/user01/Desktop/캐쳐시큐/catchsecu-clone/.local/clamav-source/clamav-1.5.4/libclamav;/Users/user01/Desktop/캐쳐시큐/catchsecu-clone/.local/clamav-source/clamav-1.5.4/libclamav;/Users/user01/Desktop/캐쳐시큐/catchsecu-clone/.local/clamav-source/build/libclamav;/Users/user01/Desktop/캐쳐시큐/catchsecu-clone/.local/clamav-source/clamav-1.5.4/libclamav;/Users/user01/Desktop/캐쳐시큐/catchsecu-clone/.local/clamav-source/clamav-1.5.4/libclammspack/mspack;/Users/user01/Desktop/캐쳐시큐/catchsecu-clone/.local/clamav-source/clamav-1.5.4/libclamav_rust;/Users/user01/Desktop/캐쳐시큐/catchsecu-clone/.local/clamav-source/build;/Users/user01/homebrew/opt/openssl@3/include;/Users/user01/homebrew/opt/openssl@3/include;/Library/Developer/CommandLineTools/SDKs/MacOSX.sdk/usr/include;/Library/Developer/CommandLineTools/SDKs/MacOSX.sdk/usr/include;/Users/user01/homebrew/include;/Library/Developer/CommandLineTools/SDKs/MacOSX26.sdk/usr/include/libxml2;/Users/user01/homebrew/include/json-c;/Library/Developer/CommandLineTools/SDKs/MacOSX.sdk/usr/include";RUSTFLAGS=-g
warning: virtual workspace defaulting to `resolver = "1"` despite one or more workspace members being on edition 2021 which implies `resolver = "2"`
  |
  = note: to keep the current resolver, specify `workspace.resolver = "1"` in the workspace root's manifest
  = note: to use the edition 2021 resolver, specify `workspace.resolver = "2"` in the workspace root's manifest
  = note: for more details see https://doc.rust-lang.org/cargo/reference/resolver.html#resolver-versions
   Compiling proc-macro2 v1.0.101
   Compiling quote v1.0.41
   Compiling unicode-ident v1.0.19
   Compiling libc v0.2.177
   Compiling autocfg v1.5.0
   Compiling cfg-if v1.0.3
   Compiling stable_deref_trait v1.2.1
   Compiling memchr v2.7.6
   Compiling serde_core v1.0.228
   Compiling bitflags v2.9.4
   Compiling num-traits v0.2.19
   Compiling crossbeam-utils v0.8.21
   Compiling either v1.15.0
   Compiling wasm-bindgen-shared v0.2.104
   Compiling rustix v1.1.2
   Compiling glob v0.3.3
   Compiling crossbeam-epoch v0.9.20
   Compiling log v0.4.28
   Compiling clang-sys v1.8.1
   Compiling aho-corasick v1.1.3
   Compiling syn v2.0.106
   Compiling serde v1.0.228
   Compiling regex-syntax v0.8.8
   Compiling rustix v0.38.44
   Compiling shlex v1.3.0
   Compiling prettyplease v0.2.37
   Compiling getrandom v0.3.3
   Compiling rayon-core v1.13.0
   Compiling errno v0.3.14
   Compiling crossbeam-deque v0.8.6
   Compiling anyhow v1.0.100
   Compiling num-integer v0.1.46
   Compiling thiserror v2.0.17
   Compiling simd-adler32 v0.3.7
   Compiling version_check v0.9.5
   Compiling typenum v1.19.0
   Compiling litemap v0.8.0
   Compiling rustversion v1.0.22
   Compiling writeable v0.6.1
   Compiling generic-array v0.14.9
   Compiling jobserver v0.1.34
   Compiling syn v1.0.109
   Compiling icu_properties_data v2.0.1
   Compiling crc32fast v1.5.0
   Compiling smallvec v1.15.1
   Compiling bumpalo v3.19.0
   Compiling minimal-lexical v0.2.1
   Compiling icu_normalizer_data v2.0.0
   Compiling lazy_static v1.5.0
   Compiling find-msvc-tools v0.1.4
   Compiling nom v7.1.3
   Compiling cc v1.2.41
   Compiling regex-automata v0.4.13
   Compiling num-bigint v0.4.6
   Compiling vcpkg v0.2.15
   Compiling adler2 v2.0.1
   Compiling bit-vec v0.6.3
   Compiling zerocopy v0.8.27
   Compiling pkg-config v0.3.32
   Compiling arrayvec v0.7.6
   Compiling bindgen v0.65.1
   Compiling paste v1.0.15
   Compiling openssl-sys v0.9.117
   Compiling synstructure v0.13.2
   Compiling wasm-bindgen-backend v0.2.104
   Compiling bit-set v0.5.3
   Compiling miniz_oxide v0.8.9
   Compiling regex v1.12.2
   Compiling wasm-bindgen v0.2.104
   Compiling num-rational v0.4.2
   Compiling zerofrom-derive v0.1.6
   Compiling yoke-derive v0.8.0
   Compiling zerovec-derive v0.11.1
   Compiling displaydoc v0.2.5
   Compiling serde_derive v1.0.228
   Compiling zerofrom v0.1.6
   Compiling equator-macro v0.4.2
   Compiling yoke v0.8.0
   Compiling thiserror-impl v2.0.17
   Compiling zerovec v0.11.4
   Compiling equator v0.4.2
   Compiling zerotrie v0.2.2
   Compiling aligned-vec v0.6.4
   Compiling v_frame v0.3.9
   Compiling wasm-bindgen-macro-support v0.2.104
   Compiling zerocopy-derive v0.8.27
   Compiling rayon v1.11.0
   Compiling tinystr v0.8.1
   Compiling potential_utf v0.1.3
   Compiling icu_locale_core v2.0.0
   Compiling icu_collections v2.0.0
   Compiling indexmap v1.9.3
   Compiling as-slice v0.2.1
   Compiling core-foundation-sys v0.8.7
   Compiling serde_json v1.0.145
   Compiling built v0.8.0
   Compiling once_cell v1.21.3
   Compiling av-scenechange v0.14.1
   Compiling icu_provider v2.0.0
   Compiling utf8parse v0.2.2
   Compiling anstyle-parse v0.2.7
   Compiling icu_normalizer v2.0.0
   Compiling icu_properties v2.0.1
   Compiling rav1e v0.8.1
   Compiling iana-time-zone v0.1.64
   Compiling aligned v0.4.3
   Compiling wasm-bindgen-macro v0.2.104
   Compiling arg_enum_proc_macro v0.3.4
   Compiling profiling-procmacros v1.0.17
   Compiling num-derive v0.4.2
   Compiling fancy-regex v0.3.5
   Compiling libloading v0.8.9
   Compiling itertools v0.14.0
   Compiling core2 v0.4.0
   Compiling home v0.5.11
   Compiling pastey v0.1.1
   Compiling fastrand v2.3.0
   Compiling quick-error v2.0.1
   Compiling cbindgen v0.25.0
   Compiling y4m v0.8.0
   Compiling hashbrown v0.12.3
   Compiling is_terminal_polyfill v1.70.1
   Compiling colorchoice v1.0.4
   Compiling itoa v1.0.15
   Compiling ryu v1.0.20
   Compiling heck v0.5.0
   Compiling anstyle-query v1.1.4
   Compiling anstyle v1.0.13
   Compiling tempfile v3.23.0
   Compiling anstream v0.6.21
   Compiling which v4.4.2
   Compiling half v2.7.1
   Compiling bitstream-io v4.9.0
   Compiling change-case v0.2.0
   Compiling profiling v1.0.17
   Compiling cexpr v0.6.0
   Compiling toml v0.5.11
   Compiling idna_adapter v1.2.1
   Compiling maybe-rayon v0.1.1
   Compiling chrono v0.4.42
   Compiling flate2 v1.1.4
   Compiling av1-grain v0.2.4
   Compiling fax_derive v0.2.0
   Compiling crypto-common v0.1.6
   Compiling block-buffer v0.10.4
   Compiling simd_helpers v0.1.0
   Compiling strsim v0.11.1
   Compiling weezl v0.1.10
   Compiling rustc-hash v1.1.0
   Compiling bitflags v1.3.2
   Compiling zune-core v0.4.12
   Compiling imgref v1.12.0
   Compiling lazycell v1.3.0
   Compiling foreign-types-shared v0.1.1
   Compiling tinyvec_macros v0.1.1
   Compiling percent-encoding v2.3.2
   Compiling string-cases v0.2.0
   Compiling clap_lex v0.7.6
   Compiling peeking_take_while v0.1.2
   Compiling heck v0.4.1
   Compiling noop_proc_macro v0.3.0
   Compiling strength_reduce v0.2.4
   Compiling either_n v0.2.0
   Compiling thiserror v1.0.69
   Compiling utf8_iter v1.0.4
   Compiling openssl v0.10.81
   Compiling new_debug_unreachable v1.0.6
   Compiling enum-variants-strings-derive v0.3.0
   Compiling idna v1.1.0
   Compiling transpose v0.2.3
   Compiling clap_builder v4.5.49
   Compiling form_urlencoded v1.2.2
   Compiling tinyvec v1.10.0
   Compiling foreign-types v0.3.2
   Compiling loop9 v0.1.5
   Compiling zune-jpeg v0.4.21
   Compiling fax v0.2.6
   Compiling digest v0.10.7
   Compiling clam-sigutil v1.2.4 (https://github.com/Cisco-Talos/clamav-signature-util?tag=1.2.4#7cfeb7f6)
   Compiling clap_derive v4.5.49
   Compiling thiserror-impl v1.0.69
   Compiling openssl-macros v0.1.1
   Compiling enumflags2_derive v0.7.12
   Compiling avif-serialize v0.8.6
   Compiling primal-check v0.3.4
   Compiling fdeflate v0.3.7
   Compiling zune-inflate v0.2.54
   Compiling num-complex v0.4.6
   Compiling pxfm v0.1.25
   Compiling cpufeatures v0.2.17
   Compiling byteorder-lite v0.1.0
   Compiling bit_field v0.10.3
   Compiling bytemuck v1.24.0
   Compiling zune-core v0.5.0
   Compiling nu-ansi-term v0.50.3
   Compiling color_quant v1.1.0
   Compiling rgb v0.8.52
   Compiling lebe v0.5.3
   Compiling exr v1.74.0
   Compiling ravif v0.12.0
   Compiling moxcms v0.7.7
   Compiling gif v0.14.1
   Compiling flexi_logger v0.30.2
   Compiling zune-jpeg v0.5.8
   Compiling qoi v0.4.1
   Compiling image-webp v0.2.4
   Compiling rustfft v6.4.1
   Compiling png v0.18.0
   Compiling enumflags2 v0.7.12
   Compiling clap v4.5.49
   Compiling clamav_rust v0.0.1 (/Users/user01/Desktop/캐쳐시큐/catchsecu-clone/.local/clamav-source/clamav-1.5.4/libclamav_rust)
   Compiling url v2.5.7
   Compiling enum-primitive-derive v0.2.2
   Compiling tiff v0.10.3
   Compiling enum-variants-strings v0.3.0
   Compiling xattr v1.6.1
   Compiling strum_macros v0.27.2
   Compiling filetime v0.2.26
   Compiling itertools v0.10.5
   Compiling encoding_rs v0.8.35
   Compiling uuid v1.18.1
   Compiling bytes v1.11.1
   Compiling widestring v1.2.1
   Compiling strum v0.27.2
   Compiling hex-literal v1.0.0
   Compiling hashbrown v0.16.0
   Compiling hex v0.4.3
   Compiling equivalent v1.0.2
   Compiling humantime v2.3.0
   Compiling downcast-rs v2.0.2
   Compiling indexmap v2.11.4
   Compiling onenote_parser v0.3.1 (https://github.com/Cisco-Talos/onenote.rs.git?branch=CLAM-2329-new-from-slice#29c08532)
   Compiling tar v0.4.46
   Compiling image v0.25.9
   Compiling rustdct v0.7.1
   Compiling sha2 v0.10.9
   Compiling sha1 v0.10.6
   Compiling bzip2-rs v0.1.2
   Compiling delharc v0.6.1
   Compiling byteorder v1.5.0
   Compiling md5 v0.7.0
   Compiling hex-literal v0.4.1
   Compiling unicode-segmentation v1.12.0
   Compiling base64 v0.21.7
warning: use of deprecated method `openssl::asn1::Asn1StringRef::as_utf8`: truncates at the first interior NUL byte; use `to_string` instead
   --> libclamav_rust/src/codesign.rs:594:65
    |
594 | ...                   .map(|name_entry| name_entry.data().as_utf8().unwrap().to_string())
    |                                                           ^^^^^^^
    |
    = note: `#[warn(deprecated)]` on by default

warning: use of deprecated method `openssl::asn1::Asn1StringRef::as_utf8`: truncates at the first interior NUL byte; use `to_string` instead
   --> libclamav_rust/src/codesign.rs:636:61
    |
636 |                         .map(|name_entry| name_entry.data().as_utf8().unwrap().to_string())
    |                                                             ^^^^^^^

warning: `clamav_rust` (lib) generated 2 warnings
    Finished `release` profile [optimized] target(s) in 3m 38s
[171/370] Building C object libclamav/CMakeFiles/clamav.dir/fpu.c.o
[172/370] Building C object libclamav/CMakeFiles/clamav.dir/conv.c.o
[173/370] Building C object libclamav/CMakeFiles/clamav.dir/blob.c.o
[174/370] Building C object libclamav/CMakeFiles/clamav.dir/iowrap.c.o
[175/370] Building C object libclamav/CMakeFiles/clamav.dir/hashtab.c.o
[176/370] Building C object libclamav/CMakeFiles/clamav.dir/json_api.c.o
[177/370] Building C object libclamav/CMakeFiles/clamav.dir/sf_base64decode.c.o
[178/370] Building C object libclamav/CMakeFiles/clamav.dir/strlcat.c.o
[179/370] Building C object libclamav/CMakeFiles/clamav.dir/others_common.c.o
[180/370] Building C object libclamav/CMakeFiles/clamav.dir/table.c.o
[181/370] Building C object libclamav/CMakeFiles/clamav.dir/str.c.o
[182/370] Building C object libclamav/CMakeFiles/clamav.dir/qsort.c.o
/Users/user01/Desktop/캐쳐시큐/catchsecu-clone/.local/clamav-source/clamav-1.5.4/libclamav/qsort.c:66:5: warning: a function definition without a prototype is deprecated in all versions of C and is not supported in C23 [-Wdeprecated-non-prototype]
   66 |     swapfunc(a, b, n, swaptype) char *a,
      |     ^
/Users/user01/Desktop/캐쳐시큐/catchsecu-clone/.local/clamav-source/clamav-1.5.4/libclamav/qsort.c:92:5: warning: a function definition without a prototype is deprecated in all versions of C and is not supported in C23 [-Wdeprecated-non-prototype]
   92 |     med3(a, b, c, cmp) char *a, *b, *c;
      |     ^
/Users/user01/Desktop/캐쳐시큐/catchsecu-clone/.local/clamav-source/clamav-1.5.4/libclamav/qsort.c:100:5: warning: a function definition without a prototype is deprecated in all versions of C and is not supported in C23 [-Wdeprecated-non-prototype]
  100 |     med3_r(arg, a, b, c, cmp) void *arg;
      |     ^
/Users/user01/Desktop/캐쳐시큐/catchsecu-clone/.local/clamav-source/clamav-1.5.4/libclamav/qsort.c:114:5: warning: performing pointer subtraction with a null pointer has undefined behavior [-Wnull-pointer-subtraction]
  114 |     SWAPINIT(a, es);
      |     ^~~~~~~~~~~~~~~
/Users/user01/Desktop/캐쳐시큐/catchsecu-clone/.local/clamav-source/clamav-1.5.4/libclamav/qsort.c:59:47: note: expanded from macro 'SWAPINIT'
   59 | #define SWAPINIT(a, es) swaptype = ((char *)a - (char *)0) % sizeof(long) || \
      |                                               ^ ~~~~~~~~~
/Users/user01/Desktop/캐쳐시큐/catchsecu-clone/.local/clamav-source/clamav-1.5.4/libclamav/qsort.c:193:5: warning: performing pointer subtraction with a null pointer has undefined behavior [-Wnull-pointer-subtraction]
  193 |     SWAPINIT(a, es);
      |     ^~~~~~~~~~~~~~~
/Users/user01/Desktop/캐쳐시큐/catchsecu-clone/.local/clamav-source/clamav-1.5.4/libclamav/qsort.c:59:47: note: expanded from macro 'SWAPINIT'
   59 | #define SWAPINIT(a, es) swaptype = ((char *)a - (char *)0) % sizeof(long) || \
      |                                               ^ ~~~~~~~~~
5 warnings generated.
[183/370] Building C object libclamav/CMakeFiles/clamav.dir/text.c.o
[184/370] Building C object libclamav/CMakeFiles/clamav.dir/uniq.c.o
[185/370] Building C object libclamav/CMakeFiles/clamav.dir/www.c.o
[186/370] Building C object libclamav/CMakeFiles/clamav.dir/disasm.c.o
[187/370] Building C object libclamav/CMakeFiles/clamav.dir/filtering.c.o
[188/370] Building C object libclamav/CMakeFiles/clamav.dir/matcher-bm.c.o
[189/370] Building C object libclamav/CMakeFiles/clamav.dir/matcher-hash.c.o
[190/370] Building C object libclamav/CMakeFiles/clamav.dir/matcher-byte-comp.c.o
[191/370] Building C object libclamav/CMakeFiles/clamav.dir/matcher-pcre.c.o
[192/370] Building C object libclamav/CMakeFiles/clamav.dir/matcher-ac.c.o
/Users/user01/Desktop/캐쳐시큐/catchsecu-clone/.local/clamav-source/clamav-1.5.4/libclamav/matcher-ac.c:1640:115: warning: unused parameter 'ctx' [-Wunused-parameter]
 1640 | inline static cl_error_t ac_addtype(struct cli_matched_type **list, cli_file_t type, off_t offset, const cli_ctx *ctx)
      |                                                                                                                   ^
/Users/user01/Desktop/캐쳐시큐/catchsecu-clone/.local/clamav-source/clamav-1.5.4/libclamav/matcher-ac.c:2009:48: warning: implicit conversion from enumeration type 'enum cli_file' to different enumeration type 'cl_error_t' (aka 'enum cl_error_t') [-Wimplicit-enum-enum-cast]
 2009 |                                         return CL_TYPE_IGNORED;
      |                                         ~~~~~~ ^~~~~~~~~~~~~~~
/Users/user01/Desktop/캐쳐시큐/catchsecu-clone/.local/clamav-source/clamav-1.5.4/libclamav/matcher-ac.c:2127:44: warning: implicit conversion from enumeration type 'enum cli_file' to different enumeration type 'cl_error_t' (aka 'enum cl_error_t') [-Wimplicit-enum-enum-cast]
 2127 |                                     return CL_TYPE_IGNORED;
      |                                     ~~~~~~ ^~~~~~~~~~~~~~~
/Users/user01/Desktop/캐쳐시큐/catchsecu-clone/.local/clamav-source/clamav-1.5.4/libclamav/matcher-ac.c:2245:34: warning: implicit conversion from enumeration type 'cli_file_t' (aka 'enum cli_file') to different enumeration type 'cl_error_t' (aka 'enum cl_error_t') [-Wimplicit-enum-enum-cast]
 2245 |     return (mode & AC_SCAN_FT) ? type : CL_CLEAN;
      |     ~~~~~~                       ^~~~
4 warnings generated.
[193/370] Building C object libclamav/CMakeFiles/clamav.dir/regex_pcre.c.o
[194/370] Building C object libclamav/CMakeFiles/clamav.dir/cvd.c.o
[195/370] Building C object libclamav/CMakeFiles/clamav.dir/matcher.c.o
[196/370] Building C object libclamav/CMakeFiles/clamav.dir/dconf.c.o
[197/370] Building C object libclamav/CMakeFiles/clamav.dir/dsig.c.o
[198/370] Building C object libclamav/CMakeFiles/clamav.dir/cache.c.o
[199/370] Building C object libclamav/CMakeFiles/clamav.dir/crtmgr.c.o
[200/370] Building C object libclamav/CMakeFiles/clamav.dir/crypto.c.o
[201/370] Building C object libclamav/CMakeFiles/clamav.dir/filetypes.c.o
[202/370] Building C object libclamav/CMakeFiles/clamav.dir/fmap.c.o
[203/370] Building C object libclamav/CMakeFiles/clamav.dir/perflogging.c.o
[204/370] Building C object libclamav/CMakeFiles/clamav.dir/mpool.c.o
[205/370] Building C object libclamav/CMakeFiles/clamav.dir/scan_layer.c.o
[206/370] Building C object libclamav/CMakeFiles/clamav.dir/others.c.o
/Users/user01/Desktop/캐쳐시큐/catchsecu-clone/.local/clamav-source/clamav-1.5.4/libclamav/others.c:158:13: warning: suspicious concatenation of string literals in an array initialization; did you mean to separate the elements with a comma? [-Wstring-concatenation]
  158 |         "." LT_LIBEXT};
      |             ^
      |            ,
/Users/user01/Desktop/캐쳐시큐/catchsecu-clone/.local/clamav-source/build/clamav-config.h:392:19: note: expanded from macro 'LT_LIBEXT'
  392 | #define LT_LIBEXT ".a"
      |                   ^
/Users/user01/Desktop/캐쳐시큐/catchsecu-clone/.local/clamav-source/clamav-1.5.4/libclamav/others.c:158:9: note: place parentheses around the string literal to silence warning
  158 |         "." LT_LIBEXT};
      |         ^
1 warning generated.
[207/370] Building C object libclamav/CMakeFiles/clamav.dir/readdb.c.o
[208/370] Building C object libclamav/CMakeFiles/clamav.dir/textdet.c.o
/Users/user01/Desktop/캐쳐시큐/catchsecu-clone/.local/clamav-source/clamav-1.5.4/libclamav/textdet.c:151:52: warning: variable 'high' set but not used [-Wunused-but-set-variable]
  151 |     unsigned int be = 1, nobom = 0, i, c, bad = 0, high = 0;
      |                                                    ^
1 warning generated.
[209/370] Building C object libclamav/CMakeFiles/clamav.dir/version.c.o
[210/370] Building C object libclamav/CMakeFiles/clamav.dir/textnorm.c.o
[211/370] Building C object libclamav/CMakeFiles/clamav.dir/partition_intersection.c.o
[212/370] Building C object libclamav/CMakeFiles/clamav.dir/scanners.c.o
/Users/user01/Desktop/캐쳐시큐/catchsecu-clone/.local/clamav-source/clamav-1.5.4/libclamav/scanners.c:3847:43: warning: comparison of different enumeration types ('cl_error_t' (aka 'enum cl_error_t') and 'enum cli_file') [-Wenum-compare]
 3847 |                                 if ((iret == CL_TYPE_GPT) && (DCONF_ARCH & ARCH_CONF_GPT)) {
      |                                      ~~~~ ^  ~~~~~~~~~~~
/Users/user01/Desktop/캐쳐시큐/catchsecu-clone/.local/clamav-source/clamav-1.5.4/libclamav/scanners.c:3684:22: warning: unused variable 'ancestor_was_embedded' [-Wunused-variable]
 3684 |                 bool ancestor_was_embedded = false;
      |                      ^~~~~~~~~~~~~~~~~~~~~
/Users/user01/Desktop/캐쳐시큐/catchsecu-clone/.local/clamav-source/clamav-1.5.4/libclamav/scanners.c:3685:24: warning: unused variable 'i' [-Wunused-variable]
 3685 |                 size_t i;
      |                        ^
/Users/user01/Desktop/캐쳐시큐/catchsecu-clone/.local/clamav-source/clamav-1.5.4/libclamav/scanners.c:4148:31: warning: implicit conversion from enumeration type 'enum cli_file' to different enumeration type 'cl_error_t' (aka 'enum cl_error_t') [-Wimplicit-enum-enum-cast]
 4148 |                         ret = CL_TYPE_TEXT_ASCII;
      |                             ~ ^~~~~~~~~~~~~~~~~~
4 warnings generated.
[213/370] Building C object libclamav/CMakeFiles/clamav.dir/jsparse/js-norm.c.o
[214/370] Building C object libclamav/CMakeFiles/clamav.dir/hostid_internal.c.o
[215/370] Building C object libclamav/CMakeFiles/clamav.dir/special.c.o
[216/370] Building C object libclamav/CMakeFiles/clamav.dir/stats_json.c.o
[217/370] Building C object libclamav/CMakeFiles/clamav.dir/bytecode_api_decl.c.o
/Users/user01/Desktop/캐쳐시큐/catchsecu-clone/.local/clamav-source/clamav-1.5.4/libclamav/bytecode_api_decl.c:147:57: warning: performing pointer subtraction with a null pointer has undefined behavior [-Wnull-pointer-subtraction]
  147 |          ((char*)&((struct cli_bc_ctx*)0)->hooks.match_offsets - (char*)NULL)},
      |                                                                ^ ~~~~~~~~~~~
/Users/user01/Desktop/캐쳐시큐/catchsecu-clone/.local/clamav-source/clamav-1.5.4/libclamav/bytecode_api_decl.c:149:48: warning: performing pointer subtraction with a null pointer has undefined behavior [-Wnull-pointer-subtraction]
  149 |          ((char*)&((struct cli_bc_ctx*)0)->hooks.kind - (char*)NULL)},
      |                                                       ^ ~~~~~~~~~~~
/Users/user01/Desktop/캐쳐시큐/catchsecu-clone/.local/clamav-source/clamav-1.5.4/libclamav/bytecode_api_decl.c:151:56: warning: performing pointer subtraction with a null pointer has undefined behavior [-Wnull-pointer-subtraction]
  151 |          ((char*)&((struct cli_bc_ctx*)0)->hooks.match_counts - (char*)NULL)},
      |                                                               ^ ~~~~~~~~~~~
/Users/user01/Desktop/캐쳐시큐/catchsecu-clone/.local/clamav-source/clamav-1.5.4/libclamav/bytecode_api_decl.c:153:52: warning: performing pointer subtraction with a null pointer has undefined behavior [-Wnull-pointer-subtraction]
  153 |          ((char*)&((struct cli_bc_ctx*)0)->hooks.filesize - (char*)NULL)},
      |                                                           ^ ~~~~~~~~~~~
/Users/user01/Desktop/캐쳐시큐/catchsecu-clone/.local/clamav-source/clamav-1.5.4/libclamav/bytecode_api_decl.c:155:50: warning: performing pointer subtraction with a null pointer has undefined behavior [-Wnull-pointer-subtraction]
  155 |          ((char*)&((struct cli_bc_ctx*)0)->hooks.pedata - (char*)NULL)}
      |                                                         ^ ~~~~~~~~~~~
5 warnings generated.
[218/370] Building C object libclamav/CMakeFiles/clamav.dir/htmlnorm.c.o
[219/370] Building C object libclamav/CMakeFiles/clamav.dir/stats.c.o
[220/370] Building C object libclamav/CMakeFiles/clamav.dir/bytecode_detect.c.o
[221/370] Building C object libclamav/CMakeFiles/clamav.dir/events.c.o
[222/370] Building C object libclamav/CMakeFiles/clamav.dir/bytecode_api.c.o
[223/370] Building C object libclamav/CMakeFiles/clamav.dir/7z_iface.c.o
[224/370] Building C object libclamav/CMakeFiles/clamav.dir/explode.c.o
[225/370] Building C object libclamav/CMakeFiles/clamav.dir/lzma_iface.c.o
[226/370] Building C object libclamav/CMakeFiles/clamav.dir/inflate64.c.o
/Users/user01/Desktop/캐쳐시큐/catchsecu-clone/.local/clamav-source/clamav-1.5.4/libclamav/inflate64.c:65:13: warning: a function definition without a prototype is deprecated in all versions of C and is not supported in C23 [-Wdeprecated-non-prototype]
   65 | int ZEXPORT inflate64Init2(strm, windowBits)
      |             ^
/Users/user01/Desktop/캐쳐시큐/catchsecu-clone/.local/clamav-source/clamav-1.5.4/libclamav/inflate64.c:116:12: warning: a function definition without a prototype is deprecated in all versions of C and is not supported in C23 [-Wdeprecated-non-prototype]
  116 | local void fixedtables(state)
      |            ^
/Users/user01/Desktop/캐쳐시큐/catchsecu-clone/.local/clamav-source/clamav-1.5.4/libclamav/inflate64.c:173:11: warning: a function definition without a prototype is deprecated in all versions of C and is not supported in C23 [-Wdeprecated-non-prototype]
  173 | local int updatewindow(strm, out)
      |           ^
/Users/user01/Desktop/캐쳐시큐/catchsecu-clone/.local/clamav-source/clamav-1.5.4/libclamav/inflate64.c:378:13: warning: a function definition without a prototype is deprecated in all versions of C and is not supported in C23 [-Wdeprecated-non-prototype]
  378 | int ZEXPORT inflate64(strm, flush)
      |             ^
/Users/user01/Desktop/캐쳐시큐/catchsecu-clone/.local/clamav-source/clamav-1.5.4/libclamav/inflate64.c:808:13: warning: a function definition without a prototype is deprecated in all versions of C and is not supported in C23 [-Wdeprecated-non-prototype]
  808 | int ZEXPORT inflate64End(strm)
      |             ^
/Users/user01/Desktop/캐쳐시큐/catchsecu-clone/.local/clamav-source/clamav-1.5.4/libclamav/inflate64.c:835:11: warning: a function definition without a prototype is deprecated in all versions of C and is not supported in C23 [-Wdeprecated-non-prototype]
  835 | local int inflate_table(type, lens, codes, table, bits, work)
      |           ^
6 warnings generated.
[227/370] Building C object libclamav/CMakeFiles/clamav.dir/bytecode.c.o
[228/370] Building C object libclamav/CMakeFiles/clamav.dir/arc4.c.o
[229/370] Building C object libclamav/CMakeFiles/clamav.dir/lzw/lzwdec.c.o
[230/370] Building C object libclamav/CMakeFiles/clamav.dir/xz_iface.c.o
[231/370] Building C object libclamav/CMakeFiles/clamav.dir/rijndael.c.o
[232/370] Building C object libclamav/CMakeFiles/clamav.dir/entconv.c.o
[233/370] Building C object libclamav/CMakeFiles/clamav.dir/dlp.c.o
[234/370] Building C object libclamav/CMakeFiles/clamav.dir/binhex.c.o
[235/370] Building C object libclamav/CMakeFiles/clamav.dir/cpio.c.o
[236/370] Building C object libclamav/CMakeFiles/clamav.dir/autoit.c.o
[237/370] Building C object libclamav/CMakeFiles/clamav.dir/libmspack.c.o
[238/370] Building C object libclamav/CMakeFiles/clamav.dir/ishield.c.o
[239/370] Building C object libclamav/CMakeFiles/clamav.dir/msexpand.c.o
[240/370] Building C object libclamav/CMakeFiles/clamav.dir/nsis/infblock.c.o
[241/370] Building C object libclamav/CMakeFiles/clamav.dir/nsis/nulsft.c.o
[242/370] Building C object libclamav/CMakeFiles/clamav.dir/hwp.c.o
[243/370] Building C object libclamav/CMakeFiles/clamav.dir/msdoc.c.o
[244/370] Building C object libclamav/CMakeFiles/clamav.dir/nsis/bzlib.c.o
[245/370] Building C object libclamav/CMakeFiles/clamav.dir/msxml.c.o
[246/370] Building C object libclamav/CMakeFiles/clamav.dir/msxml_parser.c.o
[247/370] Building C object libclamav/CMakeFiles/clamav.dir/ooxml.c.o
[248/370] Building C object libclamav/CMakeFiles/clamav.dir/bytecode_vm.c.o
[249/370] Building C object libclamav/CMakeFiles/clamav.dir/xlm_extract.c.o
[250/370] Building C object libclamav/CMakeFiles/clamav.dir/ole2_extract.c.o
[251/370] Building C object libclamav/CMakeFiles/clamav.dir/rtf.c.o
[252/370] Building C object libclamav/CMakeFiles/clamav.dir/execs.c.o
[253/370] Building C object libclamav/CMakeFiles/clamav.dir/elf.c.o
[254/370] Building C object libclamav/CMakeFiles/clamav.dir/asn1.c.o
[255/370] Building C object libclamav/CMakeFiles/clamav.dir/vba_extract.c.o
[256/370] Building C object libclamav/CMakeFiles/clamav.dir/macho.c.o
[257/370] Building C object libclamav/CMakeFiles/clamav.dir/rebuildpe.c.o
[258/370] Building C object libclamav/CMakeFiles/clamav.dir/fsg.c.o
[259/370] Building C object libclamav/CMakeFiles/clamav.dir/aspack.c.o
[260/370] Building C object libclamav/CMakeFiles/clamav.dir/pe_icons.c.o
[261/370] Building C object libclamav/CMakeFiles/clamav.dir/packlibs.c.o
[262/370] Building C object libclamav/CMakeFiles/clamav.dir/mew.c.o
[263/370] Building C object libclamav/CMakeFiles/clamav.dir/petite.c.o
[264/370] Building C object libclamav/CMakeFiles/clamav.dir/pe.c.o
[265/370] Building C object libclamav/CMakeFiles/clamav.dir/spin.c.o
[266/370] Building C object libclamav/CMakeFiles/clamav.dir/unsp.c.o
[267/370] Building C object libclamav/CMakeFiles/clamav.dir/upack.c.o
[268/370] Building C object libclamav/CMakeFiles/clamav.dir/wwunpack.c.o
[269/370] Building C object libclamav/CMakeFiles/clamav.dir/upx.c.o
[270/370] Building C object libclamav/CMakeFiles/clamav.dir/line.c.o
[271/370] Building C object libclamav/CMakeFiles/clamav.dir/yc.c.o
[272/370] Building C object libclamav/CMakeFiles/clamav.dir/phish_domaincheck_db.c.o
[273/370] Building C object libclamav/CMakeFiles/clamav.dir/phish_allow_list.c.o
[274/370] Building C object libclamav/CMakeFiles/clamav.dir/regex_list.c.o
[275/370] Building C object libclamav/CMakeFiles/clamav.dir/message.c.o
[276/370] Building C object libclamav/CMakeFiles/clamav.dir/phishcheck.c.o
[277/370] Building C object libclamav/CMakeFiles/clamav.dir/regex_suffix.c.o
[278/370] Building C object libclamav/CMakeFiles/clamav.dir/tnef.c.o
[279/370] Building C object libclamav/CMakeFiles/clamav.dir/mbox.c.o
/Users/user01/Desktop/캐쳐시큐/catchsecu-clone/.local/clamav-source/clamav-1.5.4/libclamav/mbox.c:2373:30: warning: implicit conversion from enumeration type 'enum cl_error_t' to different enumeration type 'mbox_status' [-Wimplicit-enum-enum-cast]
 2373 |                         rc = CL_EFORMAT;
      |                            ~ ^~~~~~~~~~
1 warning generated.
[280/370] Building C object libclamav/CMakeFiles/clamav.dir/uuencode.c.o
[281/370] Building C object libclamav/CMakeFiles/clamav.dir/sis.c.o
[282/370] Building C object libclamav/CMakeFiles/clamav.dir/swf.c.o
[283/370] Building C object libclamav/CMakeFiles/clamav.dir/pdfng.c.o
[284/370] Building C object libclamav/CMakeFiles/clamav.dir/xdp.c.o
[285/370] Building C object libclamav/CMakeFiles/clamav.dir/pdfdecode.c.o
[286/370] Building C object libclamav/CMakeFiles/clamav.dir/is_tar.c.o
[287/370] Building C object libclamav/CMakeFiles/clamav.dir/untar.c.o
[288/370] Building C object libclamav/CMakeFiles/clamav.dir/unarj.c.o
[289/370] Building C object libclamav/CMakeFiles/clamav.dir/pdf.c.o
[290/370] Building C object libclamav/CMakeFiles/clamav.dir/adc.c.o
[291/370] Building C object libclamav/CMakeFiles/clamav.dir/unzip.c.o
[292/370] Building C object libclamav/CMakeFiles/clamav.dir/dmg.c.o
[293/370] Building C object libclamav/CMakeFiles/clamav.dir/xar.c.o
[294/370] Building C object libclamav/CMakeFiles/clamav.dir/mbr.c.o
/Users/user01/Desktop/캐쳐시큐/catchsecu-clone/.local/clamav-source/clamav-1.5.4/libclamav/mbr.c:85:16: warning: implicit conversion from enumeration type 'enum cli_file' to different enumeration type 'cl_error_t' (aka 'enum cl_error_t') [-Wimplicit-enum-enum-cast]
   85 |         return CL_TYPE_GPT;
      |         ~~~~~~ ^~~~~~~~~~~
/Users/user01/Desktop/캐쳐시큐/catchsecu-clone/.local/clamav-source/clamav-1.5.4/libclamav/mbr.c:128:16: warning: implicit conversion from enumeration type 'enum cli_file' to different enumeration type 'cl_error_t' (aka 'enum cl_error_t') [-Wimplicit-enum-enum-cast]
  128 |         return CL_TYPE_GPT;
      |         ~~~~~~ ^~~~~~~~~~~
2 warnings generated.
[295/370] Building C object libclamav/CMakeFiles/clamav.dir/apm.c.o
[296/370] Building C object libclamav/CMakeFiles/clamav.dir/gpt.c.o
[297/370] Building C object libclamav/CMakeFiles/clamav.dir/egg.c.o
[298/370] Building C object libclamav/CMakeFiles/clamav.dir/iso9660.c.o
[299/370] Building C object libclamav/CMakeFiles/clamav.dir/openioc.c.o
[300/370] Building C object libclamav/CMakeFiles/clamav.dir/jpeg.c.o
[301/370] Building C object libclamav/CMakeFiles/clamav.dir/hfsplus.c.o
[302/370] Building C object libclamav/CMakeFiles/clamav.dir/tiff.c.o
[303/370] Building C object libclamav/CMakeFiles/clamav.dir/png.c.o
[304/370] Building C object libclamav/CMakeFiles/clamav.dir/gif.c.o
[305/370] Building C object libclamav/CMakeFiles/clamav.dir/udf.c.o
[306/370] Building C object common/CMakeFiles/common.dir/cert_util.c.o
[307/370] Building C object common/CMakeFiles/common.dir/clamdcom.c.o
[308/370] Building C object common/CMakeFiles/common.dir/actions.c.o
[309/370] Building C object common/CMakeFiles/common.dir/getopt.c.o
[310/370] Building C object common/CMakeFiles/common.dir/hostid.c.o
[311/370] Building C object common/CMakeFiles/common.dir/idmef_logging.c.o
[312/370] Building C object common/CMakeFiles/common.dir/misc.c.o
[313/370] Building C object common/CMakeFiles/common.dir/output.c.o
[314/370] Building C object common/CMakeFiles/common.dir/tar.c.o
[315/370] Building C object common/CMakeFiles/common.dir/optparser.c.o
[316/370] Linking C shared library libclamav/libclamav.12.1.0.dylib
ld: warning: ignoring duplicate libraries: '-lSystem', '-lm'
[317/370] Creating library symlink libclamav/libclamav.12.dylib libclamav/libclamav.dylib
[318/370] Building C object libfreshclam/CMakeFiles/freshclam.dir/dns.c.o
[319/370] Building C object libfreshclam/CMakeFiles/freshclam.dir/libfreshclam.c.o
[320/370] Building C object clamconf/CMakeFiles/clamconf.dir/clamconf.c.o
[321/370] Building C object libfreshclam/CMakeFiles/freshclam.dir/libfreshclam_internal.c.o
/Users/user01/Desktop/캐쳐시큐/catchsecu-clone/.local/clamav-source/clamav-1.5.4/libfreshclam/libfreshclam_internal.c:227:118: warning: format specifies type 'long' but the argument has type 'off_t' (aka 'long long') [-Wformat]
  227 |                 logg(LOGG_DEBUG, "freshclam.dat is smaller than expected: %zu != %ld\n", sizeof(freshclam_dat_v1_t), file_size);
      |                                                                                  ~~~                                 ^~~~~~~~~
      |                                                                                  %lld
1 warning generated.
[322/370] Building C object clamd/CMakeFiles/clamd.dir/clamd.c.o
[323/370] Building C object clamd/CMakeFiles/clamd.dir/localserver.c.o
[324/370] Building C object common/CMakeFiles/common.dir/mac/cert_util_mac.m.o
/Users/user01/Desktop/캐쳐시큐/catchsecu-clone/.local/clamav-source/clamav-1.5.4/common/mac/cert_util_mac.m:130:14: warning: 'SecKeychainOpen' is deprecated: first deprecated in macOS 10.10 - SecKeychain is deprecated [-Wdeprecated-declarations]
  130 |     status = SecKeychainOpen(kc_info.file_path, &keychain);
      |              ^
/Library/Developer/CommandLineTools/SDKs/MacOSX.sdk/System/Library/Frameworks/Security.framework/Headers/SecKeychain.h:294:10: note: 'SecKeychainOpen' has been explicitly marked deprecated here
  294 | OSStatus SecKeychainOpen(const char *pathName, SecKeychainRef * __nonnull CF_RETURNS_RETAINED keychain)
      |          ^
/Users/user01/Desktop/캐쳐시큐/catchsecu-clone/.local/clamav-source/clamav-1.5.4/common/mac/cert_util_mac.m:140:14: warning: 'SecKeychainGetStatus' is deprecated: first deprecated in macOS 10.10 - SecKeychain is deprecated [-Wdeprecated-declarations]
  140 |     status = SecKeychainGetStatus(keychain, &keychainStatus);
      |              ^
/Library/Developer/CommandLineTools/SDKs/MacOSX.sdk/System/Library/Frameworks/Security.framework/Headers/SecKeychain.h:462:10: note: 'SecKeychainGetStatus' has been explicitly marked deprecated here
  462 | OSStatus SecKeychainGetStatus(SecKeychainRef __nullable keychain, SecKeychainStatus *keychainStatus)
      |          ^
2 warnings generated.
[325/370] Building C object clamd/CMakeFiles/clamd.dir/clamd_others.c.o
/Users/user01/Desktop/캐쳐시큐/catchsecu-clone/.local/clamav-source/clamav-1.5.4/clamd/clamd_others.c:175:11: warning: 'vfork' is deprecated: Use posix_spawn or fork [-Wdeprecated-declarations]
  175 |     pid = vfork();
      |           ^
/Library/Developer/CommandLineTools/SDKs/MacOSX.sdk/usr/include/unistd.h:618:1: note: 'vfork' has been explicitly marked deprecated here
  618 | __deprecated_msg("Use posix_spawn or fork")
      | ^
/Library/Developer/CommandLineTools/SDKs/MacOSX.sdk/usr/include/sys/cdefs.h:227:48: note: expanded from macro '__deprecated_msg'
  227 |         #define __deprecated_msg(_msg) __attribute__((__deprecated__(_msg)))
      |                                                       ^
/Users/user01/Desktop/캐쳐시큐/catchsecu-clone/.local/clamav-source/clamav-1.5.4/clamd/clamd_others.c:480:14: warning: variable 'fdsok' set but not used [-Wunused-but-set-variable]
  480 |     unsigned fdsok = data->nfds;
      |              ^
2 warnings generated.
[326/370] Building C object clamd/CMakeFiles/clamd.dir/scanner.c.o
[327/370] Linking C static library common/libcommon.a
[328/370] Linking C shared library libfreshclam/libfreshclam.4.0.0.dylib
ld: warning: ignoring duplicate libraries: '-lSystem', '-lm'
[329/370] Creating library symlink libfreshclam/libfreshclam.4.dylib libfreshclam/libfreshclam.dylib
[330/370] Building C object clamd/CMakeFiles/clamd.dir/session.c.o
[331/370] Building C object clamd/CMakeFiles/clamd.dir/tcpserver.c.o
[332/370] Building C object clamd/CMakeFiles/clamd.dir/server-th.c.o
[333/370] Building C object clamdscan/CMakeFiles/clamdscan.dir/clamdscan.c.o
[334/370] Building C object clamdscan/CMakeFiles/clamdscan.dir/client.c.o
/Users/user01/Desktop/캐쳐시큐/catchsecu-clone/.local/clamav-source/clamav-1.5.4/clamdscan/client.c:243:91: warning: format specifies type 'unsigned long' but the argument has type 'uint64_t' (aka 'unsigned long long') [-Wformat]
  243 |                     logg(LOGG_DEBUG, "Could not connect, will try again in %lu second\n", interval);
      |                                                                            ~~~            ^~~~~~~~
      |                                                                            %llu
/Users/user01/Desktop/캐쳐시큐/catchsecu-clone/.local/clamav-source/clamav-1.5.4/clamdscan/client.c:245:92: warning: format specifies type 'unsigned long' but the argument has type 'uint64_t' (aka 'unsigned long long') [-Wformat]
  245 |                     logg(LOGG_DEBUG, "Could not connect, will try again in %lu seconds\n", interval);
      |                                                                            ~~~             ^~~~~~~~
      |                                                                            %llu
/Users/user01/Desktop/캐쳐시큐/catchsecu-clone/.local/clamav-source/clamav-1.5.4/clamdscan/client.c:248:91: warning: format specifies type 'unsigned long' but the argument has type 'uint64_t' (aka 'unsigned long long') [-Wformat]
  248 |                     logg(LOGG_INFO, "Could not connect, will PING again in %lu second\n", interval);
      |                                                                            ~~~            ^~~~~~~~
      |                                                                            %llu
/Users/user01/Desktop/캐쳐시큐/catchsecu-clone/.local/clamav-source/clamav-1.5.4/clamdscan/client.c:250:92: warning: format specifies type 'unsigned long' but the argument has type 'uint64_t' (aka 'unsigned long long') [-Wformat]
  250 |                     logg(LOGG_INFO, "Could not connect, will PING again in %lu seconds\n", interval);
      |                                                                            ~~~             ^~~~~~~~
      |                                                                            %llu
4 warnings generated.
[335/370] Building C object clamd/CMakeFiles/clamd.dir/thrmgr.c.o
[336/370] Building C object clamdscan/CMakeFiles/clamdscan.dir/proto.c.o
[337/370] Building C object clamscan/CMakeFiles/clamscan.dir/clamscan.c.o
[338/370] Building C object sigtool/CMakeFiles/sigtool.dir/vba.c.o
[339/370] Building C object clambc/CMakeFiles/clambc.dir/bcrun.c.o
[340/370] Building C object clamscan/CMakeFiles/clamscan.dir/manager.c.o
[341/370] Building C object freshclam/CMakeFiles/freshclam-bin.dir/execute.c.o
[342/370] Building C object clamsubmit/CMakeFiles/clamsubmit.dir/clamsubmit.c.o
[343/370] Building C object freshclam/CMakeFiles/freshclam-bin.dir/notify.c.o
[344/370] Building C object sigtool/CMakeFiles/sigtool.dir/sigtool.c.o
[345/370] Building C object freshclam/CMakeFiles/freshclam-bin.dir/freshclam.c.o
[346/370] Building C object unit_tests/CMakeFiles/check_fpu_endian.dir/check_fpu_endian.c.o
[347/370] Building C object clamdtop/CMakeFiles/clamdtop.dir/clamdtop.c.o
[348/370] Building C object unit_tests/CMakeFiles/check_clamav.dir/check_bytecode.c.o
[349/370] Building C object unit_tests/CMakeFiles/check_clamd.dir/__/clamd/thrmgr.c.o
[350/370] Building C object unit_tests/CMakeFiles/check_clamd.dir/check_clamd.c.o
[351/370] Building C object unit_tests/CMakeFiles/check_clamav.dir/check_disasm.c.o
[352/370] Building C object unit_tests/CMakeFiles/check_clamav.dir/check_htmlnorm.c.o
[353/370] Building C object unit_tests/CMakeFiles/check_clamav.dir/check_jsnorm.c.o
[354/370] Building C object unit_tests/CMakeFiles/check_clamav.dir/check_clamav.c.o
/Users/user01/Desktop/캐쳐시큐/catchsecu-clone/.local/clamav-source/clamav-1.5.4/unit_tests/check_clamav.c:2113:72: warning: format specifies type 'long' but the argument has type 'off_t' (aka 'long long') [-Wformat]
 2113 |     ck_assert_msg(nread == siz, "short read, expected: %ld, was: %ld", siz, nread);
      |                                                        ~~~             ^~~
      |                                                        %lld
/Users/user01/homebrew/include/check.h:541:78: note: expanded from macro 'ck_assert_msg'
  541 |      _ck_assert_failed(__FILE__, __LINE__, "Assertion '"#expr"' failed" , ## __VA_ARGS__)
      |                                                                              ^~~~~~~~~~~
1 warning generated.
[355/370] Building C object unit_tests/CMakeFiles/check_clamav.dir/check_matchers.c.o
[356/370] Building C object unit_tests/CMakeFiles/check_clamav.dir/check_regex.c.o
/Users/user01/Desktop/캐쳐시큐/catchsecu-clone/.local/clamav-source/clamav-1.5.4/unit_tests/check_regex.c:297:22: warning: comparison of different enumeration types ('cl_error_t' (aka 'enum cl_error_t') and 'rtr_t' (aka 'enum rtest_result')) [-Wenum-compare]
  297 |     ck_assert_msg(rc == rtest->result, "regex_list_match");
      |                   ~~ ^  ~~~~~~~~~~~~~
/Users/user01/homebrew/include/check.h:539:4: note: expanded from macro 'ck_assert_msg'
  539 |   (expr) ? \
      |    ^~~~
1 warning generated.
[357/370] Building C object unit_tests/CMakeFiles/check_clamav.dir/check_str.c.o
[358/370] Building C object unit_tests/CMakeFiles/check_clamav.dir/check_uniq.c.o
[359/370] Linking C executable clamconf/clamconf
ld: warning: ignoring duplicate libraries: '-lSystem', '-lm'
[360/370] Linking C executable clamd/clamd
ld: warning: ignoring duplicate libraries: '-lSystem', '-lm'
[361/370] Linking C executable clamdscan/clamdscan
ld: warning: ignoring duplicate libraries: '-lSystem', '-lm'
[362/370] Linking C executable sigtool/sigtool
ld: warning: ignoring duplicate libraries: '-lSystem', '-lm'
[363/370] Linking C executable clamscan/clamscan
ld: warning: ignoring duplicate libraries: '-lSystem', '-lm'
[364/370] Linking C executable clambc/clambc
ld: warning: ignoring duplicate libraries: '-lSystem', '-lm'
[365/370] Linking C executable clamsubmit/clamsubmit
ld: warning: ignoring duplicate libraries: '-lSystem', '-lm'
[366/370] Linking C executable unit_tests/check_fpu_endian
ld: warning: ignoring duplicate libraries: '-lSystem', '-lm'
[367/370] Linking C executable freshclam/freshclam
ld: warning: ignoring duplicate libraries: '-lSystem', '-lm'
[368/370] Linking C executable clamdtop/clamdtop
ld: warning: ignoring duplicate libraries: '-lSystem', '-lm'
[369/370] Linking C executable unit_tests/check_clamd
ld: warning: ignoring duplicate libraries: '-lSystem', '-lm'
[370/370] Linking C executable unit_tests/check_clamav
ld: warning: ignoring duplicate libraries: '-lSystem', '-lm'
