-- Rust tool `cargo` found: /Users/user01/.cargo/bin/cargo, 1.94.0
-- Rust tool `rustc` found: /Users/user01/.cargo/bin/rustc, 1.94.0
-- Rust tool `rustup` found: /Users/user01/.cargo/bin/rustup, 1.29.0
-- Rust tool `rust-gdb` not found: Failed to determine version.
-- Rust tool `rust-lldb` found: /Users/user01/.cargo/bin/rust-lldb, 2100.0.17
-- Rust tool `rustdoc` found: /Users/user01/.cargo/bin/rustdoc, 1.94.0
-- Rust tool `rustfmt` found: /Users/user01/.cargo/bin/rustfmt, 1.8.0
-- Rust tool `bindgen` not found.
-- Rust's native static libs: -lSystem;-lc;-lm
-- Checking for modules 'libbrotlidec;libbrotlicommon'
--   Found libbrotlidec, version 1.2.0
--   Found libbrotlicommon, version 1.2.0
-- Found Brotli (via pkg-config): /Users/user01/homebrew/Cellar/brotli/1.2.0/include (found version "1.2.0")
-- Checking for modules 'ldap;lber'
--   Package 'ldap' not found
--   Package 'lber' not found
-- Checking for module 'libidn2'
--   Found libidn2, version 2.3.8
-- Found Libidn2 (via pkg-config): /Users/user01/homebrew/Cellar/libidn2/2.3.8/include (found version "2.3.8")
-- Checking for module 'libpsl'
--   Found libpsl, version 0.23.3
-- Found Libpsl (via pkg-config): /Users/user01/homebrew/Cellar/libpsl/0.23.3/include (found version "0.23.3")
-- Checking for module 'libssh2'
--   Found libssh2, version 1.11.1
-- Found Libssh2 (via pkg-config): /Users/user01/homebrew/Cellar/libssh2/1.11.1_6/include;/Users/user01/homebrew/Cellar/openssl@3/3.6.5/include (found version "1.11.1")
-- Checking for module 'libnghttp2'
--   Found libnghttp2, version 1.70.0
-- Found NGHTTP2 (via pkg-config): /Users/user01/homebrew/Cellar/libnghttp2/1.70.0/include (found version "1.70.0")
-- Checking for module 'libzstd'
--   Found libzstd, version 1.5.7
-- Found Zstd (via pkg-config): /Users/user01/homebrew/opt/zstd/include (found version "1.5.7")
-- Found CURL: /Users/user01/Desktop/캐쳐시큐/catchsecu-clone/.local/tools/curl-openssl3/lib/cmake/CURL/CURLConfig.cmake (found version "8.22.0")
-- Could NOT find TINFO (missing: TINFO_LIBRARY) 
-- [1;33mConfiguration Options Summary[m --
[36m    Package Version:        [mClamAV 1.5.4
[36m    libclamav version:      [m13:0:1
[36m    libfreshclam version:   [m4:0:0
[36m    Install prefix:         [m/Users/user01/Desktop/캐쳐시큐/catchsecu-clone/.local/tools/clamav-source
[36m    Install database dir:   [m/Users/user01/Desktop/캐쳐시큐/catchsecu-clone/.local/tools/clamav-source/share/clamav
[36m    Install config dir:     [m/Users/user01/Desktop/캐쳐시큐/catchsecu-clone/.local/tools/clamav-source/etc
[36m    Host system:            [mDarwin-25.6.0
[36m    Target system:          [mDarwin-25.6.0
[36m    Compiler:               [m
[34m        Build type:         [mRelWithDebInfo
[34m        C compiler:         [m/usr/bin/cc
[34m        C++ compiler:       [m/usr/bin/c++
[34m        Rust toolchain:     [m/Users/user01/.cargo/bin/cargo (1.94.0)
[34m        CFLAGS:             [m-O2 -g   
[34m        CXXFLAGS:           [m-O2 -g   
[34m        WARNCFLAGS:         [m -Wall -Wextra -Wformat-security
[36m    Build Options:          [m
[34m        Build apps:         [mON
[34m        Shared library:     [mON
[34m        Static library:     [mOFF
[34m        Enable UnRAR:       [mON
[34m        Examples:           [mOFF
[34m        Tests:              [mON
[34m        Build man pages:    [mON
[34m        Build doxygen HTML: [mOFF
[34m        Maintainer Mode:    [mOFF
[36m    Build Extras:           [m
[34m        Build milter:       [mOFF  (toggle with -DENABLE_MILTER=ON/OFF)
-- [1;36mEngine Options[m --
[34m        Bytecode Runtime:   [m
            interpreter            [m
-- [1;36mTest Dependencies[m --
[34m        Unit Test Framework:[m
            libcheck        [m/Users/user01/homebrew/include
                            [m/Users/user01/homebrew/lib/libcheck.dylib
[34m        Feature Test Framework:[m
            python3         [m/Users/user01/homebrew/bin/python3.14
            test command    [mpytest;-v
-- [1;36mlibclamav Dependencies[m --
[34m        Compression support:[m
            bzip2           [m/Library/Developer/CommandLineTools/SDKs/MacOSX.sdk/usr/include
                            [m/Library/Developer/CommandLineTools/SDKs/MacOSX.sdk/usr/lib/libbz2.tbd
            zlib            [m/Library/Developer/CommandLineTools/SDKs/MacOSX.sdk/usr/include
                            [m/Library/Developer/CommandLineTools/SDKs/MacOSX.sdk/usr/lib/libz.tbd
[34m        XML support:        [m
            libxml2         [m/Library/Developer/CommandLineTools/SDKs/MacOSX26.sdk/usr/include/libxml2
                            [m/Library/Developer/CommandLineTools/SDKs/MacOSX.sdk/usr/lib/libxml2.tbd
[34m        RegEx support:      [m
            libpcre2        [m/Users/user01/homebrew/include
                            [m/Users/user01/homebrew/lib/libpcre2-8.dylib
[34m        Crypto support:     [m
            openssl         [m/Users/user01/homebrew/opt/openssl@3/include
                            [m/Users/user01/homebrew/opt/openssl@3/lib/libssl.dylib;/Users/user01/homebrew/opt/openssl@3/lib/libcrypto.dylib
[34m        JSON support:       [m
            json-c          [m/Users/user01/homebrew/include/json-c
                            [m/Users/user01/homebrew/lib/libjson-c.dylib
[34m        Threading support:  [m
            pthread         [m
[34m        Locale support:     [m
            iconv           [m/Library/Developer/CommandLineTools/SDKs/MacOSX.sdk/usr/include
                            [m/Library/Developer/CommandLineTools/SDKs/MacOSX.sdk/usr/lib/libiconv.tbd
-- [1;36mlibfreshclam Extra Dependencies[m --
[34m        HTTP support:       [m
            curl            [m/Users/user01/Desktop/캐쳐시큐/catchsecu-clone/.local/tools/curl-openssl3/include
                            [mCURL::libcurl
-- [1;36mApplication Extra Dependencies[m --
[34m        GUI support:        [m
            ncurses         [m/Library/Developer/CommandLineTools/SDKs/MacOSX.sdk/usr/include
                            [m/Library/Developer/CommandLineTools/SDKs/MacOSX.sdk/usr/lib/libncurses.tbd

-- [32mWarning:[m libjson-c is known to share symbol names with other JSON libraries which may result in crashes for applications that use libclamav. Consider providing a static json-c library that was compiled with: CFLAGS="-fPIC". Default build settings for json-c 0.15+ should also work. Use the `-DENABLE_JSON_SHARED=OFF` option to prefer detection of the static library, or use -DJSONC_INCLUDE_DIR and -DJSONC_LIBRARY to specify the static JSON library.
-- Configuring done (5.7s)
-- Generating done (0.2s)
-- Build files have been written to: /Users/user01/Desktop/캐쳐시큐/catchsecu-clone/.local/clamav-source/build
