-- The C compiler identification is AppleClang 21.0.0.21000101
-- The CXX compiler identification is AppleClang 21.0.0.21000101
-- Detecting C compiler ABI info
-- Detecting C compiler ABI info - done
-- Check for working C compiler: /usr/bin/cc - skipped
-- Detecting C compile features
-- Detecting C compile features - done
-- Detecting CXX compiler ABI info
-- Detecting CXX compiler ABI info - done
-- Check for working CXX compiler: /usr/bin/c++ - skipped
-- Detecting CXX compile features
-- Detecting CXX compile features - done
-- Found Git: /usr/bin/git (found version "2.50.1 (Apple Git-155)")
-- Rust tool `cargo` found: /Users/user01/.cargo/bin/cargo, 1.94.0
-- Rust tool `rustc` found: /Users/user01/.cargo/bin/rustc, 1.94.0
-- Rust tool `rustup` found: /Users/user01/.cargo/bin/rustup, 1.29.0
-- Rust tool `rust-gdb` not found: Failed to determine version.
-- Rust tool `rust-lldb` found: /Users/user01/.cargo/bin/rust-lldb, 2100.0.17
-- Rust tool `rustdoc` found: /Users/user01/.cargo/bin/rustdoc, 1.94.0
-- Rust tool `rustfmt` found: /Users/user01/.cargo/bin/rustfmt, 1.8.0
-- Rust tool `bindgen` not found.
-- Rust's native static libs: -lSystem;-lc;-lm
-- Found Rust: /Users/user01/.cargo/bin/cargo (found version "1.94.0")
-- Found Libcheck: /Users/user01/homebrew/include
-- Found Python3: /Users/user01/homebrew/bin/python3.14 (found version "3.14.8") found components: Interpreter
-- Found Threads: TRUE
-- Found OpenSSL: /Users/user01/homebrew/opt/openssl@3/lib/libcrypto.dylib (found version "3.6.5")
-- Found ZLIB: /Library/Developer/CommandLineTools/SDKs/MacOSX.sdk/usr/lib/libz.tbd (found version "1.2.12")
-- Found BZip2: /Library/Developer/CommandLineTools/SDKs/MacOSX.sdk/usr/lib/libbz2.tbd (found version "1.0.8")
-- Looking for BZ2_bzCompressInit
-- Looking for BZ2_bzCompressInit - found
-- Found LibXml2: /Library/Developer/CommandLineTools/SDKs/MacOSX.sdk/usr/lib/libxml2.tbd (found version "2.9.13")
-- Found PCRE2: /Users/user01/homebrew/lib/libpcre2-8.dylib
-- Performing Test Iconv_IS_BUILT_IN
-- Performing Test Iconv_IS_BUILT_IN - Failed
-- Found Iconv: /Library/Developer/CommandLineTools/SDKs/MacOSX.sdk/usr/lib/libiconv.tbd
-- Found JSONC: /Users/user01/homebrew/lib/libjson-c.dylib
-- Found CURL: /Library/Developer/CommandLineTools/SDKs/MacOSX.sdk/usr/lib/libcurl.tbd (found version "8.7.1")
-- Found CURSES: /Library/Developer/CommandLineTools/SDKs/MacOSX.sdk/usr/lib/libncurses.tbd
-- Could NOT find TINFO (missing: TINFO_LIBRARY) 
-- Performing Test CXX_FLAG__std_c_14
-- Performing Test CXX_FLAG__std_c_14 - Success
-- Looking for arpa/inet.h
-- Looking for arpa/inet.h - found
-- Looking for fcntl.h
-- Looking for fcntl.h - found
-- Looking for grp.h
-- Looking for grp.h - found
-- Looking for limits.h
-- Looking for limits.h - found
-- Looking for malloc.h
-- Looking for malloc.h - not found
-- Looking for netdb.h
-- Looking for netdb.h - found
-- Looking for netinet/in.h
-- Looking for netinet/in.h - found
-- Looking for poll.h
-- Looking for poll.h - found
-- Looking for pwd.h
-- Looking for pwd.h - found
-- Looking for stdbool.h
-- Looking for stdbool.h - found
-- Looking for stdlib.h
-- Looking for stdlib.h - found
-- Looking for string.h
-- Looking for string.h - found
-- Looking for strings.h
-- Looking for strings.h - found
-- Looking for sys/cdefs.h
-- Looking for sys/cdefs.h - found
-- Looking for sys/dl.h
-- Looking for sys/dl.h - not found
-- Looking for sys/fileio.h
-- Looking for sys/fileio.h - not found
-- Looking for sys/mman.h
-- Looking for sys/mman.h - found
-- Looking for sys/param.h
-- Looking for sys/param.h - found
-- Looking for sys/queue.h
-- Looking for sys/queue.h - found
-- Looking for sys/select.h
-- Looking for sys/select.h - found
-- Looking for sys/socket.h
-- Looking for sys/socket.h - found
-- Looking for sys/stat.h
-- Looking for sys/stat.h - found
-- Looking for sys/time.h
-- Looking for sys/time.h - found
-- Looking for sys/times.h
-- Looking for sys/times.h - found
-- Looking for sys/uio.h
-- Looking for sys/uio.h - found
-- Looking for syslog.h
-- Looking for syslog.h - found
-- Looking for termios.h
-- Looking for termios.h - found
-- Looking for time.h
-- Looking for time.h - found
-- Looking for unistd.h
-- Looking for unistd.h - found
-- Looking for sys/fanotify.h
-- Looking for sys/fanotify.h - not found
-- Looking for resolv.h
-- Looking for resolv.h - found
-- Looking for dirent.h
-- Looking for dirent.h - found
-- Looking for dlfcn.h
-- Looking for dlfcn.h - found
-- Looking for inttypes.h
-- Looking for inttypes.h - found
-- Looking for sys/inttypes.h
-- Looking for sys/inttypes.h - not found
-- Looking for sys/int_types.h
-- Looking for sys/int_types.h - not found
-- Looking for stdint.h
-- Looking for stdint.h - found
-- Looking for sys/types.h
-- Looking for sys/types.h - found
-- Looking for stddef.h
-- Looking for stddef.h - found
-- Check size of ssize_t
-- Check size of ssize_t - done
-- Check size of off_t
-- Check size of off_t - done
-- Check size of int
-- Check size of int - done
-- Check size of short
-- Check size of short - done
-- Check size of long
-- Check size of long - done
-- Check size of long long
-- Check size of long long - done
-- Performing Test HAVE_RESTRICT
-- Performing Test HAVE_RESTRICT - Success
-- Performing Test HAVE_ATTRIB_PACKED
-- Performing Test HAVE_ATTRIB_PACKED - Success
-- Performing Test HAVE_ATTRIB_ALIGNED
-- Performing Test HAVE_ATTRIB_ALIGNED - Success
-- Performing Test HAVE_SYSTEM_LFS_FTS
-- Performing Test HAVE_SYSTEM_LFS_FTS - Success
-- Looking for recvmsg
-- Looking for recvmsg - found
-- Looking for sendmsg
-- Looking for sendmsg - found
-- Performing Test HAVE_CONTROL_IN_MSGHDR
-- Performing Test HAVE_CONTROL_IN_MSGHDR - Success
-- Performing Test HAVE_STRUCT_TM_TM_GMTOFF
-- Performing Test HAVE_STRUCT_TM_TM_GMTOFF - Success
-- Check size of int *
-- Check size of int * - done
-- Check size of time_t
-- Check size of time_t - done
-- Looking for _Exit
-- Looking for _Exit - found
-- Looking for accept4
-- Looking for accept4 - not found
-- Looking for snprintf
-- Looking for snprintf - found
-- Looking for stat64
-- Looking for stat64 - not found
-- Looking for strcasestr
-- Looking for strcasestr - found
-- Looking for strerror_r
-- Looking for strerror_r - found
-- Looking for strlcat
-- Looking for strlcat - found
-- Looking for strlcpy
-- Looking for strlcpy - found
-- Looking for strndup
-- Looking for strndup - found
-- Looking for strnlen
-- Looking for strnlen - found
-- Looking for strnstr
-- Looking for strnstr - found
-- Looking for sysctlbyname
-- Looking for sysctlbyname - not found
-- Looking for timegm
-- Looking for timegm - found
-- Looking for vsnprintf
-- Looking for vsnprintf - found
-- Looking for funlinkat
-- Looking for funlinkat - not found
-- Looking for fseeko
-- Looking for fseeko - found
-- Looking for getaddrinfo
-- Looking for getaddrinfo - found
-- Looking for getpagesize
-- Looking for getpagesize - found
-- Looking for mkstemp
-- Looking for mkstemp - found
-- Looking for poll
-- Looking for poll - found
-- Looking for setgroups
-- Looking for setgroups - found
-- Looking for setsid
-- Looking for setsid - found
-- Looking for initgroups
-- Looking for initgroups - not found
-- Looking for initgroups
-- Looking for initgroups - found
-- Performing Test C_FLAG__Wall
-- Performing Test C_FLAG__Wall - Success
-- Performing Test C_FLAG__Wextra
-- Performing Test C_FLAG__Wextra - Success
-- Performing Test C_FLAG__Wformat_security
-- Performing Test C_FLAG__Wformat_security - Success
-- Performing Test CXX_FLAG__Wall
-- Performing Test CXX_FLAG__Wall - Success
-- Performing Test CXX_FLAG__Wformat_security
-- Performing Test CXX_FLAG__Wformat_security - Success
-- Performing Test CXX_FLAG__Wno_comment
-- Performing Test CXX_FLAG__Wno_comment - Success
-- Performing Test HAVE_MMAP
-- Performing Test HAVE_MMAP - Success
-- Performing Test HAVE_MMAP_MAP_ANONYMOUS
-- Performing Test HAVE_MMAP_MAP_ANONYMOUS - Success
-- Performing Test HAVE_SYSCONF_SC_PAGESIZE
-- Performing Test HAVE_SYSCONF_SC_PAGESIZE - Success
-- [1;33mConfiguration Options Summary[m --
[36m    Package Version:        [mClamAV 1.5.4
[36m    libclamav version:      [m13:0:1
[36m    libfreshclam version:   [m4:0:0
[36m    Install prefix:         [m/Users/user01/Desktop/캐쳐시큐/catchsecu-clone/.local/tools/clamav-source
[36m    Install database dir:   [m/Users/user01/Desktop/캐쳐시큐/catchsecu-clone/.local/tools/clamav-source/share/clamav
[36m    Install config dir:     [m/Users/user01/Desktop/캐쳐시큐/catchsecu-clone/.local/tools/clamav-source/etc
[36m    Host system:            [mDarwin-25.6.0
[36m    Target system:          [mDarwin-25.6.0
[36m    Compiler:               [m
[34m        Build type:         [mRelWithDebInfo
[34m        C compiler:         [m/usr/bin/cc
[34m        C++ compiler:       [m/usr/bin/c++
[34m        Rust toolchain:     [m/Users/user01/.cargo/bin/cargo (1.94.0)
[34m        CFLAGS:             [m-O2 -g   
[34m        CXXFLAGS:           [m-O2 -g   
[34m        WARNCFLAGS:         [m -Wall -Wextra -Wformat-security
[36m    Build Options:          [m
[34m        Build apps:         [mON
[34m        Shared library:     [mON
[34m        Static library:     [mOFF
[34m        Enable UnRAR:       [mON
[34m        Examples:           [mOFF
[34m        Tests:              [mON
[34m        Build man pages:    [mON
[34m        Build doxygen HTML: [mOFF
[34m        Maintainer Mode:    [mOFF
[36m    Build Extras:           [m
[34m        Build milter:       [mOFF  (toggle with -DENABLE_MILTER=ON/OFF)
-- [1;36mEngine Options[m --
[34m        Bytecode Runtime:   [m
            interpreter            [m
-- [1;36mTest Dependencies[m --
[34m        Unit Test Framework:[m
            libcheck        [m/Users/user01/homebrew/include
                            [m/Users/user01/homebrew/lib/libcheck.dylib
[34m        Feature Test Framework:[m
            python3         [m/Users/user01/homebrew/bin/python3.14
            test command    [mpytest;-v
-- [1;36mlibclamav Dependencies[m --
[34m        Compression support:[m
            bzip2           [m/Library/Developer/CommandLineTools/SDKs/MacOSX.sdk/usr/include
                            [m/Library/Developer/CommandLineTools/SDKs/MacOSX.sdk/usr/lib/libbz2.tbd
            zlib            [m/Library/Developer/CommandLineTools/SDKs/MacOSX.sdk/usr/include
                            [m/Library/Developer/CommandLineTools/SDKs/MacOSX.sdk/usr/lib/libz.tbd
[34m        XML support:        [m
            libxml2         [m/Library/Developer/CommandLineTools/SDKs/MacOSX26.sdk/usr/include/libxml2
                            [m/Library/Developer/CommandLineTools/SDKs/MacOSX.sdk/usr/lib/libxml2.tbd
[34m        RegEx support:      [m
            libpcre2        [m/Users/user01/homebrew/include
                            [m/Users/user01/homebrew/lib/libpcre2-8.dylib
[34m        Crypto support:     [m
            openssl         [m/Users/user01/homebrew/opt/openssl@3/include
                            [m/Users/user01/homebrew/opt/openssl@3/lib/libssl.dylib;/Users/user01/homebrew/opt/openssl@3/lib/libcrypto.dylib
[34m        JSON support:       [m
            json-c          [m/Users/user01/homebrew/include/json-c
                            [m/Users/user01/homebrew/lib/libjson-c.dylib
[34m        Threading support:  [m
            pthread         [m
[34m        Locale support:     [m
            iconv           [m/Library/Developer/CommandLineTools/SDKs/MacOSX.sdk/usr/include
                            [m/Library/Developer/CommandLineTools/SDKs/MacOSX.sdk/usr/lib/libiconv.tbd
-- [1;36mlibfreshclam Extra Dependencies[m --
[34m        HTTP support:       [m
            curl            [m/Library/Developer/CommandLineTools/SDKs/MacOSX.sdk/usr/include
                            [m/Library/Developer/CommandLineTools/SDKs/MacOSX.sdk/usr/lib/libcurl.tbd
-- [1;36mApplication Extra Dependencies[m --
[34m        GUI support:        [m
            ncurses         [m/Library/Developer/CommandLineTools/SDKs/MacOSX.sdk/usr/include
                            [m/Library/Developer/CommandLineTools/SDKs/MacOSX.sdk/usr/lib/libncurses.tbd

-- [32mWarning:[m libjson-c is known to share symbol names with other JSON libraries which may result in crashes for applications that use libclamav. Consider providing a static json-c library that was compiled with: CFLAGS="-fPIC". Default build settings for json-c 0.15+ should also work. Use the `-DENABLE_JSON_SHARED=OFF` option to prefer detection of the static library, or use -DJSONC_INCLUDE_DIR and -DJSONC_LIBRARY to specify the static JSON library.
-- Configuring done (24.9s)
-- Generating done (0.1s)
-- Build files have been written to: /Users/user01/Desktop/캐쳐시큐/catchsecu-clone/.local/clamav-source/build
