-- Using CMake version 4.4.3
-- curl version=[8.22.0]
-- The C compiler identification is AppleClang 21.0.0.21000101
-- Detecting C compiler ABI info
-- Detecting C compiler ABI info - done
-- Check for working C compiler: /usr/bin/cc - skipped
-- Detecting C compile features
-- Detecting C compile features - done
-- CMake platform flags: APPLE UNIX APPLE-CLANG
-- Picky compiler options: -Werror=partial-availability -Werror-implicit-function-declaration -Wextra -Wall -Wpedantic -Wbad-function-cast -Wconversion -Wmissing-declarations -Wmissing-prototypes -Wnested-externs -Wno-long-long -Wno-multichar -Wpointer-arith -Wshadow -Wsign-compare -Wundef -Wunused -Wwrite-strings -Waddress -Wattributes -Wcast-align -Wcast-qual -Wdeclaration-after-statement -Wdiv-by-zero -Wempty-body -Wendif-labels -Wfloat-equal -Wformat-security -Wignored-qualifiers -Wmissing-field-initializers -Wmissing-noreturn -Wno-padded -Wno-sign-conversion -Wno-switch-default -Wno-switch-enum -Wno-system-headers -Wold-style-definition -Wredundant-decls -Wstrict-prototypes -Wtype-limits -Wunreachable-code -Wunused-parameter -Wvla -Wconditional-uninitialized -Wno-used-but-marked-unused -Wshift-sign-overflow -Wshorten-64-to-32 -Wformat=2 -Wlanguage-extension-token -Wno-covered-switch-default -Wno-disabled-macro-expansion -Wformat-non-iso -Wenum-conversion -Wmissing-variable-declarations -Wno-documentation-unknown-command -Wsometimes-uninitialized -Wdouble-promotion -Wheader-guard -Wpragmas -Wunused-const-variable -Wcomma -Wassign-enum -Wextra-semi-stmt -Wimplicit-fallthrough -Wxor-used-as-pow -Wcast-function-type -Wreserved-identifier -Wno-reserved-macro-identifier -Wno-unsafe-buffer-usage -Wcast-function-type-strict -Wformat-signedness
-- Found Perl: /usr/bin/perl (found version "5.34.1")
-- Performing Test CMAKE_HAVE_LIBC_PTHREAD
-- Performing Test CMAKE_HAVE_LIBC_PTHREAD - Success
-- Found Threads: TRUE
-- Performing Test HAVE_SOCKADDR_IN6_SIN6_SCOPE_ID
-- Performing Test HAVE_SOCKADDR_IN6_SIN6_SCOPE_ID - Success
-- Performing Test HAVE_SOCKADDR_IN6_SIN6_ADDR
-- Performing Test HAVE_SOCKADDR_IN6_SIN6_ADDR - Success
-- Found OpenSSL: /Users/user01/homebrew/opt/openssl@3/lib/libcrypto.dylib (found version "3.6.5")
-- Looking for OPENSSL_IS_AWSLC
-- Looking for OPENSSL_IS_AWSLC - not found
-- Looking for OPENSSL_IS_BORINGSSL
-- Looking for OPENSSL_IS_BORINGSSL - not found
-- Looking for LIBRESSL_VERSION_NUMBER
-- Looking for LIBRESSL_VERSION_NUMBER - not found
-- Found ZLIB: /Library/Developer/CommandLineTools/SDKs/MacOSX.sdk/usr/lib/libz.tbd (found version "1.2.12")
-- Checking for modules 'libbrotlidec;libbrotlicommon'
--   Found libbrotlidec, version 1.2.0
--   Found libbrotlicommon, version 1.2.0
-- Found Brotli (via pkg-config): /Users/user01/homebrew/Cellar/brotli/1.2.0/include (found version "1.2.0")
-- Checking for module 'libzstd'
--   Found libzstd, version 1.5.7
-- Found Zstd (via pkg-config): /Users/user01/homebrew/opt/zstd/include (found version "1.5.7")
-- Looking for DES_ecb_encrypt
-- Looking for DES_ecb_encrypt - found
-- Looking for SSL_set0_wbio
-- Looking for SSL_set0_wbio - found
-- Checking for module 'libnghttp2'
--   Found libnghttp2, version 1.70.0
-- Found NGHTTP2 (via pkg-config): /Users/user01/homebrew/Cellar/libnghttp2/1.70.0/include (found version "1.70.0")
-- Checking for modules 'ldap;lber'
--   Package 'ldap' not found
--   Package 'lber' not found
-- Found LDAP: /Library/Developer/CommandLineTools/SDKs/MacOSX.sdk/usr/include (found version "2.4.28")
-- Looking for ldap_url_parse
-- Looking for ldap_url_parse - found
-- Looking for ldap_init_fd
-- Looking for ldap_init_fd - not found
-- Looking for ldap_ssl.h
-- Looking for ldap_ssl.h - not found
-- Checking for module 'libidn2'
--   Found libidn2, version 2.3.8
-- Found Libidn2 (via pkg-config): /Users/user01/homebrew/Cellar/libidn2/2.3.8/include (found version "2.3.8")
-- Checking for module 'libpsl'
--   Found libpsl, version 0.23.3
-- Found Libpsl (via pkg-config): /Users/user01/homebrew/Cellar/libpsl/0.23.3/include (found version "0.23.3")
-- Checking for module 'libssh2'
--   Found libssh2, version 1.11.1
-- Found Libssh2 (via pkg-config): /Users/user01/homebrew/Cellar/libssh2/1.11.1_6/include;/Users/user01/homebrew/Cellar/openssl@3/3.6.5/include (found version "1.11.1")
-- Performing Test USE_UNIX_SOCKETS
-- Performing Test USE_UNIX_SOCKETS - Success
-- Looking for sys/eventfd.h
-- Looking for sys/eventfd.h - not found
-- Looking for sys/filio.h
-- Looking for sys/filio.h - found
-- Looking for sys/ioctl.h
-- Looking for sys/ioctl.h - found
-- Looking for sys/param.h
-- Looking for sys/param.h - found
-- Looking for sys/poll.h
-- Looking for sys/poll.h - found
-- Looking for sys/resource.h
-- Looking for sys/resource.h - found
-- Looking for 3 include files sys/socket.h, ..., sys/select.h
-- Looking for 3 include files sys/socket.h, ..., sys/select.h - found
-- Looking for sys/sockio.h
-- Looking for sys/sockio.h - found
-- Looking for 4 include files sys/socket.h, ..., sys/types.h
-- Looking for 4 include files sys/socket.h, ..., sys/types.h - found
-- Looking for sys/un.h
-- Looking for sys/un.h - found
-- Looking for 5 include files sys/socket.h, ..., sys/utime.h
-- Looking for 5 include files sys/socket.h, ..., sys/utime.h - not found
-- Looking for 5 include files sys/socket.h, ..., arpa/inet.h
-- Looking for 5 include files sys/socket.h, ..., arpa/inet.h - found
-- Looking for fcntl.h
-- Looking for fcntl.h - found
-- Looking for 6 include files sys/socket.h, ..., ifaddrs.h
-- Looking for 6 include files sys/socket.h, ..., ifaddrs.h - found
-- Looking for io.h
-- Looking for io.h - not found
-- Looking for 7 include files sys/socket.h, ..., libgen.h
-- Looking for 7 include files sys/socket.h, ..., libgen.h - found
-- Looking for linux/tcp.h
-- Looking for linux/tcp.h - not found
-- Looking for locale.h
-- Looking for locale.h - found
-- Looking for 8 include files sys/socket.h, ..., net/if.h
-- Looking for 8 include files sys/socket.h, ..., net/if.h - found
-- Looking for 9 include files sys/socket.h, ..., netdb.h
-- Looking for 9 include files sys/socket.h, ..., netdb.h - found
-- Looking for 10 include files sys/socket.h, ..., netinet/in.h
-- Looking for 10 include files sys/socket.h, ..., netinet/in.h - found
-- Looking for netinet/in6.h
-- Looking for netinet/in6.h - not found
-- Looking for netinet/ip.h
-- Looking for netinet/ip.h - found
-- Looking for 11 include files sys/socket.h, ..., netinet/tcp.h
-- Looking for 11 include files sys/socket.h, ..., netinet/tcp.h - found
-- Looking for 12 include files sys/socket.h, ..., netinet/udp.h
-- Looking for 12 include files sys/socket.h, ..., netinet/udp.h - found
-- Looking for poll.h
-- Looking for poll.h - found
-- Looking for pwd.h
-- Looking for pwd.h - found
-- Looking for stdatomic.h
-- Looking for stdatomic.h - found
-- Looking for stdbool.h
-- Looking for stdbool.h - found
-- Looking for strings.h
-- Looking for strings.h - found
-- Looking for stropts.h
-- Looking for stropts.h - not found
-- Looking for termio.h
-- Looking for termio.h - not found
-- Looking for termios.h
-- Looking for termios.h - found
-- Looking for 13 include files sys/socket.h, ..., unistd.h
-- Looking for 13 include files sys/socket.h, ..., unistd.h - found
-- Looking for utime.h
-- Looking for utime.h - found
-- Looking for stdint.h
-- Looking for stdint.h - found
-- Looking for stddef.h
-- Looking for stddef.h - found
-- Check size of size_t
-- Check size of size_t - done
-- Check size of ssize_t
-- Check size of ssize_t - done
-- Check size of long
-- Check size of long - done
-- Check size of int
-- Check size of int - done
-- Check size of __int64
-- Check size of __int64 - failed
-- Check size of time_t
-- Check size of time_t - done
-- Check size of suseconds_t
-- Check size of suseconds_t - done
-- Looking for accept4
-- Looking for accept4 - not found
-- Looking for fnmatch
-- Looking for fnmatch - found
-- Looking for basename
-- Looking for basename - found
-- Looking for poll
-- Looking for poll - found
-- Looking for socket
-- Looking for socket - found
-- Looking for socketpair
-- Looking for socketpair - found
-- Looking for recv
-- Looking for recv - found
-- Looking for send
-- Looking for send - found
-- Looking for sendmsg
-- Looking for sendmsg - found
-- Looking for memrchr
-- Looking for memrchr - not found
-- Looking for alarm
-- Looking for alarm - found
-- Looking for fcntl
-- Looking for fcntl - found
-- Looking for getppid
-- Looking for getppid - found
-- Looking for utimes
-- Looking for utimes - found
-- Looking for closesocket
-- Looking for closesocket - not found
-- Looking for sigsetjmp
-- Looking for sigsetjmp - found
-- Looking for getpwuid
-- Looking for getpwuid - found
-- Looking for getpwuid_r
-- Looking for getpwuid_r - found
-- Looking for geteuid
-- Looking for geteuid - found
-- Looking for utime
-- Looking for utime - found
-- Looking for gmtime_r
-- Looking for gmtime_r - found
-- Looking for localtime_r
-- Looking for localtime_r - found
-- Looking for gethostbyname_r
-- Looking for gethostbyname_r - not found
-- Looking for gethostname
-- Looking for gethostname - found
-- Looking for signal
-- Looking for signal - found
-- Looking for strerror_r
-- Looking for strerror_r - found
-- Looking for sigaction
-- Looking for sigaction - found
-- Looking for siginterrupt
-- Looking for siginterrupt - found
-- Looking for getaddrinfo
-- Looking for getaddrinfo - found
-- Looking for getifaddrs
-- Looking for getifaddrs - found
-- Looking for freeaddrinfo
-- Looking for freeaddrinfo - found
-- Looking for pipe
-- Looking for pipe - found
-- Looking for getpeername
-- Looking for getpeername - found
-- Looking for getsockname
-- Looking for getsockname - found
-- Looking for getrlimit
-- Looking for getrlimit - found
-- Looking for setlocale
-- Looking for setlocale - found
-- Looking for setrlimit
-- Looking for setrlimit - found
-- Looking for mach_absolute_time
-- Looking for mach_absolute_time - found
-- Looking for dirent.h
-- Looking for dirent.h - found
-- Looking for gettimeofday
-- Looking for gettimeofday - found
-- Looking for if_nametoindex
-- Looking for if_nametoindex - found
-- Looking for realpath
-- Looking for realpath - found
-- Looking for sched_yield
-- Looking for sched_yield - found
-- Looking for opendir
-- Looking for opendir - found
-- Looking for strcasecmp
-- Looking for strcasecmp - found
-- Looking for stricmp
-- Looking for stricmp - not found
-- Looking for strcmpi
-- Looking for strcmpi - not found
-- Looking for memset_s
-- Looking for memset_s - found
-- Looking for fsetxattr
-- Looking for fsetxattr - found
-- Performing Test HAVE_FSETXATTR_5
-- Performing Test HAVE_FSETXATTR_5 - Failed
-- Performing Test HAVE_FSETXATTR_6
-- Performing Test HAVE_FSETXATTR_6 - Success
-- Check size of sa_family_t
-- Check size of sa_family_t - done
-- Performing Test HAVE_FCNTL_O_NONBLOCK
-- Performing Test HAVE_FCNTL_O_NONBLOCK - Success
-- Performing Test HAVE_IOCTLSOCKET
-- Performing Test HAVE_IOCTLSOCKET - Failed
-- Performing Test HAVE_IOCTLSOCKET_CAMEL
-- Performing Test HAVE_IOCTLSOCKET_CAMEL - Failed
-- Performing Test HAVE_IOCTLSOCKET_CAMEL_FIONBIO
-- Performing Test HAVE_IOCTLSOCKET_CAMEL_FIONBIO - Failed
-- Performing Test HAVE_IOCTLSOCKET_FIONBIO
-- Performing Test HAVE_IOCTLSOCKET_FIONBIO - Failed
-- Performing Test HAVE_IOCTL_FIONBIO
-- Performing Test HAVE_IOCTL_FIONBIO - Success
-- Performing Test HAVE_IOCTL_SIOCGIFADDR
-- Performing Test HAVE_IOCTL_SIOCGIFADDR - Success
-- Performing Test HAVE_SETSOCKOPT_SO_NONBLOCK
-- Performing Test HAVE_SETSOCKOPT_SO_NONBLOCK - Failed
-- Performing Test HAVE_GETHOSTBYNAME_R_3
-- Performing Test HAVE_GETHOSTBYNAME_R_3 - Failed
-- Performing Test HAVE_GETHOSTBYNAME_R_5
-- Performing Test HAVE_GETHOSTBYNAME_R_5 - Failed
-- Performing Test HAVE_GETHOSTBYNAME_R_6
-- Performing Test HAVE_GETHOSTBYNAME_R_6 - Failed
-- Performing Test HAVE_BOOL_T
-- Performing Test HAVE_BOOL_T - Success
-- Performing Test HAVE_ATOMIC
-- Performing Test HAVE_ATOMIC - Success
-- Performing Test HAVE_GETHOSTBYNAME_R_3_REENTRANT
-- Performing Test HAVE_GETHOSTBYNAME_R_3_REENTRANT - Failed
-- Performing Test HAVE_GETHOSTBYNAME_R_5_REENTRANT
-- Performing Test HAVE_GETHOSTBYNAME_R_5_REENTRANT - Failed
-- Performing Test HAVE_GETHOSTBYNAME_R_6_REENTRANT
-- Performing Test HAVE_GETHOSTBYNAME_R_6_REENTRANT - Failed
-- Performing Test HAVE_FILE_OFFSET_BITS
-- Performing Test HAVE_FILE_OFFSET_BITS - Success
-- Check size of off_t
-- Check size of off_t - done
-- Looking for fseeko
-- Looking for fseeko - found
-- Check size of curl_off_t
-- Check size of curl_off_t - done
-- Check size of curl_socket_t
-- Check size of curl_socket_t - done
-- Performing Test HAVE_TIME_T_UNSIGNED
-- Performing Test HAVE_TIME_T_UNSIGNED - Failed
-- Performing Test HAVE_GLIBC_STRERROR_R
-- Performing Test HAVE_GLIBC_STRERROR_R - Failed
-- Performing Test HAVE_POSIX_STRERROR_R
-- Performing Test HAVE_POSIX_STRERROR_R - Success
-- Performing Test HAVE_CLOCK_GETTIME_MONOTONIC
-- Performing Test HAVE_CLOCK_GETTIME_MONOTONIC - Success
-- Performing Test HAVE_BUILTIN_AVAILABLE
-- Performing Test HAVE_BUILTIN_AVAILABLE - Success
-- Check size of struct sockaddr_storage
-- Check size of struct sockaddr_storage - done
-- Performing Test HAVE_STRUCT_TIMEVAL
-- Performing Test HAVE_STRUCT_TIMEVAL - Success
-- Performing Test HAVE_CLOCK_GETTIME_MONOTONIC_RAW
-- Performing Test HAVE_CLOCK_GETTIME_MONOTONIC_RAW - Success
-- Enabled examples with dependencies: cacertinmem:USE_OPENSSL threaded:HAVE_THREADS_POSIX usercertinmem:USE_OPENSSL
-- Protocols: dict file ftp ftps gopher gophers http https imap imaps ipfs ipns ldap ldaps mqtt mqtts pop3 pop3s rtsp scp sftp smtp smtps telnet tftp ws wss
-- Features: alt-svc AsynchDNS brotli HSTS HTTP2 HTTPS-proxy IDN IPv6 Largefile libz PSL SSL threadsafe UnixSockets zstd
-- Enabled SSL backends: OpenSSL
-- Configuring done (25.5s)
-- Generating done (0.4s)
-- Build files have been written to: /Users/user01/Desktop/캐쳐시큐/catchsecu-clone/.local/clamav-source/curl/build
