Fri Oct  9 16:55:44 2026 -> ClamAV update process started at Fri Oct  9 16:55:44 2026
Fri Oct  9 16:55:44 2026 -> daily database available for update (local version: 28141, remote version: 28148)
ERROR: NULL X509 store
ERROR: NULL X509 store
ERROR: NULL X509 store
ERROR: NULL X509 store
ERROR: NULL X509 store
ERROR: NULL X509 store
ERROR: NULL X509 store
ERROR: NULL X509 store
ERROR: NULL X509 store
ERROR: NULL X509 store
ERROR: NULL X509 store
ERROR: NULL X509 store
ERROR: NULL X509 store
ERROR: NULL X509 store
Fri Oct  9 16:55:54 2026 -> Testing database: '/Users/user01/Desktop/캐쳐시큐/catchsecu-clone/.local/clamav/database/tmp.a123290424/daily.cld' ...
Fri Oct  9 16:55:57 2026 -> Database test passed.
Fri Oct  9 16:55:57 2026 -> daily.cld updated (version: 28148, sigs: 355740, f-level: 90, builder: svc.clamav-publisher)
Fri Oct  9 16:55:57 2026 -> main.cvd database is up-to-date (version: 63, sigs: 3287027, f-level: 90, builder: tomjudge)
Fri Oct  9 16:55:57 2026 -> bytecode.cvd database is up-to-date (version: 339, sigs: 80, f-level: 90, builder: nrandolp)
