-- Install configuration: "RelWithDebInfo"
-- Up-to-date: /Users/user01/Desktop/캐쳐시큐/catchsecu-clone/.local/tools/clamav-source/bin/clamav-config
-- Up-to-date: /Users/user01/Desktop/캐쳐시큐/catchsecu-clone/.local/tools/clamav-source/lib/pkgconfig/libclamav.pc
-- Installing: /Users/user01/Desktop/캐쳐시큐/catchsecu-clone/.local/tools/clamav-source/lib/libclamunrar.12.1.0.dylib
-- Up-to-date: /Users/user01/Desktop/캐쳐시큐/catchsecu-clone/.local/tools/clamav-source/lib/libclamunrar.12.dylib
-- Up-to-date: /Users/user01/Desktop/캐쳐시큐/catchsecu-clone/.local/tools/clamav-source/lib/libclamunrar.dylib
-- Installing: /Users/user01/Desktop/캐쳐시큐/catchsecu-clone/.local/tools/clamav-source/lib/libclamunrar_iface.12.1.0.dylib
-- Up-to-date: /Users/user01/Desktop/캐쳐시큐/catchsecu-clone/.local/tools/clamav-source/lib/libclamunrar_iface.12.dylib
-- Up-to-date: /Users/user01/Desktop/캐쳐시큐/catchsecu-clone/.local/tools/clamav-source/lib/libclamunrar_iface.dylib
-- Installing: /Users/user01/Desktop/캐쳐시큐/catchsecu-clone/.local/tools/clamav-source/lib/libclammspack.0.8.0.dylib
-- Up-to-date: /Users/user01/Desktop/캐쳐시큐/catchsecu-clone/.local/tools/clamav-source/lib/libclammspack.0.dylib
-- Up-to-date: /Users/user01/Desktop/캐쳐시큐/catchsecu-clone/.local/tools/clamav-source/lib/libclammspack.dylib
-- Installing: /Users/user01/Desktop/캐쳐시큐/catchsecu-clone/.local/tools/clamav-source/lib/libclamav.12.1.0.dylib
-- Up-to-date: /Users/user01/Desktop/캐쳐시큐/catchsecu-clone/.local/tools/clamav-source/lib/libclamav.12.dylib
-- Up-to-date: /Users/user01/Desktop/캐쳐시큐/catchsecu-clone/.local/tools/clamav-source/lib/libclamav.dylib
-- Up-to-date: /Users/user01/Desktop/캐쳐시큐/catchsecu-clone/.local/tools/clamav-source/include/clamav.h
-- Up-to-date: /Users/user01/Desktop/캐쳐시큐/catchsecu-clone/.local/tools/clamav-source/include/clamav-types.h
-- Up-to-date: /Users/user01/Desktop/캐쳐시큐/catchsecu-clone/.local/tools/clamav-source/include/clamav-version.h
-- Up-to-date: /Users/user01/Desktop/캐쳐시큐/catchsecu-clone/.local/tools/clamav-source/lib/libclamav_rust.a
-- Installing: /Users/user01/Desktop/캐쳐시큐/catchsecu-clone/.local/tools/clamav-source/lib/libfreshclam.4.0.0.dylib
-- Up-to-date: /Users/user01/Desktop/캐쳐시큐/catchsecu-clone/.local/tools/clamav-source/lib/libfreshclam.4.dylib
-- Up-to-date: /Users/user01/Desktop/캐쳐시큐/catchsecu-clone/.local/tools/clamav-source/lib/libfreshclam.dylib
-- Up-to-date: /Users/user01/Desktop/캐쳐시큐/catchsecu-clone/.local/tools/clamav-source/include/libfreshclam.h
-- Installing: /Users/user01/Desktop/캐쳐시큐/catchsecu-clone/.local/tools/clamav-source/bin/clamconf
-- Installing: /Users/user01/Desktop/캐쳐시큐/catchsecu-clone/.local/tools/clamav-source/sbin/clamd
-- Installing: /Users/user01/Desktop/캐쳐시큐/catchsecu-clone/.local/tools/clamav-source/bin/clamdscan
-- Installing: /Users/user01/Desktop/캐쳐시큐/catchsecu-clone/.local/tools/clamav-source/bin/clamscan
-- Installing: /Users/user01/Desktop/캐쳐시큐/catchsecu-clone/.local/tools/clamav-source/bin/sigtool
-- Installing: /Users/user01/Desktop/캐쳐시큐/catchsecu-clone/.local/tools/clamav-source/bin/clambc
-- Installing: /Users/user01/Desktop/캐쳐시큐/catchsecu-clone/.local/tools/clamav-source/bin/clamsubmit
-- Installing: /Users/user01/Desktop/캐쳐시큐/catchsecu-clone/.local/tools/clamav-source/bin/freshclam
-- Installing: /Users/user01/Desktop/캐쳐시큐/catchsecu-clone/.local/tools/clamav-source/bin/clamdtop
-- Up-to-date: /Users/user01/Desktop/캐쳐시큐/catchsecu-clone/.local/tools/clamav-source/etc/clamd.conf.sample
-- Up-to-date: /Users/user01/Desktop/캐쳐시큐/catchsecu-clone/.local/tools/clamav-source/etc/freshclam.conf.sample
-- Up-to-date: /Users/user01/Desktop/캐쳐시큐/catchsecu-clone/.local/tools/clamav-source/etc/certs
-- Up-to-date: /Users/user01/Desktop/캐쳐시큐/catchsecu-clone/.local/tools/clamav-source/etc/certs/clamav.crt
-- Up-to-date: /Users/user01/Desktop/캐쳐시큐/catchsecu-clone/.local/tools/clamav-source/share/man/man1/clamscan.1
-- Up-to-date: /Users/user01/Desktop/캐쳐시큐/catchsecu-clone/.local/tools/clamav-source/share/man/man1/freshclam.1
-- Up-to-date: /Users/user01/Desktop/캐쳐시큐/catchsecu-clone/.local/tools/clamav-source/share/man/man1/sigtool.1
-- Up-to-date: /Users/user01/Desktop/캐쳐시큐/catchsecu-clone/.local/tools/clamav-source/share/man/man1/clamdscan.1
-- Up-to-date: /Users/user01/Desktop/캐쳐시큐/catchsecu-clone/.local/tools/clamav-source/share/man/man1/clamconf.1
-- Up-to-date: /Users/user01/Desktop/캐쳐시큐/catchsecu-clone/.local/tools/clamav-source/share/man/man1/clamdtop.1
-- Up-to-date: /Users/user01/Desktop/캐쳐시큐/catchsecu-clone/.local/tools/clamav-source/share/man/man1/clamsubmit.1
-- Up-to-date: /Users/user01/Desktop/캐쳐시큐/catchsecu-clone/.local/tools/clamav-source/share/man/man1/clambc.1
-- Up-to-date: /Users/user01/Desktop/캐쳐시큐/catchsecu-clone/.local/tools/clamav-source/share/man/man5/clamd.conf.5
-- Up-to-date: /Users/user01/Desktop/캐쳐시큐/catchsecu-clone/.local/tools/clamav-source/share/man/man5/clamav-milter.conf.5
-- Up-to-date: /Users/user01/Desktop/캐쳐시큐/catchsecu-clone/.local/tools/clamav-source/share/man/man5/freshclam.conf.5
-- Up-to-date: /Users/user01/Desktop/캐쳐시큐/catchsecu-clone/.local/tools/clamav-source/share/man/man8/clamd.8
-- Up-to-date: /Users/user01/Desktop/캐쳐시큐/catchsecu-clone/.local/tools/clamav-source/share/man/man8/clamav-milter.8
-- Up-to-date: /Users/user01/Desktop/캐쳐시큐/catchsecu-clone/.local/tools/clamav-source/share/doc/ClamAV/html
-- Up-to-date: /Users/user01/Desktop/캐쳐시큐/catchsecu-clone/.local/tools/clamav-source/share/doc/ClamAV/html/theme-dawn-4493f9c8.js
-- Up-to-date: /Users/user01/Desktop/캐쳐시큐/catchsecu-clone/.local/tools/clamav-source/share/doc/ClamAV/html/community_resources
-- Up-to-date: /Users/user01/Desktop/캐쳐시큐/catchsecu-clone/.local/tools/clamav-source/share/doc/ClamAV/html/community_resources/CompileClamAV_AmazonLinux2.txt
-- Up-to-date: /Users/user01/Desktop/캐쳐시큐/catchsecu-clone/.local/tools/clamav-source/share/doc/ClamAV/html/community_resources/CommunityResources.html
-- Up-to-date: /Users/user01/Desktop/캐쳐시큐/catchsecu-clone/.local/tools/clamav-source/share/doc/ClamAV/html/appendix
-- Up-to-date: /Users/user01/Desktop/캐쳐시큐/catchsecu-clone/.local/tools/clamav-source/share/doc/ClamAV/html/appendix/CvdPrivateMirror.html
-- Up-to-date: /Users/user01/Desktop/캐쳐시큐/catchsecu-clone/.local/tools/clamav-source/share/doc/ClamAV/html/appendix/Authenticode.html
-- Up-to-date: /Users/user01/Desktop/캐쳐시큐/catchsecu-clone/.local/tools/clamav-source/share/doc/ClamAV/html/appendix/Appendix.html
-- Up-to-date: /Users/user01/Desktop/캐쳐시큐/catchsecu-clone/.local/tools/clamav-source/share/doc/ClamAV/html/appendix/FileTypes.html
-- Up-to-date: /Users/user01/Desktop/캐쳐시큐/catchsecu-clone/.local/tools/clamav-source/share/doc/ClamAV/html/appendix/FunctionalityLevels.html
-- Up-to-date: /Users/user01/Desktop/캐쳐시큐/catchsecu-clone/.local/tools/clamav-source/share/doc/ClamAV/html/appendix/Terminology.html
-- Up-to-date: /Users/user01/Desktop/캐쳐시큐/catchsecu-clone/.local/tools/clamav-source/share/doc/ClamAV/html/index.html
-- Up-to-date: /Users/user01/Desktop/캐쳐시큐/catchsecu-clone/.local/tools/clamav-source/share/doc/ClamAV/html/theme-tomorrow_night-9dbe62a9.js
-- Up-to-date: /Users/user01/Desktop/캐쳐시큐/catchsecu-clone/.local/tools/clamav-source/share/doc/ClamAV/html/toc.html
-- Up-to-date: /Users/user01/Desktop/캐쳐시큐/catchsecu-clone/.local/tools/clamav-source/share/doc/ClamAV/html/css
-- Up-to-date: /Users/user01/Desktop/캐쳐시큐/catchsecu-clone/.local/tools/clamav-source/share/doc/ClamAV/html/css/print-9e4910d8.css
-- Up-to-date: /Users/user01/Desktop/캐쳐시큐/catchsecu-clone/.local/tools/clamav-source/share/doc/ClamAV/html/css/chrome-ae938929.css
-- Up-to-date: /Users/user01/Desktop/캐쳐시큐/catchsecu-clone/.local/tools/clamav-source/share/doc/ClamAV/html/css/variables-6d03f665.css
-- Up-to-date: /Users/user01/Desktop/캐쳐시큐/catchsecu-clone/.local/tools/clamav-source/share/doc/ClamAV/html/css/general-8eed8816.css
-- Up-to-date: /Users/user01/Desktop/캐쳐시큐/catchsecu-clone/.local/tools/clamav-source/share/doc/ClamAV/html/images
-- Up-to-date: /Users/user01/Desktop/캐쳐시큐/catchsecu-clone/.local/tools/clamav-source/share/doc/ClamAV/html/images/cisco.png
-- Up-to-date: /Users/user01/Desktop/캐쳐시큐/catchsecu-clone/.local/tools/clamav-source/share/doc/ClamAV/html/images/change-fork-name.png
-- Up-to-date: /Users/user01/Desktop/캐쳐시큐/catchsecu-clone/.local/tools/clamav-source/share/doc/ClamAV/html/images/flamegraph.svg
-- Up-to-date: /Users/user01/Desktop/캐쳐시큐/catchsecu-clone/.local/tools/clamav-source/share/doc/ClamAV/html/images/clamav-git-workflow.png
-- Up-to-date: /Users/user01/Desktop/캐쳐시큐/catchsecu-clone/.local/tools/clamav-source/share/doc/ClamAV/html/images/fork-is-behind.png
-- Up-to-date: /Users/user01/Desktop/캐쳐시큐/catchsecu-clone/.local/tools/clamav-source/share/doc/ClamAV/html/images/create-a-fork.png
-- Up-to-date: /Users/user01/Desktop/캐쳐시큐/catchsecu-clone/.local/tools/clamav-source/share/doc/ClamAV/html/images/logo.png
-- Up-to-date: /Users/user01/Desktop/캐쳐시큐/catchsecu-clone/.local/tools/clamav-source/share/doc/ClamAV/html/images/clone-your-fork.png
-- Up-to-date: /Users/user01/Desktop/캐쳐시큐/catchsecu-clone/.local/tools/clamav-source/share/doc/ClamAV/html/images/demon.png
-- Up-to-date: /Users/user01/Desktop/캐쳐시큐/catchsecu-clone/.local/tools/clamav-source/share/doc/ClamAV/html/faq
-- Up-to-date: /Users/user01/Desktop/캐쳐시큐/catchsecu-clone/.local/tools/clamav-source/share/doc/ClamAV/html/faq/faq-ml.html
-- Up-to-date: /Users/user01/Desktop/캐쳐시큐/catchsecu-clone/.local/tools/clamav-source/share/doc/ClamAV/html/faq/faq-safebrowsing.html
-- Up-to-date: /Users/user01/Desktop/캐쳐시큐/catchsecu-clone/.local/tools/clamav-source/share/doc/ClamAV/html/faq/faq-ignore.html
-- Up-to-date: /Users/user01/Desktop/캐쳐시큐/catchsecu-clone/.local/tools/clamav-source/share/doc/ClamAV/html/faq/faq-eol.html
-- Up-to-date: /Users/user01/Desktop/캐쳐시큐/catchsecu-clone/.local/tools/clamav-source/share/doc/ClamAV/html/faq/faq-rust.html
-- Up-to-date: /Users/user01/Desktop/캐쳐시큐/catchsecu-clone/.local/tools/clamav-source/share/doc/ClamAV/html/faq/faq-freshclam.html
-- Up-to-date: /Users/user01/Desktop/캐쳐시큐/catchsecu-clone/.local/tools/clamav-source/share/doc/ClamAV/html/faq/faq-troubleshoot.html
-- Up-to-date: /Users/user01/Desktop/캐쳐시큐/catchsecu-clone/.local/tools/clamav-source/share/doc/ClamAV/html/faq/faq-upgrade.html
-- Up-to-date: /Users/user01/Desktop/캐쳐시큐/catchsecu-clone/.local/tools/clamav-source/share/doc/ClamAV/html/faq/faq-cvd.html
-- Up-to-date: /Users/user01/Desktop/캐쳐시큐/catchsecu-clone/.local/tools/clamav-source/share/doc/ClamAV/html/faq/faq-uninstall.html
-- Up-to-date: /Users/user01/Desktop/캐쳐시큐/catchsecu-clone/.local/tools/clamav-source/share/doc/ClamAV/html/faq/faq-pua.html
-- Up-to-date: /Users/user01/Desktop/캐쳐시큐/catchsecu-clone/.local/tools/clamav-source/share/doc/ClamAV/html/faq/faq-misc.html
-- Up-to-date: /Users/user01/Desktop/캐쳐시큐/catchsecu-clone/.local/tools/clamav-source/share/doc/ClamAV/html/faq/faq-whichversion.html
-- Up-to-date: /Users/user01/Desktop/캐쳐시큐/catchsecu-clone/.local/tools/clamav-source/share/doc/ClamAV/html/faq/faq-scan-alerts.html
-- Up-to-date: /Users/user01/Desktop/캐쳐시큐/catchsecu-clone/.local/tools/clamav-source/share/doc/ClamAV/html/faq/faq-malware-fp-reports.html
-- Up-to-date: /Users/user01/Desktop/캐쳐시큐/catchsecu-clone/.local/tools/clamav-source/share/doc/ClamAV/html/faq/faq-win32.html
-- Up-to-date: /Users/user01/Desktop/캐쳐시큐/catchsecu-clone/.local/tools/clamav-source/share/doc/ClamAV/html/faq/faq.html
-- Up-to-date: /Users/user01/Desktop/캐쳐시큐/catchsecu-clone/.local/tools/clamav-source/share/doc/ClamAV/html/favicon-ba1b3133.png
-- Up-to-date: /Users/user01/Desktop/캐쳐시큐/catchsecu-clone/.local/tools/clamav-source/share/doc/ClamAV/html/mermaid-init-ccf746f1.js
-- Up-to-date: /Users/user01/Desktop/캐쳐시큐/catchsecu-clone/.local/tools/clamav-source/share/doc/ClamAV/html/404.html
-- Up-to-date: /Users/user01/Desktop/캐쳐시큐/catchsecu-clone/.local/tools/clamav-source/share/doc/ClamAV/html/print.html
-- Up-to-date: /Users/user01/Desktop/캐쳐시큐/catchsecu-clone/.local/tools/clamav-source/share/doc/ClamAV/html/googled62299e9391332c4.html
-- Up-to-date: /Users/user01/Desktop/캐쳐시큐/catchsecu-clone/.local/tools/clamav-source/share/doc/ClamAV/html/ayu-highlight-3fdfc3ac.css
-- Up-to-date: /Users/user01/Desktop/캐쳐시큐/catchsecu-clone/.local/tools/clamav-source/share/doc/ClamAV/html/highlight-493f70e1.css
-- Up-to-date: /Users/user01/Desktop/캐쳐시큐/catchsecu-clone/.local/tools/clamav-source/share/doc/ClamAV/html/mark-09e88c2c.min.js
-- Up-to-date: /Users/user01/Desktop/캐쳐시큐/catchsecu-clone/.local/tools/clamav-source/share/doc/ClamAV/html/highlight-abc7f01d.js
-- Up-to-date: /Users/user01/Desktop/캐쳐시큐/catchsecu-clone/.local/tools/clamav-source/share/doc/ClamAV/html/mode-rust-2c9d5c9a.js
-- Up-to-date: /Users/user01/Desktop/캐쳐시큐/catchsecu-clone/.local/tools/clamav-source/share/doc/ClamAV/html/manual
-- Up-to-date: /Users/user01/Desktop/캐쳐시큐/catchsecu-clone/.local/tools/clamav-source/share/doc/ClamAV/html/manual/Installing
-- Up-to-date: /Users/user01/Desktop/캐쳐시큐/catchsecu-clone/.local/tools/clamav-source/share/doc/ClamAV/html/manual/Installing/Installing-from-source-Unix.html
-- Up-to-date: /Users/user01/Desktop/캐쳐시큐/catchsecu-clone/.local/tools/clamav-source/share/doc/ClamAV/html/manual/Installing/Packages.html
-- Up-to-date: /Users/user01/Desktop/캐쳐시큐/catchsecu-clone/.local/tools/clamav-source/share/doc/ClamAV/html/manual/Installing/Docker.html
-- Up-to-date: /Users/user01/Desktop/캐쳐시큐/catchsecu-clone/.local/tools/clamav-source/share/doc/ClamAV/html/manual/Installing/Add-clamav-user.html
-- Up-to-date: /Users/user01/Desktop/캐쳐시큐/catchsecu-clone/.local/tools/clamav-source/share/doc/ClamAV/html/manual/Installing/Installing-from-source-Windows.html
-- Up-to-date: /Users/user01/Desktop/캐쳐시큐/catchsecu-clone/.local/tools/clamav-source/share/doc/ClamAV/html/manual/Installing/Community-projects.html
-- Up-to-date: /Users/user01/Desktop/캐쳐시큐/catchsecu-clone/.local/tools/clamav-source/share/doc/ClamAV/html/manual/Development
-- Up-to-date: /Users/user01/Desktop/캐쳐시큐/catchsecu-clone/.local/tools/clamav-source/share/doc/ClamAV/html/manual/Development/tips-and-tricks.html
-- Up-to-date: /Users/user01/Desktop/캐쳐시큐/catchsecu-clone/.local/tools/clamav-source/share/doc/ClamAV/html/manual/Development/clamav-git-work-flow.html
-- Up-to-date: /Users/user01/Desktop/캐쳐시큐/catchsecu-clone/.local/tools/clamav-source/share/doc/ClamAV/html/manual/Development/code-coverage.html
-- Up-to-date: /Users/user01/Desktop/캐쳐시큐/catchsecu-clone/.local/tools/clamav-source/share/doc/ClamAV/html/manual/Development/personal-forks.html
-- Up-to-date: /Users/user01/Desktop/캐쳐시큐/catchsecu-clone/.local/tools/clamav-source/share/doc/ClamAV/html/manual/Development/build-installer-packages.html
-- Up-to-date: /Users/user01/Desktop/캐쳐시큐/catchsecu-clone/.local/tools/clamav-source/share/doc/ClamAV/html/manual/Development/development-builds.html
-- Up-to-date: /Users/user01/Desktop/캐쳐시큐/catchsecu-clone/.local/tools/clamav-source/share/doc/ClamAV/html/manual/Development/libclamav.html
-- Up-to-date: /Users/user01/Desktop/캐쳐시큐/catchsecu-clone/.local/tools/clamav-source/share/doc/ClamAV/html/manual/Development/fuzzing-sanitizers.html
-- Up-to-date: /Users/user01/Desktop/캐쳐시큐/catchsecu-clone/.local/tools/clamav-source/share/doc/ClamAV/html/manual/Development/performance-profiling.html
-- Up-to-date: /Users/user01/Desktop/캐쳐시큐/catchsecu-clone/.local/tools/clamav-source/share/doc/ClamAV/html/manual/Development/testing-pull-requests.html
-- Up-to-date: /Users/user01/Desktop/캐쳐시큐/catchsecu-clone/.local/tools/clamav-source/share/doc/ClamAV/html/manual/Development/github-pr-basics.html
-- Up-to-date: /Users/user01/Desktop/캐쳐시큐/catchsecu-clone/.local/tools/clamav-source/share/doc/ClamAV/html/manual/Development/Contribute.html
-- Up-to-date: /Users/user01/Desktop/캐쳐시큐/catchsecu-clone/.local/tools/clamav-source/share/doc/ClamAV/html/manual/Signatures
-- Up-to-date: /Users/user01/Desktop/캐쳐시큐/catchsecu-clone/.local/tools/clamav-source/share/doc/ClamAV/html/manual/Signatures/PhishSigs.html
-- Up-to-date: /Users/user01/Desktop/캐쳐시큐/catchsecu-clone/.local/tools/clamav-source/share/doc/ClamAV/html/manual/Signatures/AuthenticodeRules.html
-- Up-to-date: /Users/user01/Desktop/캐쳐시큐/catchsecu-clone/.local/tools/clamav-source/share/doc/ClamAV/html/manual/Signatures/ContainerMetadata.html
-- Up-to-date: /Users/user01/Desktop/캐쳐시큐/catchsecu-clone/.local/tools/clamav-source/share/doc/ClamAV/html/manual/Signatures/HashSignatures.html
-- Up-to-date: /Users/user01/Desktop/캐쳐시큐/catchsecu-clone/.local/tools/clamav-source/share/doc/ClamAV/html/manual/Signatures/YaraRules.html
-- Up-to-date: /Users/user01/Desktop/캐쳐시큐/catchsecu-clone/.local/tools/clamav-source/share/doc/ClamAV/html/manual/Signatures/SignatureNames.html
-- Up-to-date: /Users/user01/Desktop/캐쳐시큐/catchsecu-clone/.local/tools/clamav-source/share/doc/ClamAV/html/manual/Signatures/ExtendedSignatures.html
-- Up-to-date: /Users/user01/Desktop/캐쳐시큐/catchsecu-clone/.local/tools/clamav-source/share/doc/ClamAV/html/manual/Signatures/LogicalSignatures.html
-- Up-to-date: /Users/user01/Desktop/캐쳐시큐/catchsecu-clone/.local/tools/clamav-source/share/doc/ClamAV/html/manual/Signatures/FileTypeMagic.html
-- Up-to-date: /Users/user01/Desktop/캐쳐시큐/catchsecu-clone/.local/tools/clamav-source/share/doc/ClamAV/html/manual/Signatures/EncryptedArchives.html
-- Up-to-date: /Users/user01/Desktop/캐쳐시큐/catchsecu-clone/.local/tools/clamav-source/share/doc/ClamAV/html/manual/Signatures/BytecodeSignatures.html
-- Up-to-date: /Users/user01/Desktop/캐쳐시큐/catchsecu-clone/.local/tools/clamav-source/share/doc/ClamAV/html/manual/Signatures/DatabaseInfo.html
-- Up-to-date: /Users/user01/Desktop/캐쳐시큐/catchsecu-clone/.local/tools/clamav-source/share/doc/ClamAV/html/manual/Signatures/DynamicConfig.html
-- Up-to-date: /Users/user01/Desktop/캐쳐시큐/catchsecu-clone/.local/tools/clamav-source/share/doc/ClamAV/html/manual/Signatures/BodySignatureFormat.html
-- Up-to-date: /Users/user01/Desktop/캐쳐시큐/catchsecu-clone/.local/tools/clamav-source/share/doc/ClamAV/html/manual/Signatures/AllowLists.html
-- Up-to-date: /Users/user01/Desktop/캐쳐시큐/catchsecu-clone/.local/tools/clamav-source/share/doc/ClamAV/html/manual/Usage
-- Up-to-date: /Users/user01/Desktop/캐쳐시큐/catchsecu-clone/.local/tools/clamav-source/share/doc/ClamAV/html/manual/Usage/Scanning.html
-- Up-to-date: /Users/user01/Desktop/캐쳐시큐/catchsecu-clone/.local/tools/clamav-source/share/doc/ClamAV/html/manual/Usage/ClamdProtocol.html
-- Up-to-date: /Users/user01/Desktop/캐쳐시큐/catchsecu-clone/.local/tools/clamav-source/share/doc/ClamAV/html/manual/Usage/Configuration.html
-- Up-to-date: /Users/user01/Desktop/캐쳐시큐/catchsecu-clone/.local/tools/clamav-source/share/doc/ClamAV/html/manual/Usage/Services.html
-- Up-to-date: /Users/user01/Desktop/캐쳐시큐/catchsecu-clone/.local/tools/clamav-source/share/doc/ClamAV/html/manual/Usage/SignatureManagement.html
-- Up-to-date: /Users/user01/Desktop/캐쳐시큐/catchsecu-clone/.local/tools/clamav-source/share/doc/ClamAV/html/manual/Usage/ReportABug.html
-- Up-to-date: /Users/user01/Desktop/캐쳐시큐/catchsecu-clone/.local/tools/clamav-source/share/doc/ClamAV/html/manual/cisco-talos.gpg
-- Up-to-date: /Users/user01/Desktop/캐쳐시큐/catchsecu-clone/.local/tools/clamav-source/share/doc/ClamAV/html/manual/Signatures.html
-- Up-to-date: /Users/user01/Desktop/캐쳐시큐/catchsecu-clone/.local/tools/clamav-source/share/doc/ClamAV/html/manual/Development.html
-- Up-to-date: /Users/user01/Desktop/캐쳐시큐/catchsecu-clone/.local/tools/clamav-source/share/doc/ClamAV/html/manual/OnAccess.html
-- Up-to-date: /Users/user01/Desktop/캐쳐시큐/catchsecu-clone/.local/tools/clamav-source/share/doc/ClamAV/html/manual/Usage.html
-- Up-to-date: /Users/user01/Desktop/캐쳐시큐/catchsecu-clone/.local/tools/clamav-source/share/doc/ClamAV/html/manual/Installing.html
-- Up-to-date: /Users/user01/Desktop/캐쳐시큐/catchsecu-clone/.local/tools/clamav-source/share/doc/ClamAV/html/tomorrow-night-4c0ae647.css
-- Up-to-date: /Users/user01/Desktop/캐쳐시큐/catchsecu-clone/.local/tools/clamav-source/share/doc/ClamAV/html/book-a0b12cfe.js
-- Up-to-date: /Users/user01/Desktop/캐쳐시큐/catchsecu-clone/.local/tools/clamav-source/share/doc/ClamAV/html/searcher-09f2665d.js
-- Up-to-date: /Users/user01/Desktop/캐쳐시큐/catchsecu-clone/.local/tools/clamav-source/share/doc/ClamAV/html/sitemap.xml
-- Up-to-date: /Users/user01/Desktop/캐쳐시큐/catchsecu-clone/.local/tools/clamav-source/share/doc/ClamAV/html/ace-2a3cd908.js
-- Up-to-date: /Users/user01/Desktop/캐쳐시큐/catchsecu-clone/.local/tools/clamav-source/share/doc/ClamAV/html/toc-0c194aa2.js
-- Up-to-date: /Users/user01/Desktop/캐쳐시큐/catchsecu-clone/.local/tools/clamav-source/share/doc/ClamAV/html/elasticlunr-ef4e11c1.min.js
-- Up-to-date: /Users/user01/Desktop/캐쳐시큐/catchsecu-clone/.local/tools/clamav-source/share/doc/ClamAV/html/searchindex-f120d447.js
-- Up-to-date: /Users/user01/Desktop/캐쳐시큐/catchsecu-clone/.local/tools/clamav-source/share/doc/ClamAV/html/mermaid-eefea253.min.js
-- Up-to-date: /Users/user01/Desktop/캐쳐시큐/catchsecu-clone/.local/tools/clamav-source/share/doc/ClamAV/html/fonts
-- Up-to-date: /Users/user01/Desktop/캐쳐시큐/catchsecu-clone/.local/tools/clamav-source/share/doc/ClamAV/html/fonts/OPEN-SANS-LICENSE-cfc7749b.txt
-- Up-to-date: /Users/user01/Desktop/캐쳐시큐/catchsecu-clone/.local/tools/clamav-source/share/doc/ClamAV/html/fonts/fonts-9644e21d.css
-- Up-to-date: /Users/user01/Desktop/캐쳐시큐/catchsecu-clone/.local/tools/clamav-source/share/doc/ClamAV/html/fonts/source-code-pro-v11-all-charsets-500-2bdd9410.woff2
-- Up-to-date: /Users/user01/Desktop/캐쳐시큐/catchsecu-clone/.local/tools/clamav-source/share/doc/ClamAV/html/fonts/open-sans-v17-all-charsets-800italic-ba1521ec.woff2
-- Up-to-date: /Users/user01/Desktop/캐쳐시큐/catchsecu-clone/.local/tools/clamav-source/share/doc/ClamAV/html/fonts/open-sans-v17-all-charsets-300-7736aa35.woff2
-- Up-to-date: /Users/user01/Desktop/캐쳐시큐/catchsecu-clone/.local/tools/clamav-source/share/doc/ClamAV/html/fonts/open-sans-v17-all-charsets-italic-6c9463f7.woff2
-- Up-to-date: /Users/user01/Desktop/캐쳐시큐/catchsecu-clone/.local/tools/clamav-source/share/doc/ClamAV/html/fonts/open-sans-v17-all-charsets-800-3d2c812a.woff2
-- Up-to-date: /Users/user01/Desktop/캐쳐시큐/catchsecu-clone/.local/tools/clamav-source/share/doc/ClamAV/html/fonts/open-sans-v17-all-charsets-600italic-1a3e8659.woff2
-- Up-to-date: /Users/user01/Desktop/캐쳐시큐/catchsecu-clone/.local/tools/clamav-source/share/doc/ClamAV/html/fonts/open-sans-v17-all-charsets-300italic-2c7b95c0.woff2
-- Up-to-date: /Users/user01/Desktop/캐쳐시큐/catchsecu-clone/.local/tools/clamav-source/share/doc/ClamAV/html/fonts/open-sans-v17-all-charsets-700-c22fe8c7.woff2
-- Up-to-date: /Users/user01/Desktop/캐쳐시큐/catchsecu-clone/.local/tools/clamav-source/share/doc/ClamAV/html/fonts/open-sans-v17-all-charsets-regular-2e3b1d34.woff2
-- Up-to-date: /Users/user01/Desktop/캐쳐시큐/catchsecu-clone/.local/tools/clamav-source/share/doc/ClamAV/html/fonts/open-sans-v17-all-charsets-700italic-238ae959.woff2
-- Up-to-date: /Users/user01/Desktop/캐쳐시큐/catchsecu-clone/.local/tools/clamav-source/share/doc/ClamAV/html/fonts/SOURCE-CODE-PRO-LICENSE-d1e6d465.txt
-- Up-to-date: /Users/user01/Desktop/캐쳐시큐/catchsecu-clone/.local/tools/clamav-source/share/doc/ClamAV/html/fonts/open-sans-v17-all-charsets-600-486c6759.woff2
-- Up-to-date: /Users/user01/Desktop/캐쳐시큐/catchsecu-clone/.local/tools/clamav-source/share/doc/ClamAV/html/Introduction.html
-- Up-to-date: /Users/user01/Desktop/캐쳐시큐/catchsecu-clone/.local/tools/clamav-source/share/doc/ClamAV/html/clipboard-1626706a.min.js
-- Up-to-date: /Users/user01/Desktop/캐쳐시큐/catchsecu-clone/.local/tools/clamav-source/share/doc/ClamAV/html/editor-16ca416c.js
