gpg: keybox '/Users/user01/Desktop/캐쳐시큐/catchsecu-clone/.local/clamav-source/gnupg/pubring.kbx' created
gpg: key 707F0DB480836771: 1 signature not checked due to a missing key
gpg: /Users/user01/Desktop/캐쳐시큐/catchsecu-clone/.local/clamav-source/gnupg/trustdb.gpg: trustdb created
gpg: key 707F0DB480836771: public key "Talos (Talos, Cisco Systems Inc.) <research@sourcefire.com>" imported
gpg: can't connect to the gpg-agent: IPC connect call failed
gpg: Total number processed: 1
gpg:               imported: 1
gpg: no ultimately trusted keys found
[GNUPG:] NEWSIG
gpg: Signature made Fri Aug  7 23:42:11 2026 KST
gpg:                using RSA key 707F0DB480836771
[GNUPG:] KEY_CONSIDERED 5BADCA2665EF59DCF8A23D8B707F0DB480836771 0
[GNUPG:] SIG_ID hY+ufB1DW7mV48OzAEznWouowyI 2026-08-07 1786113731
[GNUPG:] GOODSIG 707F0DB480836771 Talos (Talos, Cisco Systems Inc.) <research@sourcefire.com>
gpg: Good signature from "Talos (Talos, Cisco Systems Inc.) <research@sourcefire.com>" [unknown]
[GNUPG:] VALIDSIG 5BADCA2665EF59DCF8A23D8B707F0DB480836771 2026-08-07 1786113731 0 4 0 1 2 00 5BADCA2665EF59DCF8A23D8B707F0DB480836771
[GNUPG:] TRUST_UNDEFINED 0 pgp
gpg: WARNING: This key is not certified with a trusted signature!
gpg:          There is no indication that the signature belongs to the owner.
      5BADCA2665EF59DCF8A23D8B707F0DB480836771
