
> catchsecu-clone@0.1.0 build
> next build

▲ Next.js 16.3.8 (Turbopack)
- Environments: .env.local
✓ Running next.config.ts took 18ms

  Creating an optimized production build ...
✓ Compiled successfully in 1614ms
  Running TypeScript ...
  Finished TypeScript in 3.0s ...
  Collecting page data using 7 workers ...
  Generating static pages using 7 workers (0/16) ...
  Generating static pages using 7 workers (4/16) 
  Generating static pages using 7 workers (8/16) 
  Generating static pages using 7 workers (12/16) 
✓ Generating static pages using 7 workers (16/16) in 124ms
  Finalizing page optimization ...

Route (app)
┌ ○ /_not-found
├ ƒ /[[...slug]]
├ ƒ /api/v1/approvals
├ ƒ /api/v1/approvals/[...segments]
├ ƒ /api/v1/auth/[...all]
├ ƒ /api/v1/companies
├ ƒ /api/v1/companies/[id]
├ ƒ /api/v1/context
├ ƒ /api/v1/fixed-urls
├ ƒ /api/v1/fixed-urls/[id]
├ ƒ /api/v1/forms
├ ƒ /api/v1/forms/[...segments]
├ ƒ /api/v1/health
├ ƒ /api/v1/invitations
├ ƒ /api/v1/invitations/[...segments]
├ ƒ /api/v1/me
├ ƒ /api/v1/me/sessions
├ ƒ /api/v1/me/sessions/[id]
├ ƒ /api/v1/members
├ ƒ /api/v1/members/[...segments]
├ ƒ /api/v1/public/forms/[...segments]
├ ƒ /api/v1/public/urls/[slug]
├ ƒ /api/v1/security/policy
├ ƒ /api/v1/services
├ ƒ /api/v1/services/[id]
├ ƒ /api/v1/submissions/[...segments]
├ ƒ /api/v1/templates
└ ƒ /api/v1/templates/[...segments]


○  (Static)   prerendered as static content
ƒ  (Dynamic)  server-rendered on demand

