▲ Next.js 16.3.8 (Turbopack)
- Environments: .env.local
✓ Running next.config.ts took 19ms

  Creating an optimized production build ...
✓ Compiled successfully in 17.1s
  Running TypeScript ...
Persisting failed during shutdown: Unable to write SST file 00000028.sst

Caused by:
    0: Failed to write value block
    1: Failed to write block data
    2: failed to write to file `/Users/user01/Desktop/캐쳐시큐/catchsecu-clone/.next-rea-text-limits/cache/turbopack/v16.3.8-b0fad0d4/00000028.sst`: No space left on device (os error 28)
Shutting down failed: A previous write operation failed with an unrecoverable error; no further writes are possible
  Finished TypeScript in 15.7s ...

> Build error occurred
Error: ENOSPC: no space left on device, open '/Users/user01/Desktop/캐쳐시큐/catchsecu-clone/.next-rea-text-limits/required-server-files.json'
    at ignore-listed frames {
  errno: -28,
  code: 'ENOSPC',
  syscall: 'open',
  path: '/Users/user01/Desktop/캐쳐시큐/catchsecu-clone/.next-rea-text-limits/required-server-files.json'
}
