Loaded Prisma config from prisma.config.ts.

Prisma schema loaded from prisma/schema.prisma.
Datasource "db": PostgreSQL database "catchsecu_test", schema "qa_receipt_v2_fresh_e3152347273e4f7285fd0743d8bdd816" at "localhost:5432"

139 migrations found in prisma/migrations

Applying migration `20261002090000_foundation`
Applying migration `20261002091000_auth_generated_ids`
Applying migration `20261002094000_forms`
Applying migration `20261002095500_submission_history`
Applying migration `20261002110000_last_owner_guard`
Applying migration `20261002113000_template_service_scope`
Applying migration `20261002120000_policy_approvals`
Applying migration `20261002123000_session_policy_default`
Applying migration `20261002130000_password_policy`
Applying migration `20261002133000_utc_timestamps`
Applying migration `20261002143000_private_files`
Applying migration `20261002153000_submission_destruction`
Applying migration `20261002154500_destruction_write_barrier`
Applying migration `20261002155000_file_deletion_lock_order`
Applying migration `20261002163000_processing_catalog`
Applying migration `20261002164000_catalog_revision_guards`
Applying migration `20261002165000_catalog_link_revision_guard`
Applying migration `20261002180000_csv_imports`
Applying migration `20261002190000_documents`
Applying migration `20261002201000_document_pdf`
Applying migration `20261002210000_form_documents`
Applying migration `20261002220000_external_sharing`
Applying migration `20261002230000_subject_identity`
Applying migration `20261002240000_subject_access`
Applying migration `20261002250000_subject_erasure_certificate`
Applying migration `20261003010000_marketing_preferences`
Applying migration `20261003011000_marketing_mail_erasure`
Applying migration `20261003012000_marketing_state_guards`
Applying migration `20261003020000_senders`
Applying migration `20261003021000_sender_guards`
Applying migration `20261003030000_sender_mail_protocol`
Applying migration `20261003040000_campaigns`
Applying migration `20261003050000_campaign_delivery_lifecycle`
Applying migration `20261003060000_message_content`
Applying migration `20261003061000_message_template_guards`
Applying migration `20261003062000_campaign_attachments`
Applying migration `20261003063000_campaign_file_guards`
Applying migration `20261003070000_email_feedback`
Applying migration `20261003080000_notifications`
Applying migration `20261003090000_billing_subscriptions`
Applying migration `20261003091000_billing_catalog_time_fix`
Applying migration `20261003092000_billing_trial_time_fix`
Applying migration `20261003093000_trial_lifecycle`
Applying migration `20261003100000_notices`
Applying migration `20261003110000_guides`
Applying migration `20261003120000_support_tickets`
Applying migration `20261003130000_notice_attachments`
Applying migration `20261003140000_service_access_requests`
Applying migration `20261003150000_expert_assignments`
Applying migration `20261003160000_credit_ledger`
Applying migration `20261003170000_job_attempts`
Applying migration `20261003180000_company_business_files`
Applying migration `20261003190000_account_closure`
Applying migration `20261003200000_profile_job_title`
Applying migration `20261003210000_question_rules`
Applying migration `20261003211000_question_condition_guard`
Applying migration `20261004001000_submission_exports`
Applying migration `20261004002000_export_source_insert`
Applying migration `20261004003000_export_source_binding`
Applying migration `20261004110000_verification_foundation`
Applying migration `20261004111000_verification_receipt_kinds`
Applying migration `20261004120000_verification_destruction_barrier`
Applying migration `20261004130000_import_execution_barrier`
Applying migration `20261004140000_marketing_copy_erasure`
Applying migration `20261004150000_ip_access_control`
Applying migration `20261004160000_mfa_exceptions`
Applying migration `20261004161000_mfa_owner_recovery`
Applying migration `20261005000000_retention_policy`
Applying migration `20261005010000_form_retention_designation`
Applying migration `20261005020000_subprocessor_notices`
Applying migration `20261005030000_compliance_close`
Applying migration `20261005040000_sms_receipt`
Applying migration `20261005050000_kakao_templates`
Applying migration `20261005060000_payment_orders`
Applying migration `20261005070000_activity_reviews`
Applying migration `20261005080000_compliance_exports`
Applying migration `20261005090000_credential_audit`
Applying migration `20261006090000_submission_tenant_submitted_index`
Applying migration `20261006091000_sms_sender_jobs`
Applying migration `20261006100000_payment_methods`
Applying migration `20261006110000_paid_activation`
Applying migration `20261006120000_refund_closing`
Applying migration `20261007000000_sso_providers`
Applying migration `20261007010000_sso_saml`
Applying migration `20261008000000_verification_enabled`
Applying migration `20261012120000_campaign_kakao`
Applying migration `20261012130000_campaign_kakao_job_sender`
Applying migration `20261012140000_campaign_kakao_fallback`
Applying migration `20261012150000_campaign_fallback_job_sender`
Applying migration `20261012160000_retention_designation_policy`
Applying migration `20261014000000_activity_review_retention`
Applying migration `20261014100000_activity_review_destruction_tighten`
Applying migration `20261014110000_sso_state_binding`
Applying migration `20261014120000_sso_invitation_binding`
Applying migration `20261014130000_sso_account_provider_reference`
Applying migration `20261014140000_paid_subscription_expiration`
Applying migration `20261015000000_service_retention_rules`
Applying migration `20261016000000_virtual_org_auth`
Applying migration `20261016100000_virtual_org_protocols`
Applying migration `20261016110000_billing_unused_version_removal`
Applying migration `20261017130000_kakao_mock_receipts`
Applying migration `20261017140000_sms_receipt_attempts`
Applying migration `20261018000000_document_version_recipients`
Applying migration `20261019000000_document_policy_draft`
Applying migration `20261020000000_security_entitlements`
Applying migration `20261021000000_sso_login_evidence`
Applying migration `20261022000000_sso_policy_challenge`
Applying migration `20261023000000_org_email_challenge`
Applying migration `20261024000000_sso_browser_binding`
Applying migration `20261025000000_question_option_identities`
Applying migration `20261025001000_question_option_conditions`
Applying migration `20261025002000_question_exact_selection`
Applying migration `20261025003000_question_text_limits`
Applying migration `20261025004000_contact_email_birth_questions`
Applying migration `20261025005000_address_questions`
Applying migration `20261025006000_drawing_questions`
Applying migration `20261025007000_form_language`
Applying migration `20261025008000_question_explanations`
Applying migration `20261025009000_question_material_links`
Applying migration `20261025010000_question_personal_information`
Applying migration `20261025011000_question_custom_choice`
Applying migration `20261025012000_author_assets`
Applying migration `20261025013000_author_assets_expiry_precision`
Applying migration `20261025014000_question_images`
Applying migration `20261025015000_form_rich_body`
Applying migration `20261025016000_rich_body_asset_purposes`
Applying migration `20261025017000_form_sections`
Applying migration `20261025018000_form_section_trigger_fix`
Applying migration `20261025019000_author_asset_rich_documents`
Applying migration `20261025020000_form_page_branches`
Applying migration `20261025020100_form_page_branch_trigger_scope`
Applying migration `20261025020200_form_page_branch_lookup`
Applying migration `20261025020300_author_asset_trigger_scope`
Applying migration `20261025020400_submission_page_path_validator_fix`
Applying migration `20261025020500_submission_page_path_edges`
Applying migration `20261025020600_option_trigger_metadata_scope`
Applying migration `20261025020700_submission_ineligible_guard`
Applying migration `20261025020800_share_grant_form_body`
Applying migration `20261025020900_rich_consent_evidence_v2`

The following migration(s) have been applied:

migrations/
  └─ 20261002090000_foundation/
    └─ migration.sql
  └─ 20261002091000_auth_generated_ids/
    └─ migration.sql
  └─ 20261002094000_forms/
    └─ migration.sql
  └─ 20261002095500_submission_history/
    └─ migration.sql
  └─ 20261002110000_last_owner_guard/
    └─ migration.sql
  └─ 20261002113000_template_service_scope/
    └─ migration.sql
  └─ 20261002120000_policy_approvals/
    └─ migration.sql
  └─ 20261002123000_session_policy_default/
    └─ migration.sql
  └─ 20261002130000_password_policy/
    └─ migration.sql
  └─ 20261002133000_utc_timestamps/
    └─ migration.sql
  └─ 20261002143000_private_files/
    └─ migration.sql
  └─ 20261002153000_submission_destruction/
    └─ migration.sql
  └─ 20261002154500_destruction_write_barrier/
    └─ migration.sql
  └─ 20261002155000_file_deletion_lock_order/
    └─ migration.sql
  └─ 20261002163000_processing_catalog/
    └─ migration.sql
  └─ 20261002164000_catalog_revision_guards/
    └─ migration.sql
  └─ 20261002165000_catalog_link_revision_guard/
    └─ migration.sql
  └─ 20261002180000_csv_imports/
    └─ migration.sql
  └─ 20261002190000_documents/
    └─ migration.sql
  └─ 20261002201000_document_pdf/
    └─ migration.sql
  └─ 20261002210000_form_documents/
    └─ migration.sql
  └─ 20261002220000_external_sharing/
    └─ migration.sql
  └─ 20261002230000_subject_identity/
    └─ migration.sql
  └─ 20261002240000_subject_access/
    └─ migration.sql
  └─ 20261002250000_subject_erasure_certificate/
    └─ migration.sql
  └─ 20261003010000_marketing_preferences/
    └─ migration.sql
  └─ 20261003011000_marketing_mail_erasure/
    └─ migration.sql
  └─ 20261003012000_marketing_state_guards/
    └─ migration.sql
  └─ 20261003020000_senders/
    └─ migration.sql
  └─ 20261003021000_sender_guards/
    └─ migration.sql
  └─ 20261003030000_sender_mail_protocol/
    └─ migration.sql
  └─ 20261003040000_campaigns/
    └─ migration.sql
  └─ 20261003050000_campaign_delivery_lifecycle/
    └─ migration.sql
  └─ 20261003060000_message_content/
    └─ migration.sql
  └─ 20261003061000_message_template_guards/
    └─ migration.sql
  └─ 20261003062000_campaign_attachments/
    └─ migration.sql
  └─ 20261003063000_campaign_file_guards/
    └─ migration.sql
  └─ 20261003070000_email_feedback/
    └─ migration.sql
  └─ 20261003080000_notifications/
    └─ migration.sql
  └─ 20261003090000_billing_subscriptions/
    └─ migration.sql
  └─ 20261003091000_billing_catalog_time_fix/
    └─ migration.sql
  └─ 20261003092000_billing_trial_time_fix/
    └─ migration.sql
  └─ 20261003093000_trial_lifecycle/
    └─ migration.sql
  └─ 20261003100000_notices/
    └─ migration.sql
  └─ 20261003110000_guides/
    └─ migration.sql
  └─ 20261003120000_support_tickets/
    └─ migration.sql
  └─ 20261003130000_notice_attachments/
    └─ migration.sql
  └─ 20261003140000_service_access_requests/
    └─ migration.sql
  └─ 20261003150000_expert_assignments/
    └─ migration.sql
  └─ 20261003160000_credit_ledger/
    └─ migration.sql
  └─ 20261003170000_job_attempts/
    └─ migration.sql
  └─ 20261003180000_company_business_files/
    └─ migration.sql
  └─ 20261003190000_account_closure/
    └─ migration.sql
  └─ 20261003200000_profile_job_title/
    └─ migration.sql
  └─ 20261003210000_question_rules/
    └─ migration.sql
  └─ 20261003211000_question_condition_guard/
    └─ migration.sql
  └─ 20261004001000_submission_exports/
    └─ migration.sql
  └─ 20261004002000_export_source_insert/
    └─ migration.sql
  └─ 20261004003000_export_source_binding/
    └─ migration.sql
  └─ 20261004110000_verification_foundation/
    └─ migration.sql
  └─ 20261004111000_verification_receipt_kinds/
    └─ migration.sql
  └─ 20261004120000_verification_destruction_barrier/
    └─ migration.sql
  └─ 20261004130000_import_execution_barrier/
    └─ migration.sql
  └─ 20261004140000_marketing_copy_erasure/
    └─ migration.sql
  └─ 20261004150000_ip_access_control/
    └─ migration.sql
  └─ 20261004160000_mfa_exceptions/
    └─ migration.sql
  └─ 20261004161000_mfa_owner_recovery/
    └─ migration.sql
  └─ 20261005000000_retention_policy/
    └─ migration.sql
  └─ 20261005010000_form_retention_designation/
    └─ migration.sql
  └─ 20261005020000_subprocessor_notices/
    └─ migration.sql
  └─ 20261005030000_compliance_close/
    └─ migration.sql
  └─ 20261005040000_sms_receipt/
    └─ migration.sql
  └─ 20261005050000_kakao_templates/
    └─ migration.sql
  └─ 20261005060000_payment_orders/
    └─ migration.sql
  └─ 20261005070000_activity_reviews/
    └─ migration.sql
  └─ 20261005080000_compliance_exports/
    └─ migration.sql
  └─ 20261005090000_credential_audit/
    └─ migration.sql
  └─ 20261006090000_submission_tenant_submitted_index/
    └─ migration.sql
  └─ 20261006091000_sms_sender_jobs/
    └─ migration.sql
  └─ 20261006100000_payment_methods/
    └─ migration.sql
  └─ 20261006110000_paid_activation/
    └─ migration.sql
  └─ 20261006120000_refund_closing/
    └─ migration.sql
  └─ 20261007000000_sso_providers/
    └─ migration.sql
  └─ 20261007010000_sso_saml/
    └─ migration.sql
  └─ 20261008000000_verification_enabled/
    └─ migration.sql
  └─ 20261012120000_campaign_kakao/
    └─ migration.sql
  └─ 20261012130000_campaign_kakao_job_sender/
    └─ migration.sql
  └─ 20261012140000_campaign_kakao_fallback/
    └─ migration.sql
  └─ 20261012150000_campaign_fallback_job_sender/
    └─ migration.sql
  └─ 20261012160000_retention_designation_policy/
    └─ migration.sql
  └─ 20261014000000_activity_review_retention/
    └─ migration.sql
  └─ 20261014100000_activity_review_destruction_tighten/
    └─ migration.sql
  └─ 20261014110000_sso_state_binding/
    └─ migration.sql
  └─ 20261014120000_sso_invitation_binding/
    └─ migration.sql
  └─ 20261014130000_sso_account_provider_reference/
    └─ migration.sql
  └─ 20261014140000_paid_subscription_expiration/
    └─ migration.sql
  └─ 20261015000000_service_retention_rules/
    └─ migration.sql
  └─ 20261016000000_virtual_org_auth/
    └─ migration.sql
  └─ 20261016100000_virtual_org_protocols/
    └─ migration.sql
  └─ 20261016110000_billing_unused_version_removal/
    └─ migration.sql
  └─ 20261017130000_kakao_mock_receipts/
    └─ migration.sql
  └─ 20261017140000_sms_receipt_attempts/
    └─ migration.sql
  └─ 20261018000000_document_version_recipients/
    └─ migration.sql
  └─ 20261019000000_document_policy_draft/
    └─ migration.sql
  └─ 20261020000000_security_entitlements/
    └─ migration.sql
  └─ 20261021000000_sso_login_evidence/
    └─ migration.sql
  └─ 20261022000000_sso_policy_challenge/
    └─ migration.sql
  └─ 20261023000000_org_email_challenge/
    └─ migration.sql
  └─ 20261024000000_sso_browser_binding/
    └─ migration.sql
  └─ 20261025000000_question_option_identities/
    └─ migration.sql
  └─ 20261025001000_question_option_conditions/
    └─ migration.sql
  └─ 20261025002000_question_exact_selection/
    └─ migration.sql
  └─ 20261025003000_question_text_limits/
    └─ migration.sql
  └─ 20261025004000_contact_email_birth_questions/
    └─ migration.sql
  └─ 20261025005000_address_questions/
    └─ migration.sql
  └─ 20261025006000_drawing_questions/
    └─ migration.sql
  └─ 20261025007000_form_language/
    └─ migration.sql
  └─ 20261025008000_question_explanations/
    └─ migration.sql
  └─ 20261025009000_question_material_links/
    └─ migration.sql
  └─ 20261025010000_question_personal_information/
    └─ migration.sql
  └─ 20261025011000_question_custom_choice/
    └─ migration.sql
  └─ 20261025012000_author_assets/
    └─ migration.sql
  └─ 20261025013000_author_assets_expiry_precision/
    └─ migration.sql
  └─ 20261025014000_question_images/
    └─ migration.sql
  └─ 20261025015000_form_rich_body/
    └─ migration.sql
  └─ 20261025016000_rich_body_asset_purposes/
    └─ migration.sql
  └─ 20261025017000_form_sections/
    └─ migration.sql
  └─ 20261025018000_form_section_trigger_fix/
    └─ migration.sql
  └─ 20261025019000_author_asset_rich_documents/
    └─ migration.sql
  └─ 20261025020000_form_page_branches/
    └─ migration.sql
  └─ 20261025020100_form_page_branch_trigger_scope/
    └─ migration.sql
  └─ 20261025020200_form_page_branch_lookup/
    └─ migration.sql
  └─ 20261025020300_author_asset_trigger_scope/
    └─ migration.sql
  └─ 20261025020400_submission_page_path_validator_fix/
    └─ migration.sql
  └─ 20261025020500_submission_page_path_edges/
    └─ migration.sql
  └─ 20261025020600_option_trigger_metadata_scope/
    └─ migration.sql
  └─ 20261025020700_submission_ineligible_guard/
    └─ migration.sql
  └─ 20261025020800_share_grant_form_body/
    └─ migration.sql
  └─ 20261025020900_rich_consent_evidence_v2/
    └─ migration.sql

All migrations have been successfully applied.
