
 RUN  v5.0.3 /Users/user01/Desktop/캐쳐시큐/catchsecu-clone

(node:15235) DeprecationWarning: Calling client.query() when the client is already executing a query is deprecated and will be removed in pg@9.0. Use async/await or an external async flow control mechanism instead.
(Use `node --trace-deprecation ...` to show where the warning was created)
 ❯ tests/server/sso.test.ts (116 tests | 3 failed | 113 skipped) 2778ms
   × P11 공급자 중지: 마지막 로그인 수단의 disable 변경 거부 1697ms
   × P11 공급자 중지: 마지막 로그인 수단의 secret 변경 거부 540ms
   × P11 공급자 중지: 마지막 로그인 수단의 scopes 변경 거부 537ms

⎯⎯⎯⎯⎯⎯⎯ Failed Tests 3 ⎯⎯⎯⎯⎯⎯⎯

 FAIL  tests/server/sso.test.ts > P11 공급자 중지: 마지막 로그인 수단의 disable 변경 거부
AssertionError: promise resolved "{ …(16) }" instead of rejecting

- Expected
+ Received

- Error {
-   "message": "rejected promise",
+ {
+   "authorizationUrl": "http://127.0.0.1:49280/authorize",
+   "clientId": "catchsecu",
+   "createdAt": "2026-10-06T00:40:59.035Z",
+   "enabled": false,
+   "hasCert": false,
+   "hasSecret": false,
+   "id": "64cd7530-14d7-44e0-b374-c64641d7cc37",
+   "issuer": "http://127.0.0.1:49280",
+   "jwksUrl": "http://127.0.0.1:49280/jwks.json",
+   "name": "관리 시험 IdP",
+   "preflightDetail": "",
+   "preflightOk": true,
+   "protocol": "oidc",
+   "scopes": "openid profile email",
+   "tokenUrl": "http://127.0.0.1:49280/token",
+   "version": 2,
  }

 ❯ tests/server/sso.test.ts:1188:97
    1186|   const { updateSsoProvider } = await import("@/server/sso");
    1187|   const change = kind === "disable" ? { enabled: false } : kind === "s…
    1188|   await expect(updateSsoProvider(f.ctx, f.provider.id, { version: 1, .…
       |                                                                                                 ^
    1189|   expect(await db.ssoProvider.findUniqueOrThrow({ where: { id: f.provi…
    1190|   expect(await db.account.count({ where: { userId: f.user.id } })).toB…

⎯⎯⎯⎯⎯⎯⎯⎯⎯⎯⎯⎯⎯⎯⎯⎯⎯⎯⎯⎯⎯⎯⎯⎯[1/3]⎯

 FAIL  tests/server/sso.test.ts > P11 공급자 중지: 마지막 로그인 수단의 secret 변경 거부
AssertionError: promise resolved "{ …(16) }" instead of rejecting

- Expected
+ Received

- Error {
-   "message": "rejected promise",
+ {
+   "authorizationUrl": "http://127.0.0.1:49280/authorize",
+   "clientId": "catchsecu",
+   "createdAt": "2026-10-06T00:40:59.710Z",
+   "enabled": false,
+   "hasCert": false,
+   "hasSecret": true,
+   "id": "e7d21c80-4485-4525-b5a5-6e778b93eb7c",
+   "issuer": "http://127.0.0.1:49280",
+   "jwksUrl": "http://127.0.0.1:49280/jwks.json",
+   "name": "관리 시험 IdP",
+   "preflightDetail": "인증 설정 변경 — 사전검사를 다시 실행해주세요.",
+   "preflightOk": false,
+   "protocol": "oidc",
+   "scopes": "openid profile email",
+   "tokenUrl": "http://127.0.0.1:49280/token",
+   "version": 2,
  }

 ❯ tests/server/sso.test.ts:1188:97
    1186|   const { updateSsoProvider } = await import("@/server/sso");
    1187|   const change = kind === "disable" ? { enabled: false } : kind === "s…
    1188|   await expect(updateSsoProvider(f.ctx, f.provider.id, { version: 1, .…
       |                                                                                                 ^
    1189|   expect(await db.ssoProvider.findUniqueOrThrow({ where: { id: f.provi…
    1190|   expect(await db.account.count({ where: { userId: f.user.id } })).toB…

⎯⎯⎯⎯⎯⎯⎯⎯⎯⎯⎯⎯⎯⎯⎯⎯⎯⎯⎯⎯⎯⎯⎯⎯[2/3]⎯

 FAIL  tests/server/sso.test.ts > P11 공급자 중지: 마지막 로그인 수단의 scopes 변경 거부
AssertionError: promise resolved "{ …(16) }" instead of rejecting

- Expected
+ Received

- Error {
-   "message": "rejected promise",
+ {
+   "authorizationUrl": "http://127.0.0.1:49280/authorize",
+   "clientId": "catchsecu",
+   "createdAt": "2026-10-06T00:41:00.258Z",
+   "enabled": false,
+   "hasCert": false,
+   "hasSecret": false,
+   "id": "b82e3f07-6982-439d-a67a-3034e1b41987",
+   "issuer": "http://127.0.0.1:49280",
+   "jwksUrl": "http://127.0.0.1:49280/jwks.json",
+   "name": "관리 시험 IdP",
+   "preflightDetail": "인증 설정 변경 — 사전검사를 다시 실행해주세요.",
+   "preflightOk": false,
+   "protocol": "oidc",
+   "scopes": "openid email",
+   "tokenUrl": "http://127.0.0.1:49280/token",
+   "version": 2,
  }

 ❯ tests/server/sso.test.ts:1188:97
    1186|   const { updateSsoProvider } = await import("@/server/sso");
    1187|   const change = kind === "disable" ? { enabled: false } : kind === "s…
    1188|   await expect(updateSsoProvider(f.ctx, f.provider.id, { version: 1, .…
       |                                                                                                 ^
    1189|   expect(await db.ssoProvider.findUniqueOrThrow({ where: { id: f.provi…
    1190|   expect(await db.account.count({ where: { userId: f.user.id } })).toB…

⎯⎯⎯⎯⎯⎯⎯⎯⎯⎯⎯⎯⎯⎯⎯⎯⎯⎯⎯⎯⎯⎯⎯⎯[3/3]⎯


 Test Files  1 failed (1)
      Tests  3 failed | 113 skipped (116)
   Start at  09:40:55
   Duration  4.55s (tests 64%, import 22%, transform 14%)

