
 RUN  v5.0.3 /Users/user01/Desktop/캐쳐시큐/catchsecu-clone

(node:75346) DeprecationWarning: Calling client.query() when the client is already executing a query is deprecated and will be removed in pg@9.0. Use async/await or an external async flow control mechanism instead.
(Use `node --trace-deprecation ...` to show where the warning was created)
 ❯ tests/server/sso.test.ts (31 tests | 7 failed | 22 skipped) 4809ms
   × P11 콜백: 연결 시작 후 로그아웃하면 계정과 세션을 생성하지 않는다 980ms
   × P11 콜백: 다른 사용자에게 연결된 외부 계정으로 현재 사용자를 바꾸지 않는다 595ms
   × P11 콜백: 시작 이후 설정 버전이 바뀌면 이전 로그인 요청을 거부한다 439ms
   × P11 콜백: 키 확인 대기 중 disable 변경이 세션 발급을 차단한다 389ms
   × P11 콜백: 키 확인 대기 중 close-company 변경이 세션 발급을 차단한다 791ms
   × P11 콜백: 연결 시작 세션의 회사 선택이 바뀌면 연결을 중단한다 382ms
   × P11 콜백: 이미 연결된 계정도 취소된 초대를 우회할 수 없다 393ms

⎯⎯⎯⎯⎯⎯⎯ Failed Tests 7 ⎯⎯⎯⎯⎯⎯⎯

 FAIL  tests/server/sso.test.ts > P11 콜백: 연결 시작 후 로그아웃하면 계정과 세션을 생성하지 않는다
AssertionError: expected 302 to be 401 // Object.is equality

- Expected
+ Received

- 401
+ 302

 ❯ tests/server/sso.test.ts:362:27
    360|   await db.session.delete({ where: { id: f.ctx.session.id } });
    361|   const response = await f.callbackRoute(req("/auth/sso/callback?" + f…
    362|   expect(response.status).toBe(401);
       |                           ^
    363|   expect(await db.account.count({ where: { providerId: "sso:" + f.prov…
    364|   expect(await db.auditEvent.count({ where: { action: "sso.account_lin…

⎯⎯⎯⎯⎯⎯⎯⎯⎯⎯⎯⎯⎯⎯⎯⎯⎯⎯⎯⎯⎯⎯⎯⎯[1/7]⎯

 FAIL  tests/server/sso.test.ts > P11 콜백: 다른 사용자에게 연결된 외부 계정으로 현재 사용자를 바꾸지 않는다
AssertionError: expected 302 to be 409 // Object.is equality

- Expected
+ Received

- 409
+ 302

 ❯ tests/server/sso.test.ts:372:27
    370|   await db.account.create({ data: { providerId: "sso:" + f.provider.id…
    371|   const response = await f.callbackRoute(req("/auth/sso/callback?" + f…
    372|   expect(response.status).toBe(409);
       |                           ^
    373|   expect((await response.json()).error.code).toBe("SSO_ACCOUNT_ALREADY…
    374|   expect(await db.session.count({ where: { userId: other.id } })).toBe…

⎯⎯⎯⎯⎯⎯⎯⎯⎯⎯⎯⎯⎯⎯⎯⎯⎯⎯⎯⎯⎯⎯⎯⎯[2/7]⎯

 FAIL  tests/server/sso.test.ts > P11 콜백: 시작 이후 설정 버전이 바뀌면 이전 로그인 요청을 거부한다
AssertionError: expected 302 to be 409 // Object.is equality

- Expected
+ Received

- 409
+ 302

 ❯ tests/server/sso.test.ts:386:96
    384|   const { updateSsoProvider } = await import("@/server/sso");
    385|   await updateSsoProvider(f.ctx, f.provider.id, { version: 1, name: "변…
    386|   expect((await f.callbackRoute(req("/auth/sso/callback?" + f.callback…
       |                                                                                                ^
    387|   expect(await db.account.count({ where: { providerId: "sso:" + f.prov…
    388| });

⎯⎯⎯⎯⎯⎯⎯⎯⎯⎯⎯⎯⎯⎯⎯⎯⎯⎯⎯⎯⎯⎯⎯⎯[3/7]⎯

 FAIL  tests/server/sso.test.ts > P11 콜백: 키 확인 대기 중 disable 변경이 세션 발급을 차단한다
AssertionError: expected 302 to be 409 // Object.is equality

- Expected
+ Received

- 409
+ 302

 ❯ tests/server/sso.test.ts:405:29
    403|     const response = await pending;
    404|     if (action === "expire-state") { expect(response.status).toBe(302)…
    405|     expect(response.status).toBe(action === "disable" ? 409 : 403);
       |                             ^
    406|     expect(await db.account.count({ where: { providerId: "sso:" + f.pr…
    407|     expect(await db.user.findUnique({ where: { email: "sso-user@catchs…

⎯⎯⎯⎯⎯⎯⎯⎯⎯⎯⎯⎯⎯⎯⎯⎯⎯⎯⎯⎯⎯⎯⎯⎯[4/7]⎯

 FAIL  tests/server/sso.test.ts > P11 콜백: 키 확인 대기 중 close-company 변경이 세션 발급을 차단한다
AssertionError: expected 302 to be 403 // Object.is equality

- Expected
+ Received

- 403
+ 302

 ❯ tests/server/sso.test.ts:405:29
    403|     const response = await pending;
    404|     if (action === "expire-state") { expect(response.status).toBe(302)…
    405|     expect(response.status).toBe(action === "disable" ? 409 : 403);
       |                             ^
    406|     expect(await db.account.count({ where: { providerId: "sso:" + f.pr…
    407|     expect(await db.user.findUnique({ where: { email: "sso-user@catchs…

⎯⎯⎯⎯⎯⎯⎯⎯⎯⎯⎯⎯⎯⎯⎯⎯⎯⎯⎯⎯⎯⎯⎯⎯[5/7]⎯

 FAIL  tests/server/sso.test.ts > P11 콜백: 연결 시작 세션의 회사 선택이 바뀌면 연결을 중단한다
AssertionError: expected 302 to be 403 // Object.is equality

- Expected
+ Received

- 403
+ 302

 ❯ tests/server/sso.test.ts:414:27
    412|   await db.session.update({ where: { id: f.ctx.session.id }, data: { a…
    413|   const response = await f.callbackRoute(req("/auth/sso/callback?" + f…
    414|   expect(response.status).toBe(403);
       |                           ^
    415|   expect(await db.account.count({ where: { providerId: "sso:" + f.prov…
    416| });

⎯⎯⎯⎯⎯⎯⎯⎯⎯⎯⎯⎯⎯⎯⎯⎯⎯⎯⎯⎯⎯⎯⎯⎯[6/7]⎯

 FAIL  tests/server/sso.test.ts > P11 콜백: 이미 연결된 계정도 취소된 초대를 우회할 수 없다
PrismaClientKnownRequestError: 
Invalid `db.invitation.update()` invocation in
/Users/user01/Desktop/캐쳐시큐/catchsecu-clone/tests/server/sso.test.ts:427:23

  424 expect(started.status).toBe(302);
  425 const authorize = await fetch(started.headers.get("location")!, { redirect: "manual" });
  426 const callback = new URL(authorize.headers.get("location")!);
→ 427 await db.invitation.update(
Database error. Code: `23514`. Message: `new row for relation "Invitation" violates check constraint "Invitation_status_check"`
 ❯ vn.handleRequestError node_modules/@prisma/client/src/runtime/RequestHandler.ts:238:13
 ❯ vn.handleAndLogRequestError node_modules/@prisma/client/src/runtime/RequestHandler.ts:184:12
 ❯ vn.request node_modules/@prisma/client/src/runtime/RequestHandler.ts:153:12
 ❯ a node_modules/@prisma/client/src/runtime/getPrismaClient.ts:1014:24
 ❯ tests/server/sso.test.ts:427:3
    425|   const authorize = await fetch(started.headers.get("location")!, { re…
    426|   const callback = new URL(authorize.headers.get("location")!);
    427|   await db.invitation.update({ where: { id: invitation.id }, data: { s…
       |   ^
    428|   const response = await f.callbackRoute(req("/auth/sso/callback?" + c…
    429|   expect(response.status).toBe(410);

⎯⎯⎯⎯⎯⎯⎯⎯⎯⎯⎯⎯⎯⎯⎯⎯⎯⎯⎯⎯⎯⎯⎯⎯[7/7]⎯


 Test Files  1 failed (1)
      Tests  7 failed | 2 passed | 22 skipped (31)
   Start at  07:53:03
   Duration  6.39s (tests 78%, import 16%, transform 6%)

