
 RUN  v5.0.3 /Users/user01/Desktop/캐쳐시큐/catchsecu-clone

(node:93162) DeprecationWarning: Calling client.query() when the client is already executing a query is deprecated and will be removed in pg@9.0. Use async/await or an external async flow control mechanism instead.
(Use `node --trace-deprecation ...` to show where the warning was created)
 ❯ tests/server/billing-read-authority.test.ts (10 tests | 8 failed) 1964ms
   × invoices: 문맥 생성 후 역할 회수는 조회를 거부한다 134ms
   × invoices: 문맥 생성 후 세션 회수는 조회를 거부한다 132ms
   × invoices: 변경된 MFA 정책은 조회에 즉시 적용된다 142ms
   × invoices: 다른 회사로 전환된 세션은 이전 회사 조회를 거부한다 122ms
   × usage: 문맥 생성 후 역할 회수는 조회를 거부한다 103ms
   × usage: 문맥 생성 후 세션 회수는 조회를 거부한다 102ms
   × usage: 변경된 MFA 정책은 조회에 즉시 적용된다 101ms
   × usage: 다른 회사로 전환된 세션은 이전 회사 조회를 거부한다 105ms

⎯⎯⎯⎯⎯⎯⎯ Failed Tests 8 ⎯⎯⎯⎯⎯⎯⎯

 FAIL  tests/server/billing-read-authority.test.ts > invoices: 문맥 생성 후 역할 회수는 조회를 거부한다
 FAIL  tests/server/billing-read-authority.test.ts > usage: 문맥 생성 후 역할 회수는 조회를 거부한다
AssertionError: promise resolved "{ items: [], total: +0, page: 1, …(1) }" instead of rejecting

- Expected
+ Received

- Error {
-   "message": "rejected promise",
+ {
+   "items": [],
+   "page": 1,
+   "pageSize": 20,
+   "total": 0,
  }

 ❯ tests/server/billing-read-authority.test.ts:37:32
     35|   test(`${name}: 문맥 생성 후 역할 회수는 조회를 거부한다`, async () => {
     36|     await db.membership.update({ where: { id: ctx.member.id }, data: {…
     37|     await expect(read(ctx, {})).rejects.toMatchObject({ status: 403, c…
       |                                ^
     38|   });
     39|   test(`${name}: 문맥 생성 후 세션 회수는 조회를 거부한다`, async () => {

⎯⎯⎯⎯⎯⎯⎯⎯⎯⎯⎯⎯⎯⎯⎯⎯⎯⎯⎯⎯⎯⎯⎯⎯[1/8]⎯

 FAIL  tests/server/billing-read-authority.test.ts > invoices: 문맥 생성 후 세션 회수는 조회를 거부한다
 FAIL  tests/server/billing-read-authority.test.ts > usage: 문맥 생성 후 세션 회수는 조회를 거부한다
AssertionError: promise resolved "{ items: [], total: +0, page: 1, …(1) }" instead of rejecting

- Expected
+ Received

- Error {
-   "message": "rejected promise",
+ {
+   "items": [],
+   "page": 1,
+   "pageSize": 20,
+   "total": 0,
  }

 ❯ tests/server/billing-read-authority.test.ts:41:32
     39|   test(`${name}: 문맥 생성 후 세션 회수는 조회를 거부한다`, async () => {
     40|     await db.session.delete({ where: { id: ctx.session.id } });
     41|     await expect(read(ctx, {})).rejects.toMatchObject({ status: 401, c…
       |                                ^
     42|   });
     43|   test(`${name}: 변경된 MFA 정책은 조회에 즉시 적용된다`, async () => {

⎯⎯⎯⎯⎯⎯⎯⎯⎯⎯⎯⎯⎯⎯⎯⎯⎯⎯⎯⎯⎯⎯⎯⎯[2/8]⎯

 FAIL  tests/server/billing-read-authority.test.ts > invoices: 변경된 MFA 정책은 조회에 즉시 적용된다
 FAIL  tests/server/billing-read-authority.test.ts > usage: 변경된 MFA 정책은 조회에 즉시 적용된다
AssertionError: promise resolved "{ items: [], total: +0, page: 1, …(1) }" instead of rejecting

- Expected
+ Received

- Error {
-   "message": "rejected promise",
+ {
+   "items": [],
+   "page": 1,
+   "pageSize": 20,
+   "total": 0,
  }

 ❯ tests/server/billing-read-authority.test.ts:45:32
     43|   test(`${name}: 변경된 MFA 정책은 조회에 즉시 적용된다`, async () => {
     44|     await db.securityPolicy.update({ where: { tenantId: ctx.tenantId }…
     45|     await expect(read(ctx, {})).rejects.toMatchObject({ status: 403, c…
       |                                ^
     46|   });
     47|   test(`${name}: 다른 회사로 전환된 세션은 이전 회사 조회를 거부한다`, async () => {

⎯⎯⎯⎯⎯⎯⎯⎯⎯⎯⎯⎯⎯⎯⎯⎯⎯⎯⎯⎯⎯⎯⎯⎯[3/8]⎯

 FAIL  tests/server/billing-read-authority.test.ts > invoices: 다른 회사로 전환된 세션은 이전 회사 조회를 거부한다
 FAIL  tests/server/billing-read-authority.test.ts > usage: 다른 회사로 전환된 세션은 이전 회사 조회를 거부한다
AssertionError: promise resolved "{ items: [], total: +0, page: 1, …(1) }" instead of rejecting

- Expected
+ Received

- Error {
-   "message": "rejected promise",
+ {
+   "items": [],
+   "page": 1,
+   "pageSize": 20,
+   "total": 0,
  }

 ❯ tests/server/billing-read-authority.test.ts:50:32
     48|     const other = await db.company.create({ data: { name: "다른 회사", pub…
     49|     await db.session.update({ where: { id: ctx.session.id }, data: { a…
     50|     await expect(read(ctx, {})).rejects.toMatchObject({ status: 403, c…
       |                                ^
     51|   });
     52| }

⎯⎯⎯⎯⎯⎯⎯⎯⎯⎯⎯⎯⎯⎯⎯⎯⎯⎯⎯⎯⎯⎯⎯⎯[4/8]⎯


 Test Files  1 failed (1)
      Tests  8 failed | 2 passed (10)
   Start at  14:44:16
   Duration  3.31s (tests 61%, import 26%, transform 13%)

