Datasource "db": PostgreSQL database "catchsecu_dev", schema "public" at "localhost:5432"

100 migrations found in prisma/migrations

Applying migration `20261016110000_billing_unused_version_removal`

The following migration(s) have been applied:

migrations/
  └─ 20261016110000_billing_unused_version_removal/
    └─ migration.sql

All migrations have been successfully applied.
Loaded Prisma config from prisma.config.ts.

Prisma schema loaded from prisma/schema.prisma.
┌─────────────────────────────────────────────────────────┐
│  Update available 7.10.0 -> 8.0.0-rc.20                 │
│                                                         │
│  This is a major update - please follow the guide at    │
│  https://pris.ly/d/major-version-upgrade                │
│                                                         │
│  Run the following to update                            │
│    npm i --save-dev prisma@latest                       │
│    npm i @prisma/client@latest                          │
└─────────────────────────────────────────────────────────┘
