
> catchsecu-clone@0.1.0 build
> next build

▲ Next.js 16.3.8 (Turbopack)
- Environments: .env.local
✓ Running next.config.ts took 19ms

  Creating an optimized production build ...
✓ Compiled successfully in 3.8s
  Running TypeScript ...
  Finished TypeScript in 10.3s ...
  Collecting page data using 7 workers ...
  Generating static pages using 7 workers (0/14) ...
  Generating static pages using 7 workers (3/14) 
  Generating static pages using 7 workers (6/14) 
  Generating static pages using 7 workers (10/14) 
✓ Generating static pages using 7 workers (14/14) in 153ms
  Finalizing page optimization ...

Route (app)
┌ ○ /_not-found
├ ƒ /[[...slug]]
├ ƒ /api/v1/auth/[...all]
├ ƒ /api/v1/companies
├ ƒ /api/v1/companies/[id]
├ ƒ /api/v1/context
├ ƒ /api/v1/fixed-urls
├ ƒ /api/v1/fixed-urls/[id]
├ ƒ /api/v1/forms
├ ƒ /api/v1/forms/[...segments]
├ ƒ /api/v1/health
├ ƒ /api/v1/invitations
├ ƒ /api/v1/invitations/[...segments]
├ ƒ /api/v1/me
├ ƒ /api/v1/me/sessions
├ ƒ /api/v1/me/sessions/[id]
├ ƒ /api/v1/members
├ ƒ /api/v1/members/[...segments]
├ ƒ /api/v1/public/forms/[...segments]
├ ƒ /api/v1/public/urls/[slug]
├ ƒ /api/v1/services
├ ƒ /api/v1/services/[id]
├ ƒ /api/v1/submissions/[...segments]
├ ƒ /api/v1/templates
└ ƒ /api/v1/templates/[...segments]


○  (Static)   prerendered as static content
ƒ  (Dynamic)  server-rendered on demand

