
 RUN  v5.0.3 /Users/user01/Desktop/캐쳐시큐/catchsecu-clone

(node:36935) DeprecationWarning: Calling client.query() when the client is already executing a query is deprecated and will be removed in pg@9.0. Use async/await or an external async flow control mechanism instead.
(Use `node --trace-deprecation ...` to show where the warning was created)
 ❯ tests/server/sso.test.ts (124 tests | 19 failed) 63563ms
   × P11 초대 SSO: 새 사용자·지정 역할·서비스 권한·수락·세션을 함께 저장 483ms
   × P11 초대 SSO: 인증 대기 중 resend 변경 시 모든 가입 변경 롤백 424ms
   × P11 초대 SSO: 인증 대기 중 version 변경 시 모든 가입 변경 롤백 380ms
   × P11 초대 SSO: 인증 대기 중 expired 변경 시 모든 가입 변경 롤백 446ms
   × P11 초대 SSO: 인증 대기 중 legacy 변경 시 모든 가입 변경 롤백 419ms
   × P11 초대 SSO: 인증 대기 중 wrong-email 변경 시 모든 가입 변경 롤백 471ms
   × P11 초대 SSO: 인증 대기 중 unverified-email 변경 시 모든 가입 변경 롤백 410ms
   × P11 초대 SSO: 인증 대기 중 inviter 변경 시 모든 가입 변경 롤백 455ms
   × P11 초대 SSO: 인증 대기 중 service 변경 시 모든 가입 변경 롤백 422ms
   × P11 초대 SSO: 인증 대기 중 role 변경 시 모든 가입 변경 롤백 451ms
   × P11 초대 SSO: 기존 이메일 계정 자동 연결 거부 후 로그인 초대 수락 경로 유지 521ms
   × P11 초대 SSO: 서로 다른 인증 state로 동시 수락해도 한 번만 가입 436ms
   × P11 초대 SSO: 감사 쓰기 실패 시 사용자·계정·권한·수락·세션 원자 롤백 425ms
   × P11 전문가 재초대: active 배정을 종료하고 초대된 직접 소속만 부여 520ms
   × P11 전문가 재초대: expired 배정을 종료하고 초대된 직접 소속만 부여 420ms
   × P11 전문가 재초대: revoked 배정을 종료하고 초대된 직접 소속만 부여 458ms
   × P11 전문가 재초대: 감사 실패 시 배정·소속·권한·수락을 모두 롤백 444ms
   × P11 전문가 재초대: 활성 전문가 소속은 초대로 덮어쓰지 않는다 449ms
   × P11 전문가 재초대: 동시 수락은 한 번만 배정 종료·직접 소속 전환 485ms
(node:37558) DeprecationWarning: Calling client.query() when the client is already executing a query is deprecated and will be removed in pg@9.0. Use async/await or an external async flow control mechanism instead.
(Use `node --trace-deprecation ...` to show where the warning was created)
(node:37817) DeprecationWarning: Calling client.query() when the client is already executing a query is deprecated and will be removed in pg@9.0. Use async/await or an external async flow control mechanism instead.
(Use `node --trace-deprecation ...` to show where the warning was created)

⎯⎯⎯⎯⎯⎯ Failed Tests 19 ⎯⎯⎯⎯⎯⎯⎯

 FAIL  tests/server/sso.test.ts > P11 초대 SSO: 새 사용자·지정 역할·서비스 권한·수락·세션을 함께 저장
AssertionError: expected 401 to be 302 // Object.is equality

- Expected
+ Received

- 302
+ 401

 ❯ tests/server/sso.test.ts:1021:27
    1019|   const f = await invitationSsoFixture(), callback = await f.begin();
    1020|   const response = await f.callbackRoute(req("/auth/sso/callback?" + c…
    1021|   expect(response.status).toBe(302);
       |                           ^
    1022|   expect(response.headers.get("location")).toBe("/dashboard");
    1023|   const user = await db.user.findUniqueOrThrow({ where: { email: f.inv…

⎯⎯⎯⎯⎯⎯⎯⎯⎯⎯⎯⎯⎯⎯⎯⎯⎯⎯⎯⎯⎯⎯⎯[1/19]⎯

 FAIL  tests/server/sso.test.ts > P11 초대 SSO: 인증 대기 중 resend 변경 시 모든 가입 변경 롤백
 FAIL  tests/server/sso.test.ts > P11 초대 SSO: 인증 대기 중 version 변경 시 모든 가입 변경 롤백
 FAIL  tests/server/sso.test.ts > P11 초대 SSO: 인증 대기 중 expired 변경 시 모든 가입 변경 롤백
 FAIL  tests/server/sso.test.ts > P11 초대 SSO: 인증 대기 중 legacy 변경 시 모든 가입 변경 롤백
 FAIL  tests/server/sso.test.ts > P11 초대 SSO: 인증 대기 중 wrong-email 변경 시 모든 가입 변경 롤백
 FAIL  tests/server/sso.test.ts > P11 초대 SSO: 인증 대기 중 unverified-email 변경 시 모든 가입 변경 롤백
AssertionError: expected 401 to be 410 // Object.is equality

- Expected
+ Received

- 410
+ 401

 ❯ tests/server/sso.test.ts:1044:27
    1042|   if (kind === "role") await db.invitation.update({ where: { id: f.inv…
    1043|   const response = await f.callbackRoute(req("/auth/sso/callback?" + c…
    1044|   expect(response.status).toBe(kind === "service" ? 404 : kind === "in…
       |                           ^
    1045|   expect(await db.account.count({ where: { providerId: "sso:" + f.prov…
    1046|   expect(await db.user.findUnique({ where: { email: f.invitation.email…

⎯⎯⎯⎯⎯⎯⎯⎯⎯⎯⎯⎯⎯⎯⎯⎯⎯⎯⎯⎯⎯⎯⎯[2/19]⎯

 FAIL  tests/server/sso.test.ts > P11 초대 SSO: 인증 대기 중 inviter 변경 시 모든 가입 변경 롤백
AssertionError: expected 401 to be 409 // Object.is equality

- Expected
+ Received

- 409
+ 401

 ❯ tests/server/sso.test.ts:1044:27
    1042|   if (kind === "role") await db.invitation.update({ where: { id: f.inv…
    1043|   const response = await f.callbackRoute(req("/auth/sso/callback?" + c…
    1044|   expect(response.status).toBe(kind === "service" ? 404 : kind === "in…
       |                           ^
    1045|   expect(await db.account.count({ where: { providerId: "sso:" + f.prov…
    1046|   expect(await db.user.findUnique({ where: { email: f.invitation.email…

⎯⎯⎯⎯⎯⎯⎯⎯⎯⎯⎯⎯⎯⎯⎯⎯⎯⎯⎯⎯⎯⎯⎯[3/19]⎯

 FAIL  tests/server/sso.test.ts > P11 초대 SSO: 인증 대기 중 service 변경 시 모든 가입 변경 롤백
AssertionError: expected 401 to be 404 // Object.is equality

- Expected
+ Received

- 404
+ 401

 ❯ tests/server/sso.test.ts:1044:27
    1042|   if (kind === "role") await db.invitation.update({ where: { id: f.inv…
    1043|   const response = await f.callbackRoute(req("/auth/sso/callback?" + c…
    1044|   expect(response.status).toBe(kind === "service" ? 404 : kind === "in…
       |                           ^
    1045|   expect(await db.account.count({ where: { providerId: "sso:" + f.prov…
    1046|   expect(await db.user.findUnique({ where: { email: f.invitation.email…

⎯⎯⎯⎯⎯⎯⎯⎯⎯⎯⎯⎯⎯⎯⎯⎯⎯⎯⎯⎯⎯⎯⎯[4/19]⎯

 FAIL  tests/server/sso.test.ts > P11 초대 SSO: 인증 대기 중 role 변경 시 모든 가입 변경 롤백
AssertionError: expected 401 to be 403 // Object.is equality

- Expected
+ Received

- 403
+ 401

 ❯ tests/server/sso.test.ts:1044:27
    1042|   if (kind === "role") await db.invitation.update({ where: { id: f.inv…
    1043|   const response = await f.callbackRoute(req("/auth/sso/callback?" + c…
    1044|   expect(response.status).toBe(kind === "service" ? 404 : kind === "in…
       |                           ^
    1045|   expect(await db.account.count({ where: { providerId: "sso:" + f.prov…
    1046|   expect(await db.user.findUnique({ where: { email: f.invitation.email…

⎯⎯⎯⎯⎯⎯⎯⎯⎯⎯⎯⎯⎯⎯⎯⎯⎯⎯⎯⎯⎯⎯⎯[5/19]⎯

 FAIL  tests/server/sso.test.ts > P11 초대 SSO: 기존 이메일 계정 자동 연결 거부 후 로그인 초대 수락 경로 유지
AssertionError: expected 401 to be 409 // Object.is equality

- Expected
+ Received

- 409
+ 401

 ❯ tests/server/sso.test.ts:1056:27
    1054|   const callback = await f.begin();
    1055|   const response = await f.callbackRoute(req("/auth/sso/callback?" + c…
    1056|   expect(response.status).toBe(409);
       |                           ^
    1057|   expect((await response.json()).error.code).toBe("SSO_LINK_REQUIRED");
    1058|   expect(await db.account.count({ where: { userId: user.id, providerId…

⎯⎯⎯⎯⎯⎯⎯⎯⎯⎯⎯⎯⎯⎯⎯⎯⎯⎯⎯⎯⎯⎯⎯[6/19]⎯

 FAIL  tests/server/sso.test.ts > P11 초대 SSO: 서로 다른 인증 state로 동시 수락해도 한 번만 가입
AssertionError: expected [ 401, 401 ] to deeply equal [ 302, 410 ]

- Expected
+ Received

  [
-   302,
-   410,
+   401,
+   401,
  ]

 ❯ tests/server/sso.test.ts:1067:61
    1065|   const f = await invitationSsoFixture(), first = await f.begin(), sec…
    1066|   const responses = await Promise.all([first, second].map(callback => …
    1067|   expect(responses.map(response => response.status).sort()).toEqual([3…
       |                                                             ^
    1068|   expect(await db.auditEvent.count({ where: { action: "invitation.acce…
    1069|   const user = await db.user.findUniqueOrThrow({ where: { email: f.inv…

⎯⎯⎯⎯⎯⎯⎯⎯⎯⎯⎯⎯⎯⎯⎯⎯⎯⎯⎯⎯⎯⎯⎯[7/19]⎯

 FAIL  tests/server/sso.test.ts > P11 초대 SSO: 감사 쓰기 실패 시 사용자·계정·권한·수락·세션 원자 롤백
AssertionError: expected 401 to be 500 // Object.is equality

- Expected
+ Received

- 500
+ 401

 ❯ tests/server/sso.test.ts:1099:27
    1097|   ssoFault.audit = true;
    1098|   const response = await f.callbackRoute(req("/auth/sso/callback?" + c…
    1099|   expect(response.status).toBe(500);
       |                           ^
    1100|   expect(await db.user.count({ where: { email: f.invitation.email } })…
    1101|   expect(await db.account.count({ where: { providerId: "sso:" + f.prov…

⎯⎯⎯⎯⎯⎯⎯⎯⎯⎯⎯⎯⎯⎯⎯⎯⎯⎯⎯⎯⎯⎯⎯[8/19]⎯

 FAIL  tests/server/sso.test.ts > P11 전문가 재초대: active 배정을 종료하고 초대된 직접 소속만 부여
 FAIL  tests/server/sso.test.ts > P11 전문가 재초대: expired 배정을 종료하고 초대된 직접 소속만 부여
 FAIL  tests/server/sso.test.ts > P11 전문가 재초대: revoked 배정을 종료하고 초대된 직접 소속만 부여
AssertionError: expected 401 to be 302 // Object.is equality

- Expected
+ Received

- 302
+ 401

 ❯ tests/server/sso.test.ts:1143:27
    1141|   const f = await expertReinvitationFixture(state), callback = await f…
    1142|   const response = await f.callbackRoute(req("/auth/sso/callback?" + c…
    1143|   expect(response.status).toBe(302);
       |                           ^
    1144|   const assignment = await db.expertAssignment.findUniqueOrThrow({ whe…
    1145|   expect(assignment).toMatchObject({ status: "revoked", version: state…

⎯⎯⎯⎯⎯⎯⎯⎯⎯⎯⎯⎯⎯⎯⎯⎯⎯⎯⎯⎯⎯⎯⎯[9/19]⎯

 FAIL  tests/server/sso.test.ts > P11 전문가 재초대: 감사 실패 시 배정·소속·권한·수락을 모두 롤백
AssertionError: expected 401 to be 500 // Object.is equality

- Expected
+ Received

- 500
+ 401

 ❯ tests/server/sso.test.ts:1164:94
    1162|   const f = await expertReinvitationFixture(), callback = await f.begi…
    1163|   ssoFault.audit = true;
    1164|   expect((await f.callbackRoute(req("/auth/sso/callback?" + callback.s…
       |                                                                                              ^
    1165|   expect(await db.expertAssignment.findUniqueOrThrow({ where: { id: f.…
    1166|   expect(await db.membership.findUniqueOrThrow({ where: { id: f.member…

⎯⎯⎯⎯⎯⎯⎯⎯⎯⎯⎯⎯⎯⎯⎯⎯⎯⎯⎯⎯⎯⎯[10/19]⎯

 FAIL  tests/server/sso.test.ts > P11 전문가 재초대: 활성 전문가 소속은 초대로 덮어쓰지 않는다
AssertionError: expected 401 to be 409 // Object.is equality

- Expected
+ Received

- 409
+ 401

 ❯ tests/server/sso.test.ts:1176:94
    1174|   await db.membership.update({ where: { id: f.member.id }, data: { sta…
    1175|   const callback = await f.begin();
    1176|   expect((await f.callbackRoute(req("/auth/sso/callback?" + callback.s…
       |                                                                                              ^
    1177|   expect(await db.expertAssignment.findUniqueOrThrow({ where: { id: f.…
    1178|   expect(await db.membership.findUniqueOrThrow({ where: { id: f.member…

⎯⎯⎯⎯⎯⎯⎯⎯⎯⎯⎯⎯⎯⎯⎯⎯⎯⎯⎯⎯⎯⎯[11/19]⎯

 FAIL  tests/server/sso.test.ts > P11 전문가 재초대: 동시 수락은 한 번만 배정 종료·직접 소속 전환
AssertionError: expected [ 401, 401 ] to deeply equal [ 302, 410 ]

- Expected
+ Received

  [
-   302,
-   410,
+   401,
+   401,
  ]

 ❯ tests/server/sso.test.ts:1184:61
    1182|   const f = await expertReinvitationFixture(), a = await f.begin(), b …
    1183|   const responses = await Promise.all([a, b].map(callback => f.callbac…
    1184|   expect(responses.map(response => response.status).sort()).toEqual([3…
       |                                                             ^
    1185|   expect(await db.expertAssignment.findUniqueOrThrow({ where: { id: f.…
    1186|   expect(await db.auditEvent.count({ where: { action: "invitation.acce…

⎯⎯⎯⎯⎯⎯⎯⎯⎯⎯⎯⎯⎯⎯⎯⎯⎯⎯⎯⎯⎯⎯[12/19]⎯


 Test Files  1 failed | 3 passed (4)
      Tests  19 failed | 203 passed (222)
   Start at  10:54:29
   Duration  108.77s (tests 98%, import 2%)

