Warning: Your Homebrew's prefix is not /opt/homebrew.

Some of Homebrew's bottles (binary packages) cannot be used with this prefix.

Consider uninstalling Homebrew and reinstalling into the default prefix.
Warning: The following taps are not trusted:
  manaflow-ai/cmux
  raybytes/chatmock
  supabase/tap
  yakitrak/yakitrak

Homebrew is currently ignoring formulae, casks and commands
from these taps because tap trust is required.
Prefer trusting only the specific formulae, casks or commands you need.
Trust installed formulae from these taps with:
  brew trust --formula supabase/tap/supabase
  brew trust --formula yakitrak/yakitrak/notesmd-cli
Trust other specific casks and commands with:
  brew trust --cask <user>/<tap>/<cask>
  brew trust --command <user>/<tap>/<command>
Whole-tap trust is broader and includes all current and future formulae,
casks and commands from the listed taps. Trust whole taps with:
  brew trust manaflow-ai/cmux raybytes/chatmock supabase/tap yakitrak/yakitrak
Untap them with:
  brew untap manaflow-ai/cmux raybytes/chatmock supabase/tap yakitrak/yakitrak
For more information, see:
  https://docs.brew.sh/Tap-Trust
==> Would install 1 formula:
clamav 1.5.4
==> Would install 5 dependencies for clamav:
libssh2
llhttp
libgit2
llvm@22
rust
==> Would upgrade 11 dependencies for clamav:
ca-certificates
openssl@3
pcre2
abseil
protobuf
protobuf-c
cmake
pkgconf
xz
readline
python@3.14
Warning: Building clamav from source as the bottle needs:
- `HOMEBREW_CELLAR=/opt/homebrew/Cellar` (yours is /Users/user01/homebrew/Cellar)
- `HOMEBREW_PREFIX=/opt/homebrew` (yours is /Users/user01/homebrew)
Your prefix `/Users/user01/homebrew` is 22 characters long, but this bottle can only be relocated to a prefix with a maximum length of 13 characters.
Warning: Building openssl@3 from source as the bottle needs:
- `HOMEBREW_CELLAR=/opt/homebrew/Cellar` (yours is /Users/user01/homebrew/Cellar)
- `HOMEBREW_PREFIX=/opt/homebrew` (yours is /Users/user01/homebrew)
Your prefix `/Users/user01/homebrew` is 22 characters long, but this bottle can only be relocated to a prefix with a maximum length of 13 characters.
==> Downloading https://raw.githubusercontent.com/Homebrew/homebrew-core/3a68ac0da05ebd71709b351c82a6353104945c4e/Formula/o/openssl@3.rb
Already downloaded: /Users/user01/Library/Caches/Homebrew/downloads/70d9d9e221a0cf3d6c2c5428ff9ac92c0e588d120107ec1a9a02d7a8a62983ae--openssl@3.rb
Warning: Building pkgconf from source as the bottle needs:
- `HOMEBREW_CELLAR=/opt/homebrew/Cellar` (yours is /Users/user01/homebrew/Cellar)
- `HOMEBREW_PREFIX=/opt/homebrew` (yours is /Users/user01/homebrew)
Your prefix `/Users/user01/homebrew` is 22 characters long, but this bottle can only be relocated to a prefix with a maximum length of 13 characters.
==> Downloading https://raw.githubusercontent.com/Homebrew/homebrew-core/3a68ac0da05ebd71709b351c82a6353104945c4e/Formula/p/pkgconf.rb
Already downloaded: /Users/user01/Library/Caches/Homebrew/downloads/1e1136b22cd4add3fbb16bd378dcb567315c6fa930ce7f79631d849734a6645d--pkgconf.rb
Warning: Building python@3.14 from source as the bottle needs:
- `HOMEBREW_CELLAR=/opt/homebrew/Cellar` (yours is /Users/user01/homebrew/Cellar)
- `HOMEBREW_PREFIX=/opt/homebrew` (yours is /Users/user01/homebrew)
Your prefix `/Users/user01/homebrew` is 22 characters long, but this bottle can only be relocated to a prefix with a maximum length of 13 characters.
==> Downloading https://raw.githubusercontent.com/Homebrew/homebrew-core/3a68ac0da05ebd71709b351c82a6353104945c4e/Formula/p/python@3.14.rb
Already downloaded: /Users/user01/Library/Caches/Homebrew/downloads/68b19f0cd1e85a6250ff74b7e2f4b8d88e3a6ed8f88cdf774b0e7dba66a850fc--python@3.14.rb
==> Downloading https://raw.githubusercontent.com/Homebrew/homebrew-core/3a68ac0da05ebd71709b351c82a6353104945c4e/Patches/python/3.13-sysconfig.diff
Warning: Cannot verify integrity of '6becb174fbb02dda1f484d011bb8ee77ba3abb95ac21c49dd1b72c2f86eef9ac--3.13-sysconfig.diff'.
No checksum was provided.
For your reference, the checksum is:
  sha256 "9f2eae1d08720b06ac3d9ef1999c09388b9db39dfb52687fc261ff820bff20c3"
Warning: Building llvm@22 from source as the bottle needs:
- `HOMEBREW_CELLAR=/opt/homebrew/Cellar` (yours is /Users/user01/homebrew/Cellar)
- `HOMEBREW_PREFIX=/opt/homebrew` (yours is /Users/user01/homebrew)
Your prefix `/Users/user01/homebrew` is 22 characters long, but this bottle can only be relocated to a prefix with a maximum length of 13 characters.
==> Downloading https://raw.githubusercontent.com/Homebrew/homebrew-core/3a68ac0da05ebd71709b351c82a6353104945c4e/Formula/l/llvm@22.rb
Already downloaded: /Users/user01/Library/Caches/Homebrew/downloads/179bd9df9eb40ea96b4e6e7cd385d6c0e995b960e99a1e286eb9d088dad4b709--llvm@22.rb
==> Fetching downloads for: clamav
✔︎ API Source clamav.rb
✔︎ Bottle Manifest ca-certificates (2026-09-25)
✔︎ Bottle ca-certificates (2026-09-25)
✔︎ API Source openssl@3.rb
✔︎ Formula openssl@3 (3.6.5)
✔︎ Bottle Manifest pcre2 (10.49)
✔︎ Bottle pcre2 (10.49)
✔︎ Bottle Manifest abseil (20260817.0)
✔︎ Bottle abseil (20260817.0)
✔︎ Bottle Manifest protobuf (36.2)
✔︎ Bottle protobuf (36.2)
✔︎ Bottle Manifest protobuf-c (1.5.2_20)
✔︎ Bottle protobuf-c (1.5.2_20)
✔︎ Bottle Manifest cmake (4.4.3)
✔︎ Bottle cmake (4.4.3)
✔︎ API Source pkgconf.rb
✔︎ Formula pkgconf (3.0.7)
✔︎ Bottle Manifest libssh2 (1.11.1_6)
✔︎ Bottle libssh2 (1.11.1_6)
✔︎ Bottle Manifest llhttp (9.4.3)
✔︎ Bottle llhttp (9.4.3)
✔︎ Bottle Manifest libgit2 (1.9.7)
✔︎ Bottle libgit2 (1.9.7)
✔︎ Bottle Manifest xz (5.8.4)
✔︎ Bottle xz (5.8.4)
✔︎ Bottle Manifest readline (8.3.6)
✔︎ Bottle readline (8.3.6)
✔︎ API Source python@3.14.rb
✔︎ Resource python@3.14--flit-core
✔︎ Resource python@3.14--packaging
✔︎ Resource python@3.14--pip
✔︎ Resource python@3.14--wheel
✔︎ Formula python@3.14 (3.14.8)
✔︎ API Source llvm@22.rb
✘ Patch 1381ad497b9a6d3da630cbef53cbfa9ddf117bb6...40a8c7c0ff3f688b690e4c74db734de67f0f89e9.diff
Error: Patch reports different checksum:    f6dafd762737eb79761ab7ef814a9fc802ec4bb8d20f46691f07178053b0eb36
✔︎ Patch 18c1cbce6874a7341f357014befb66d4c11a04a9.patch?full_index=1
✔︎ Patch 6e562169fd026e26124fe4e2e435d3a4c522ffe2.patch?full_index=1
✔︎ Patch b8007a8e4020b8bca2b12e941660e10bf5bf6716.patch?full_index=1
✔︎ Bottle Manifest rust (1.98.1)
✔︎ Formula clamav (1.5.4)
✔︎ Formula llvm@22 (22.1.8)
       SHA-256 checksum of downloaded file: fa40bc0afd60a1c3f635cb66fb42440ac38db1750f7365a7f28b9bb2b0837aa3
✔︎ Bottle rust (1.98.1)
Warning: A newer Command Line Tools release is available.
Update them from Software Update in System Settings.

If that doesn't show you any updates, run:
  sudo rm -rf /Library/Developer/CommandLineTools
  sudo xcode-select --install

Alternatively, manually download them from:
  https://developer.apple.com/download/all/.
You should download the Command Line Tools for Xcode 26.6.
==> Installing dependencies for clamav: cmake, pkgconf, libssh2, llhttp, libgit2, xz, readline, python@3.14, llvm@22 and rust
==> Upgrading clamav dependency: cmake
==> Pouring cmake--4.4.3.arm64_tahoe.bottle.tar.gz
🍺  /Users/user01/homebrew/Cellar/cmake/4.4.3: 4,159 files, 67.2MB
==> Upgrading clamav dependency: pkgconf
Warning: A newer Command Line Tools release is available.
Update them from Software Update in System Settings.

If that doesn't show you any updates, run:
  sudo rm -rf /Library/Developer/CommandLineTools
  sudo xcode-select --install

Alternatively, manually download them from:
  https://developer.apple.com/download/all/.
You should download the Command Line Tools for Xcode 26.6.
==> ./configure --disable-silent-rules --with-pkg-config-dir=/Users/user01/homeb
==> make
==> make install
🍺  /Users/user01/homebrew/Cellar/pkgconf/3.0.7: 35 files, 750.9KB, built in 15 seconds
==> Installing clamav dependency: libssh2
==> Installing dependencies for libssh2: ca-certificates and openssl@3
==> Upgrading libssh2 dependency: ca-certificates
==> Pouring ca-certificates--2026-09-25.all.bottle.tar.gz
🍺  /Users/user01/homebrew/Cellar/ca-certificates/2026-09-25: 5 files, 204.4KB
==> Upgrading libssh2 dependency: openssl@3
Warning: A newer Command Line Tools release is available.
Update them from Software Update in System Settings.

If that doesn't show you any updates, run:
  sudo rm -rf /Library/Developer/CommandLineTools
  sudo xcode-select --install

Alternatively, manually download them from:
  https://developer.apple.com/download/all/.
You should download the Command Line Tools for Xcode 26.6.
==> perl ./Configure --prefix=/Users/user01/homebrew/Cellar/openssl@3/3.6.5 --op
==> make
==> make install MANDIR=/Users/user01/homebrew/Cellar/openssl@3/3.6.5/share/man 
🍺  /Users/user01/homebrew/Cellar/openssl@3/3.6.5: 7,633 files, 37.8MB, built in 3 minutes 5 seconds
==> Installing libssh2
==> Pouring libssh2--1.11.1_6.arm64_tahoe.bottle.tar.gz
🍺  /Users/user01/homebrew/Cellar/libssh2/1.11.1_6: 201 files, 1.3MB
==> Installing clamav dependency: llhttp
==> Pouring llhttp--9.4.3.arm64_tahoe.bottle.tar.gz
🍺  /Users/user01/homebrew/Cellar/llhttp/9.4.3: 15 files, 147.8KB
==> Installing clamav dependency: libgit2
==> Pouring libgit2--1.9.7.arm64_tahoe.bottle.tar.gz
🍺  /Users/user01/homebrew/Cellar/libgit2/1.9.7: 109 files, 5.0MB
==> Upgrading clamav dependency: xz
==> Pouring xz--5.8.4.arm64_tahoe.bottle.tar.gz
🍺  /Users/user01/homebrew/Cellar/xz/5.8.4: 96 files, 2.7MB
==> Upgrading clamav dependency: readline
==> Pouring readline--8.3.6.arm64_tahoe.bottle.tar.gz
🍺  /Users/user01/homebrew/Cellar/readline/8.3.6: 56 files, 2.6MB
==> Upgrading clamav dependency: python@3.14
Warning: A newer Command Line Tools release is available.
Update them from Software Update in System Settings.

If that doesn't show you any updates, run:
  sudo rm -rf /Library/Developer/CommandLineTools
  sudo xcode-select --install

Alternatively, manually download them from:
  https://developer.apple.com/download/all/.
You should download the Command Line Tools for Xcode 26.6.
==> Patching
==> Applying python/3.13-sysconfig.diff
patching file 'Lib/sysconfig/__init__.py'
==> ./configure --enable-ipv6 --datarootdir=/Users/user01/homebrew/Cellar/python
==> make
==> make install PYTHONAPPSDIR=/Users/user01/homebrew/Cellar/python@3.14/3.14.8
==> make frameworkinstallextras PYTHONAPPSDIR=/Users/user01/homebrew/Cellar/pyth
==> /Users/user01/homebrew/Cellar/python@3.14/3.14.8/bin/python3.14 -m venv /pri
==> /private/tmp/s-qxbfYmEW/pythonA3.14-20261002-14344-voj7b0/Python-3.14.8/whl_
==> /private/tmp/s-qxbfYmEW/pythonA3.14-20261002-14344-voj7b0/Python-3.14.8/whl_
==> /private/tmp/s-qxbfYmEW/pythonA3.14-20261002-14344-voj7b0/Python-3.14.8/whl_
==> /private/tmp/s-qxbfYmEW/pythonA3.14-20261002-14344-voj7b0/Python-3.14.8/whl_
==> /Users/user01/homebrew/Cellar/python@3.14/3.14.8/bin/python3.14 -Im ensurepi
==> /Users/user01/homebrew/Cellar/python@3.14/3.14.8/bin/python3.14 -Im pip inst
🍺  /Users/user01/homebrew/Cellar/python@3.14/3.14.8: 9,788 files, 242.9MB, built in 5 minutes
==> Installing clamav dependency: llvm@22
Warning: A newer Command Line Tools release is available.
Update them from Software Update in System Settings.

If that doesn't show you any updates, run:
  sudo rm -rf /Library/Developer/CommandLineTools
  sudo xcode-select --install

Alternatively, manually download them from:
  https://developer.apple.com/download/all/.
You should download the Command Line Tools for Xcode 26.6.
==> Patching
==> Downloading https://github.com/llvm/llvm-project/compare/1381ad497b9a6d3da63
######################################################################### 100.0%
Error: clamav: An exception occurred within a child process:
  ChecksumMismatchError: SHA-256 mismatch
Expected: f6dafd762737eb79761ab7ef814a9fc802ec4bb8d20f46691f07178053b0eb36
  Actual: fa40bc0afd60a1c3f635cb66fb42440ac38db1750f7365a7f28b9bb2b0837aa3
    File: /Users/user01/Library/Caches/Homebrew/downloads/373708817c634b56c0b875aba22b6d707aa53a17bb24ea9850a44bf2e00907a5--1381ad497b9a6d3da630cbef53cbfa9ddf117bb6...40a8c7c0ff3f688b690e4c74db734de67f0f89e9.diff
To retry an incomplete download, remove the file above.


This is a Tier 3 configuration:
  https://docs.brew.sh/Support-Tiers#tier-3
You can report issues with Tier 3 configurations to Homebrew/* repositories!
  
Read the above document before opening any issues or PRs.
==> Caveats
Emacs Lisp files have been installed to:
  /Users/user01/homebrew/share/emacs/site-lisp/cmake
==> cmake
To install the CMake documentation, run:
  brew install cmake-docs
==> openssl@3
To add additional certificates, place .pem files in
  /Users/user01/homebrew/etc/openssl@3/certs

and run
  /Users/user01/homebrew/opt/openssl@3/bin/c_rehash

OpenSSL 3.6 is only supported until 2026-11-01 so the `openssl@3`
formula will be downgraded to OpenSSL 3.5 (LTS) in a future update.

The following openssl@3 executables are shadowed by other commands earlier in your PATH:
  c_rehash (shadowed by /opt/homebrew/bin/c_rehash)
  openssl (shadowed by /usr/bin/openssl)
Running these by name will not invoke the version provided by Homebrew.
Disable this behaviour by setting `HOMEBREW_NO_PATH_SHADOW_CHECK=1`.
Hide these hints with `HOMEBREW_NO_ENV_HINTS=1` (see `man brew`).
