Error: The following directories are not writable by your user:
/opt/homebrew
/opt/homebrew/Cellar
/opt/homebrew/Frameworks
/opt/homebrew/bin
/opt/homebrew/etc
/opt/homebrew/etc/bash_completion.d
/opt/homebrew/include
/opt/homebrew/lib
/opt/homebrew/lib/pkgconfig
/opt/homebrew/opt
/opt/homebrew/sbin
/opt/homebrew/share
/opt/homebrew/share/aclocal
/opt/homebrew/share/doc
/opt/homebrew/share/info
/opt/homebrew/share/locale
/opt/homebrew/share/man
/opt/homebrew/share/man/man1
/opt/homebrew/share/man/man3
/opt/homebrew/share/man/man5
/opt/homebrew/share/man/man7
/opt/homebrew/share/zsh
/opt/homebrew/share/zsh/site-functions
/opt/homebrew/var/homebrew/linked
/opt/homebrew/var/homebrew/locks

You should change the ownership of these directories to your user.
  sudo chown -R user01 /opt/homebrew /opt/homebrew/Cellar /opt/homebrew/Frameworks /opt/homebrew/bin /opt/homebrew/etc /opt/homebrew/etc/bash_completion.d /opt/homebrew/include /opt/homebrew/lib /opt/homebrew/lib/pkgconfig /opt/homebrew/opt /opt/homebrew/sbin /opt/homebrew/share /opt/homebrew/share/aclocal /opt/homebrew/share/doc /opt/homebrew/share/info /opt/homebrew/share/locale /opt/homebrew/share/man /opt/homebrew/share/man/man1 /opt/homebrew/share/man/man3 /opt/homebrew/share/man/man5 /opt/homebrew/share/man/man7 /opt/homebrew/share/zsh /opt/homebrew/share/zsh/site-functions /opt/homebrew/var/homebrew/linked /opt/homebrew/var/homebrew/locks

And make sure that your user has write permission.
  chmod u+w /opt/homebrew /opt/homebrew/Cellar /opt/homebrew/Frameworks /opt/homebrew/bin /opt/homebrew/etc /opt/homebrew/etc/bash_completion.d /opt/homebrew/include /opt/homebrew/lib /opt/homebrew/lib/pkgconfig /opt/homebrew/opt /opt/homebrew/sbin /opt/homebrew/share /opt/homebrew/share/aclocal /opt/homebrew/share/doc /opt/homebrew/share/info /opt/homebrew/share/locale /opt/homebrew/share/man /opt/homebrew/share/man/man1 /opt/homebrew/share/man/man3 /opt/homebrew/share/man/man5 /opt/homebrew/share/man/man7 /opt/homebrew/share/zsh /opt/homebrew/share/zsh/site-functions /opt/homebrew/var/homebrew/linked /opt/homebrew/var/homebrew/locks
