
> catchsecu-clone@0.1.0 test
> node --env-file=.env.test.local node_modules/vitest/vitest.mjs run tests/server/message-content.test.ts tests/server/campaigns.test.ts


 RUN  v5.0.3 /Users/user01/Desktop/캐쳐시큐/catchsecu-clone

(node:33212) DeprecationWarning: Calling client.query() when the client is already executing a query is deprecated and will be removed in pg@9.0. Use async/await or an external async flow control mechanism instead.
(Use `node --trace-deprecation ...` to show where the warning was created)
 ❯ tests/server/campaigns.test.ts (39 tests | 2 failed) 20766ms
   ❯ campaign attachment lifecycle (7)
     × real scanner, private download and actual local mail retain exact bytes and frozen metadata 604ms
     × actual elapsed campaign expiry deletes encrypted attachment bytes 4706ms

⎯⎯⎯⎯⎯⎯⎯ Failed Tests 2 ⎯⎯⎯⎯⎯⎯⎯

 FAIL  tests/server/campaigns.test.ts > campaign attachment lifecycle > real scanner, private download and actual local mail retain exact bytes and frozen metadata
AssertionError: {"error":{"code":"NOT_FOUND","message":"경로를 찾을 수 없습니다.","requestId":"0904928f-5cba-4eff-a2bf-883b0fdad28a"}}: expected 404 to be 200 // Object.is equality

- Expected
+ Received

- 200
+ 404

 ❯ ok tests/server/campaigns.test.ts:50:169

 ❯ tests/server/campaigns.test.ts:466:5

⎯⎯⎯⎯⎯⎯⎯⎯⎯⎯⎯⎯⎯⎯⎯⎯⎯⎯⎯⎯⎯⎯⎯⎯[1/2]⎯

 FAIL  tests/server/campaigns.test.ts > campaign attachment lifecycle > actual elapsed campaign expiry deletes encrypted attachment bytes
AssertionError: expected 'draft' to be 'expired' // Object.is equality

Expected: "expired"
Received: "draft"

 ❯ tests/server/campaigns.test.ts:517:63


⎯⎯⎯⎯⎯⎯⎯⎯⎯⎯⎯⎯⎯⎯⎯⎯⎯⎯⎯⎯⎯⎯⎯⎯[2/2]⎯


 Test Files  1 failed | 1 passed (2)
      Tests  2 failed | 43 passed (45)
   Start at  05:13:53
   Duration  22.50s (tests 93%, import 4%, transform 3%)

