
> catchsecu-clone@0.1.0 build
> next build

▲ Next.js 16.3.8 (Turbopack)
- Environments: .env.local
✓ Running next.config.ts took 30ms

  Creating an optimized production build ...
✓ Compiled successfully in 4.1s
  Running TypeScript ...
  Finished TypeScript in 6.2s ...
  Collecting page data using 7 workers ...
  Generating static pages using 7 workers (0/9) ...
  Generating static pages using 7 workers (2/9) 
  Generating static pages using 7 workers (4/9) 
  Generating static pages using 7 workers (6/9) 
✓ Generating static pages using 7 workers (9/9) in 147ms
  Finalizing page optimization ...

Route (app)
┌ ○ /_not-found
├ ƒ /[[...slug]]
├ ƒ /api/v1/auth/[...all]
├ ƒ /api/v1/companies
├ ƒ /api/v1/companies/[id]
├ ƒ /api/v1/context
├ ƒ /api/v1/health
├ ƒ /api/v1/me
├ ƒ /api/v1/me/sessions
├ ƒ /api/v1/me/sessions/[id]
├ ƒ /api/v1/services
└ ƒ /api/v1/services/[id]


○  (Static)   prerendered as static content
ƒ  (Dynamic)  server-rendered on demand

