
 RUN  v5.0.3 /Users/user01/Desktop/캐쳐시큐/catchsecu-clone

(node:6934) DeprecationWarning: Calling client.query() when the client is already executing a query is deprecated and will be removed in pg@9.0. Use async/await or an external async flow control mechanism instead.
(Use `node --trace-deprecation ...` to show where the warning was created)
 ❯ tests/server/sso.test.ts (113 tests | 3 failed | 107 skipped) 4963ms
   × P11 전문가 재초대: active 배정을 종료하고 초대된 직접 소속만 부여 1217ms
   × P11 전문가 재초대: expired 배정을 종료하고 초대된 직접 소속만 부여 1060ms
   × P11 전문가 재초대: 동시 수락은 한 번만 배정 종료·직접 소속 전환 591ms

⎯⎯⎯⎯⎯⎯⎯ Failed Tests 3 ⎯⎯⎯⎯⎯⎯⎯

 FAIL  tests/server/sso.test.ts > P11 전문가 재초대: active 배정을 종료하고 초대된 직접 소속만 부여
 FAIL  tests/server/sso.test.ts > P11 전문가 재초대: expired 배정을 종료하고 초대된 직접 소속만 부여
AssertionError: expected { …(10) } to match object { status: 'revoked', version: 2 }
(8 matching properties omitted from actual)

- Expected
+ Received

  {
-   "status": "revoked",
-   "version": 2,
+   "status": "active",
+   "version": 1,
  }

 ❯ tests/server/sso.test.ts:1136:22
    1134|   expect(response.status).toBe(302);
    1135|   const assignment = await db.expertAssignment.findUniqueOrThrow({ whe…
    1136|   expect(assignment).toMatchObject({ status: "revoked", version: state…
       |                      ^
    1137|   expect(assignment.revokedAt).not.toBeNull();
    1138|   if (state === "revoked") expect(assignment.revokedAt).toEqual(f.assi…

⎯⎯⎯⎯⎯⎯⎯⎯⎯⎯⎯⎯⎯⎯⎯⎯⎯⎯⎯⎯⎯⎯⎯⎯[1/3]⎯

 FAIL  tests/server/sso.test.ts > P11 전문가 재초대: 동시 수락은 한 번만 배정 종료·직접 소속 전환
AssertionError: expected { …(10) } to match object { status: 'revoked', version: 2 }
(8 matching properties omitted from actual)

- Expected
+ Received

  {
-   "status": "revoked",
-   "version": 2,
+   "status": "active",
+   "version": 1,
  }

 ❯ tests/server/sso.test.ts:1175:91
    1173|   const responses = await Promise.all([a, b].map(callback => f.callbac…
    1174|   expect(responses.map(response => response.status).sort()).toEqual([3…
    1175|   expect(await db.expertAssignment.findUniqueOrThrow({ where: { id: f.…
       |                                                                                           ^
    1176|   expect(await db.auditEvent.count({ where: { action: "invitation.acce…
    1177|   expect(await db.session.count({ where: { userId: f.recipient.id } })…

⎯⎯⎯⎯⎯⎯⎯⎯⎯⎯⎯⎯⎯⎯⎯⎯⎯⎯⎯⎯⎯⎯⎯⎯[2/3]⎯


 Test Files  1 failed (1)
      Tests  3 failed | 3 passed | 107 skipped (113)
   Start at  09:31:50
   Duration  7.07s (tests 72%, import 15%, transform 13%)

