
 RUN  v5.0.3 /Users/user01/Desktop/캐쳐시큐/catchsecu-clone

 ❯ tests/server/sso.test.ts (113 tests | 6 failed | 107 skipped) 9300ms
   × P11 전문가 재초대: active 배정을 종료하고 초대된 직접 소속만 부여 2308ms
   × P11 전문가 재초대: expired 배정을 종료하고 초대된 직접 소속만 부여 969ms
   × P11 전문가 재초대: revoked 배정을 종료하고 초대된 직접 소속만 부여 1069ms
   × P11 전문가 재초대: 감사 실패 시 배정·소속·권한·수락을 모두 롤백 1523ms
   × P11 전문가 재초대: 활성 전문가 소속은 초대로 덮어쓰지 않는다 1866ms
   × P11 전문가 재초대: 동시 수락은 한 번만 배정 종료·직접 소속 전환 1557ms

⎯⎯⎯⎯⎯⎯⎯ Failed Tests 6 ⎯⎯⎯⎯⎯⎯⎯

 FAIL  tests/server/sso.test.ts > P11 전문가 재초대: active 배정을 종료하고 초대된 직접 소속만 부여
PrismaClientValidationError: 
Invalid `db.expertAssignment.create()` invocation in
/Users/user01/Desktop/캐쳐시큐/catchsecu-clone/tests/server/sso.test.ts:1120:48

  1117 const user = await db.user.create({ data: { email: f.invitation.email, name: "재초대 전문가", emailVerified: true } });
  1118 await db.account.create({ data: { userId: user.id, providerId: "sso:" + f.provider.id, accountId: idp.issuer + "|idp-sub-1" } });
  1119 const oldService = await db.service.create({ data: { tenantId: f.company.id, name: "이전 전문가 범위", externalName: "이전 전문가 범위" } });
→ 1120 const assignment = await db.expertAssignment.create({
         data: {
           tenantId: "5ed23a93-c731-4740-8e37-8b5ddd6fb191",
           expertUserId: "547a6e41-1655-4c11-b9f3-5f66e40b2df2",
           assignedById: "f7ffed56-4e08-49a4-8260-88b7d6e5abab",
           status: "active",
           revokedAt: null,
           createdAt: new Date("2026-10-05T23:31:36.314Z"),
           expiresAt: new Date("2026-10-06T01:31:36.314Z"),
           services: {
             create: {
               tenantId: "5ed23a93-c731-4740-8e37-8b5ddd6fb191",
               ~~~~~~~~
               serviceId: "b101ade2-02a4-4e10-acac-9ebd4fdd72b7",
       ?       id?: String
             }
           }
         }
       })

Unknown argument `tenantId`. Available options are marked with ?.
 ❯ Fr node_modules/@prisma/client/src/runtime/core/errorRendering/throwValidationException.ts:46:9
 ❯ throwValidationException node_modules/@prisma/client/src/runtime/RequestHandler.ts:212:7
 ❯ vn.handleAndLogRequestError node_modules/@prisma/client/src/runtime/RequestHandler.ts:184:12
 ❯ vn.request node_modules/@prisma/client/src/runtime/RequestHandler.ts:153:12
 ❯ a node_modules/@prisma/client/src/runtime/getPrismaClient.ts:1014:24
 ❯ expertReinvitationFixture tests/server/sso.test.ts:1120:22
    1118|   await db.account.create({ data: { userId: user.id, providerId: "sso:…
    1119|   const oldService = await db.service.create({ data: { tenantId: f.com…
    1120|   const assignment = await db.expertAssignment.create({ data: { tenant…
       |                      ^
    1121|     status: state === "revoked" ? "revoked" : "active", revokedAt: sta…
    1122|     createdAt: new Date(Date.now() - 3600000), expiresAt: new Date(Dat…
 ❯ tests/server/sso.test.ts:1132:13

⎯⎯⎯⎯⎯⎯⎯⎯⎯⎯⎯⎯⎯⎯⎯⎯⎯⎯⎯⎯⎯⎯⎯⎯[1/6]⎯

 FAIL  tests/server/sso.test.ts > P11 전문가 재초대: expired 배정을 종료하고 초대된 직접 소속만 부여
PrismaClientValidationError: 
Invalid `db.expertAssignment.create()` invocation in
/Users/user01/Desktop/캐쳐시큐/catchsecu-clone/tests/server/sso.test.ts:1120:48

  1117 const user = await db.user.create({ data: { email: f.invitation.email, name: "재초대 전문가", emailVerified: true } });
  1118 await db.account.create({ data: { userId: user.id, providerId: "sso:" + f.provider.id, accountId: idp.issuer + "|idp-sub-1" } });
  1119 const oldService = await db.service.create({ data: { tenantId: f.company.id, name: "이전 전문가 범위", externalName: "이전 전문가 범위" } });
→ 1120 const assignment = await db.expertAssignment.create({
         data: {
           tenantId: "6a720f04-d85c-418c-923c-c514e2d2ac01",
           expertUserId: "ea35e2cb-1d8c-46d9-85f7-b68f68ee0010",
           assignedById: "b689f9c1-dd10-4948-b396-35a20e05f94f",
           status: "active",
           revokedAt: null,
           createdAt: new Date("2026-10-05T23:31:37.296Z"),
           expiresAt: new Date("2026-10-06T00:30:37.296Z"),
           services: {
             create: {
               tenantId: "6a720f04-d85c-418c-923c-c514e2d2ac01",
               ~~~~~~~~
               serviceId: "979139b9-c30d-4df2-959f-e3f7522a1bb5",
       ?       id?: String
             }
           }
         }
       })

Unknown argument `tenantId`. Available options are marked with ?.
 ❯ Fr node_modules/@prisma/client/src/runtime/core/errorRendering/throwValidationException.ts:46:9
 ❯ throwValidationException node_modules/@prisma/client/src/runtime/RequestHandler.ts:212:7
 ❯ vn.handleAndLogRequestError node_modules/@prisma/client/src/runtime/RequestHandler.ts:184:12
 ❯ vn.request node_modules/@prisma/client/src/runtime/RequestHandler.ts:153:12
 ❯ a node_modules/@prisma/client/src/runtime/getPrismaClient.ts:1014:24
 ❯ expertReinvitationFixture tests/server/sso.test.ts:1120:22
    1118|   await db.account.create({ data: { userId: user.id, providerId: "sso:…
    1119|   const oldService = await db.service.create({ data: { tenantId: f.com…
    1120|   const assignment = await db.expertAssignment.create({ data: { tenant…
       |                      ^
    1121|     status: state === "revoked" ? "revoked" : "active", revokedAt: sta…
    1122|     createdAt: new Date(Date.now() - 3600000), expiresAt: new Date(Dat…
 ❯ tests/server/sso.test.ts:1132:13

⎯⎯⎯⎯⎯⎯⎯⎯⎯⎯⎯⎯⎯⎯⎯⎯⎯⎯⎯⎯⎯⎯⎯⎯[2/6]⎯

 FAIL  tests/server/sso.test.ts > P11 전문가 재초대: revoked 배정을 종료하고 초대된 직접 소속만 부여
PrismaClientValidationError: 
Invalid `db.expertAssignment.create()` invocation in
/Users/user01/Desktop/캐쳐시큐/catchsecu-clone/tests/server/sso.test.ts:1120:48

  1117 const user = await db.user.create({ data: { email: f.invitation.email, name: "재초대 전문가", emailVerified: true } });
  1118 await db.account.create({ data: { userId: user.id, providerId: "sso:" + f.provider.id, accountId: idp.issuer + "|idp-sub-1" } });
  1119 const oldService = await db.service.create({ data: { tenantId: f.company.id, name: "이전 전문가 범위", externalName: "이전 전문가 범위" } });
→ 1120 const assignment = await db.expertAssignment.create({
         data: {
           tenantId: "278c3eea-0d23-4514-9ee7-7275687b7037",
           expertUserId: "2857d583-3c2c-4e10-9f44-40014e04abd0",
           assignedById: "4835f20c-88b3-48f7-8984-4987dab8811e",
           status: "revoked",
           revokedAt: new Date("2026-10-06T00:31:38.363Z"),
           createdAt: new Date("2026-10-05T23:31:38.363Z"),
           expiresAt: new Date("2026-10-06T01:31:38.363Z"),
           services: {
             create: {
               tenantId: "278c3eea-0d23-4514-9ee7-7275687b7037",
               ~~~~~~~~
               serviceId: "8c88f37a-065a-4375-af3b-4e8fdc0deb25",
       ?       id?: String
             }
           }
         }
       })

Unknown argument `tenantId`. Available options are marked with ?.
 ❯ Fr node_modules/@prisma/client/src/runtime/core/errorRendering/throwValidationException.ts:46:9
 ❯ throwValidationException node_modules/@prisma/client/src/runtime/RequestHandler.ts:212:7
 ❯ vn.handleAndLogRequestError node_modules/@prisma/client/src/runtime/RequestHandler.ts:184:12
 ❯ vn.request node_modules/@prisma/client/src/runtime/RequestHandler.ts:153:12
 ❯ a node_modules/@prisma/client/src/runtime/getPrismaClient.ts:1014:24
 ❯ expertReinvitationFixture tests/server/sso.test.ts:1120:22
    1118|   await db.account.create({ data: { userId: user.id, providerId: "sso:…
    1119|   const oldService = await db.service.create({ data: { tenantId: f.com…
    1120|   const assignment = await db.expertAssignment.create({ data: { tenant…
       |                      ^
    1121|     status: state === "revoked" ? "revoked" : "active", revokedAt: sta…
    1122|     createdAt: new Date(Date.now() - 3600000), expiresAt: new Date(Dat…
 ❯ tests/server/sso.test.ts:1132:13

⎯⎯⎯⎯⎯⎯⎯⎯⎯⎯⎯⎯⎯⎯⎯⎯⎯⎯⎯⎯⎯⎯⎯⎯[3/6]⎯

 FAIL  tests/server/sso.test.ts > P11 전문가 재초대: 감사 실패 시 배정·소속·권한·수락을 모두 롤백
PrismaClientValidationError: 
Invalid `db.expertAssignment.create()` invocation in
/Users/user01/Desktop/캐쳐시큐/catchsecu-clone/tests/server/sso.test.ts:1120:48

  1117 const user = await db.user.create({ data: { email: f.invitation.email, name: "재초대 전문가", emailVerified: true } });
  1118 await db.account.create({ data: { userId: user.id, providerId: "sso:" + f.provider.id, accountId: idp.issuer + "|idp-sub-1" } });
  1119 const oldService = await db.service.create({ data: { tenantId: f.company.id, name: "이전 전문가 범위", externalName: "이전 전문가 범위" } });
→ 1120 const assignment = await db.expertAssignment.create({
         data: {
           tenantId: "4ea54493-a224-4aef-828f-a95376f89acb",
           expertUserId: "53b4b2f4-bade-41f7-88d7-604b5cbdf4ef",
           assignedById: "bfedfd7d-e3c8-42f6-94a0-a6ade2086b1a",
           status: "active",
           revokedAt: null,
           createdAt: new Date("2026-10-05T23:31:39.887Z"),
           expiresAt: new Date("2026-10-06T01:31:39.887Z"),
           services: {
             create: {
               tenantId: "4ea54493-a224-4aef-828f-a95376f89acb",
               ~~~~~~~~
               serviceId: "ac82ea7f-f22f-480f-aed2-ea3c8ed4a28a",
       ?       id?: String
             }
           }
         }
       })

Unknown argument `tenantId`. Available options are marked with ?.
 ❯ Fr node_modules/@prisma/client/src/runtime/core/errorRendering/throwValidationException.ts:46:9
 ❯ throwValidationException node_modules/@prisma/client/src/runtime/RequestHandler.ts:212:7
 ❯ vn.handleAndLogRequestError node_modules/@prisma/client/src/runtime/RequestHandler.ts:184:12
 ❯ vn.request node_modules/@prisma/client/src/runtime/RequestHandler.ts:153:12
 ❯ a node_modules/@prisma/client/src/runtime/getPrismaClient.ts:1014:24
 ❯ expertReinvitationFixture tests/server/sso.test.ts:1120:22
    1118|   await db.account.create({ data: { userId: user.id, providerId: "sso:…
    1119|   const oldService = await db.service.create({ data: { tenantId: f.com…
    1120|   const assignment = await db.expertAssignment.create({ data: { tenant…
       |                      ^
    1121|     status: state === "revoked" ? "revoked" : "active", revokedAt: sta…
    1122|     createdAt: new Date(Date.now() - 3600000), expiresAt: new Date(Dat…
 ❯ tests/server/sso.test.ts:1152:13

⎯⎯⎯⎯⎯⎯⎯⎯⎯⎯⎯⎯⎯⎯⎯⎯⎯⎯⎯⎯⎯⎯⎯⎯[4/6]⎯

 FAIL  tests/server/sso.test.ts > P11 전문가 재초대: 활성 전문가 소속은 초대로 덮어쓰지 않는다
PrismaClientValidationError: 
Invalid `db.expertAssignment.create()` invocation in
/Users/user01/Desktop/캐쳐시큐/catchsecu-clone/tests/server/sso.test.ts:1120:48

  1117 const user = await db.user.create({ data: { email: f.invitation.email, name: "재초대 전문가", emailVerified: true } });
  1118 await db.account.create({ data: { userId: user.id, providerId: "sso:" + f.provider.id, accountId: idp.issuer + "|idp-sub-1" } });
  1119 const oldService = await db.service.create({ data: { tenantId: f.company.id, name: "이전 전문가 범위", externalName: "이전 전문가 범위" } });
→ 1120 const assignment = await db.expertAssignment.create({
         data: {
           tenantId: "b7e9d344-54a9-418f-9868-6e4ad77ccd30",
           expertUserId: "840ccb5f-a210-47c4-a133-368d44778589",
           assignedById: "895e7d8a-716a-4da7-a98a-dc38f07cfdcd",
           status: "active",
           revokedAt: null,
           createdAt: new Date("2026-10-05T23:31:41.754Z"),
           expiresAt: new Date("2026-10-06T01:31:41.754Z"),
           services: {
             create: {
               tenantId: "b7e9d344-54a9-418f-9868-6e4ad77ccd30",
               ~~~~~~~~
               serviceId: "02749346-f3a1-47a9-bf95-ea3bfd1e4b5f",
       ?       id?: String
             }
           }
         }
       })

Unknown argument `tenantId`. Available options are marked with ?.
 ❯ Fr node_modules/@prisma/client/src/runtime/core/errorRendering/throwValidationException.ts:46:9
 ❯ throwValidationException node_modules/@prisma/client/src/runtime/RequestHandler.ts:212:7
 ❯ vn.handleAndLogRequestError node_modules/@prisma/client/src/runtime/RequestHandler.ts:184:12
 ❯ vn.request node_modules/@prisma/client/src/runtime/RequestHandler.ts:153:12
 ❯ a node_modules/@prisma/client/src/runtime/getPrismaClient.ts:1014:24
 ❯ expertReinvitationFixture tests/server/sso.test.ts:1120:22
    1118|   await db.account.create({ data: { userId: user.id, providerId: "sso:…
    1119|   const oldService = await db.service.create({ data: { tenantId: f.com…
    1120|   const assignment = await db.expertAssignment.create({ data: { tenant…
       |                      ^
    1121|     status: state === "revoked" ? "revoked" : "active", revokedAt: sta…
    1122|     createdAt: new Date(Date.now() - 3600000), expiresAt: new Date(Dat…
 ❯ tests/server/sso.test.ts:1163:13

⎯⎯⎯⎯⎯⎯⎯⎯⎯⎯⎯⎯⎯⎯⎯⎯⎯⎯⎯⎯⎯⎯⎯⎯[5/6]⎯

 FAIL  tests/server/sso.test.ts > P11 전문가 재초대: 동시 수락은 한 번만 배정 종료·직접 소속 전환
PrismaClientValidationError: 
Invalid `db.expertAssignment.create()` invocation in
/Users/user01/Desktop/캐쳐시큐/catchsecu-clone/tests/server/sso.test.ts:1120:48

  1117 const user = await db.user.create({ data: { email: f.invitation.email, name: "재초대 전문가", emailVerified: true } });
  1118 await db.account.create({ data: { userId: user.id, providerId: "sso:" + f.provider.id, accountId: idp.issuer + "|idp-sub-1" } });
  1119 const oldService = await db.service.create({ data: { tenantId: f.company.id, name: "이전 전문가 범위", externalName: "이전 전문가 범위" } });
→ 1120 const assignment = await db.expertAssignment.create({
         data: {
           tenantId: "9b87e266-f20c-4866-bacd-f7f6fce2a6bd",
           expertUserId: "ef317996-4122-4502-9d53-de372e75a924",
           assignedById: "18042614-26a2-47f2-a3e4-b27887616968",
           status: "active",
           revokedAt: null,
           createdAt: new Date("2026-10-05T23:31:43.312Z"),
           expiresAt: new Date("2026-10-06T01:31:43.312Z"),
           services: {
             create: {
               tenantId: "9b87e266-f20c-4866-bacd-f7f6fce2a6bd",
               ~~~~~~~~
               serviceId: "ecad4c13-873d-4775-bb3b-f5e72ab2dcb6",
       ?       id?: String
             }
           }
         }
       })

Unknown argument `tenantId`. Available options are marked with ?.
 ❯ Fr node_modules/@prisma/client/src/runtime/core/errorRendering/throwValidationException.ts:46:9
 ❯ throwValidationException node_modules/@prisma/client/src/runtime/RequestHandler.ts:212:7
 ❯ vn.handleAndLogRequestError node_modules/@prisma/client/src/runtime/RequestHandler.ts:184:12
 ❯ vn.request node_modules/@prisma/client/src/runtime/RequestHandler.ts:153:12
 ❯ a node_modules/@prisma/client/src/runtime/getPrismaClient.ts:1014:24
 ❯ expertReinvitationFixture tests/server/sso.test.ts:1120:22
    1118|   await db.account.create({ data: { userId: user.id, providerId: "sso:…
    1119|   const oldService = await db.service.create({ data: { tenantId: f.com…
    1120|   const assignment = await db.expertAssignment.create({ data: { tenant…
       |                      ^
    1121|     status: state === "revoked" ? "revoked" : "active", revokedAt: sta…
    1122|     createdAt: new Date(Date.now() - 3600000), expiresAt: new Date(Dat…
 ❯ tests/server/sso.test.ts:1172:13

⎯⎯⎯⎯⎯⎯⎯⎯⎯⎯⎯⎯⎯⎯⎯⎯⎯⎯⎯⎯⎯⎯⎯⎯[6/6]⎯


 Test Files  1 failed (1)
      Tests  6 failed | 107 skipped (113)
   Start at  09:31:32
   Duration  11.23s (tests 85%, import 9%, transform 6%)

